Archive member included to satisfy reference by file (symbol)

c:/st/stm32cubeide_1.11.0/stm32cubeide/plugins/com.st.stm32cube.ide.mcu.externaltools.gnu-tools-for-stm32.10.3-2021.10.win32_1.0.100.202210260954/tools/bin/../lib/gcc/arm-none-eabi/10.3.1/../../../../arm-none-eabi/lib/thumb/v7e-m+fp/hard\libstdc++_nano.a(new_op.o)
                              ./Core/Src/app_motion.o (operator new(unsigned int))
c:/st/stm32cubeide_1.11.0/stm32cubeide/plugins/com.st.stm32cube.ide.mcu.externaltools.gnu-tools-for-stm32.10.3-2021.10.win32_1.0.100.202210260954/tools/bin/../lib/gcc/arm-none-eabi/10.3.1/../../../../arm-none-eabi/lib/thumb/v7e-m+fp/hard\libstdc++_nano.a(new_handler.o)
                              c:/st/stm32cubeide_1.11.0/stm32cubeide/plugins/com.st.stm32cube.ide.mcu.externaltools.gnu-tools-for-stm32.10.3-2021.10.win32_1.0.100.202210260954/tools/bin/../lib/gcc/arm-none-eabi/10.3.1/../../../../arm-none-eabi/lib/thumb/v7e-m+fp/hard\libstdc++_nano.a(new_op.o) (std::get_new_handler())
c:/st/stm32cubeide_1.11.0/stm32cubeide/plugins/com.st.stm32cube.ide.mcu.externaltools.gnu-tools-for-stm32.10.3-2021.10.win32_1.0.100.202210260954/tools/bin/../lib/gcc/arm-none-eabi/10.3.1/../../../../arm-none-eabi/lib/thumb/v7e-m+fp/hard\libm.a(lib_a-sf_round.o)
                              ./Core/Src/app_main.o (roundf)
c:/st/stm32cubeide_1.11.0/stm32cubeide/plugins/com.st.stm32cube.ide.mcu.externaltools.gnu-tools-for-stm32.10.3-2021.10.win32_1.0.100.202210260954/tools/bin/../lib/gcc/arm-none-eabi/10.3.1/../../../../arm-none-eabi/lib/thumb/v7e-m+fp/hard\libm.a(lib_a-w_atan2.o)
                              ./Core/Src/app_main.o (atan2)
c:/st/stm32cubeide_1.11.0/stm32cubeide/plugins/com.st.stm32cube.ide.mcu.externaltools.gnu-tools-for-stm32.10.3-2021.10.win32_1.0.100.202210260954/tools/bin/../lib/gcc/arm-none-eabi/10.3.1/../../../../arm-none-eabi/lib/thumb/v7e-m+fp/hard\libm.a(lib_a-w_pow.o)
                              ./Core/Src/app_main.o (pow)
c:/st/stm32cubeide_1.11.0/stm32cubeide/plugins/com.st.stm32cube.ide.mcu.externaltools.gnu-tools-for-stm32.10.3-2021.10.win32_1.0.100.202210260954/tools/bin/../lib/gcc/arm-none-eabi/10.3.1/../../../../arm-none-eabi/lib/thumb/v7e-m+fp/hard\libm.a(lib_a-w_sqrt.o)
                              ./Core/ICM20948_lib/ICM20948.o (sqrt)
c:/st/stm32cubeide_1.11.0/stm32cubeide/plugins/com.st.stm32cube.ide.mcu.externaltools.gnu-tools-for-stm32.10.3-2021.10.win32_1.0.100.202210260954/tools/bin/../lib/gcc/arm-none-eabi/10.3.1/../../../../arm-none-eabi/lib/thumb/v7e-m+fp/hard\libm.a(lib_a-e_atan2.o)
                              c:/st/stm32cubeide_1.11.0/stm32cubeide/plugins/com.st.stm32cube.ide.mcu.externaltools.gnu-tools-for-stm32.10.3-2021.10.win32_1.0.100.202210260954/tools/bin/../lib/gcc/arm-none-eabi/10.3.1/../../../../arm-none-eabi/lib/thumb/v7e-m+fp/hard\libm.a(lib_a-w_atan2.o) (__ieee754_atan2)
c:/st/stm32cubeide_1.11.0/stm32cubeide/plugins/com.st.stm32cube.ide.mcu.externaltools.gnu-tools-for-stm32.10.3-2021.10.win32_1.0.100.202210260954/tools/bin/../lib/gcc/arm-none-eabi/10.3.1/../../../../arm-none-eabi/lib/thumb/v7e-m+fp/hard\libm.a(lib_a-e_pow.o)
                              c:/st/stm32cubeide_1.11.0/stm32cubeide/plugins/com.st.stm32cube.ide.mcu.externaltools.gnu-tools-for-stm32.10.3-2021.10.win32_1.0.100.202210260954/tools/bin/../lib/gcc/arm-none-eabi/10.3.1/../../../../arm-none-eabi/lib/thumb/v7e-m+fp/hard\libm.a(lib_a-w_pow.o) (__ieee754_pow)
c:/st/stm32cubeide_1.11.0/stm32cubeide/plugins/com.st.stm32cube.ide.mcu.externaltools.gnu-tools-for-stm32.10.3-2021.10.win32_1.0.100.202210260954/tools/bin/../lib/gcc/arm-none-eabi/10.3.1/../../../../arm-none-eabi/lib/thumb/v7e-m+fp/hard\libm.a(lib_a-e_sqrt.o)
                              c:/st/stm32cubeide_1.11.0/stm32cubeide/plugins/com.st.stm32cube.ide.mcu.externaltools.gnu-tools-for-stm32.10.3-2021.10.win32_1.0.100.202210260954/tools/bin/../lib/gcc/arm-none-eabi/10.3.1/../../../../arm-none-eabi/lib/thumb/v7e-m+fp/hard\libm.a(lib_a-w_sqrt.o) (__ieee754_sqrt)
c:/st/stm32cubeide_1.11.0/stm32cubeide/plugins/com.st.stm32cube.ide.mcu.externaltools.gnu-tools-for-stm32.10.3-2021.10.win32_1.0.100.202210260954/tools/bin/../lib/gcc/arm-none-eabi/10.3.1/../../../../arm-none-eabi/lib/thumb/v7e-m+fp/hard\libm.a(lib_a-math_err.o)
                              c:/st/stm32cubeide_1.11.0/stm32cubeide/plugins/com.st.stm32cube.ide.mcu.externaltools.gnu-tools-for-stm32.10.3-2021.10.win32_1.0.100.202210260954/tools/bin/../lib/gcc/arm-none-eabi/10.3.1/../../../../arm-none-eabi/lib/thumb/v7e-m+fp/hard\libm.a(lib_a-e_pow.o) (__math_uflow)
c:/st/stm32cubeide_1.11.0/stm32cubeide/plugins/com.st.stm32cube.ide.mcu.externaltools.gnu-tools-for-stm32.10.3-2021.10.win32_1.0.100.202210260954/tools/bin/../lib/gcc/arm-none-eabi/10.3.1/../../../../arm-none-eabi/lib/thumb/v7e-m+fp/hard\libm.a(lib_a-s_atan.o)
[...]
Memory Configuration

Name             Origin             Length             Attributes
CCMRAM           0x0000000010000000 0x0000000000010000 xrw
RAM              0x0000000020000000 0x0000000000020000 xrw
FLASH            0x0000000008000000 0x0000000000080000 xr
*default*        0x0000000000000000 0xffffffffffffffff

Linker script and memory map

LOAD c:/st/stm32cubeide_1.11.0/stm32cubeide/plugins/com.st.stm32cube.ide.mcu.externaltools.gnu-tools-for-stm32.10.3-2021.10.win32_1.0.100.202210260954/tools/bin/../lib/gcc/arm-none-eabi/10.3.1/thumb/v7e-m+fp/hard/crti.o
LOAD c:/st/stm32cubeide_1.11.0/stm32cubeide/plugins/com.st.stm32cube.ide.mcu.externaltools.gnu-tools-for-stm32.10.3-2021.10.win32_1.0.100.202210260954/tools/bin/../lib/gcc/arm-none-eabi/10.3.1/thumb/v7e-m+fp/hard/crtbegin.o
LOAD c:/st/stm32cubeide_1.11.0/stm32cubeide/plugins/com.st.stm32cube.ide.mcu.externaltools.gnu-tools-for-stm32.10.3-2021.10.win32_1.0.100.202210260954/tools/bin/../lib/gcc/arm-none-eabi/10.3.1/../../../../arm-none-eabi/lib/thumb/v7e-m+fp/hard/crt0.o
LOAD ./Core/ICM20948_lib/ICM20948.o
LOAD ./Core/OLED_lib/oled.o
LOAD ./Core/Src/app_display.o
LOAD ./Core/Src/app_main.o
LOAD ./Core/Src/app_motion.o
LOAD ./Core/Src/app_parser.o
LOAD ./Core/Src/freertos.o
LOAD ./Core/Src/main.o
LOAD ./Core/Src/pid.o
LOAD ./Core/Src/stm32f4xx_hal_msp.o
LOAD ./Core/Src/stm32f4xx_hal_timebase_tim.o
LOAD ./Core/Src/stm32f4xx_it.o
LOAD ./Core/Src/syscalls.o
LOAD ./Core/Src/sysmem.o
LOAD ./Core/Src/system_stm32f4xx.o
LOAD ./Core/Startup/startup_stm32f407vetx.o
LOAD ./Core/ThreadSafe/newlib_lock_glue.o
LOAD ./Drivers/STM32F4xx_HAL_Driver/Src/stm32f4xx_hal.o
LOAD ./Drivers/STM32F4xx_HAL_Driver/Src/stm32f4xx_hal_adc.o
LOAD ./Drivers/STM32F4xx_HAL_Driver/Src/stm32f4xx_hal_adc_ex.o
LOAD ./Drivers/STM32F4xx_HAL_Driver/Src/stm32f4xx_hal_cortex.o
LOAD ./Drivers/STM32F4xx_HAL_Driver/Src/stm32f4xx_hal_dma.o
LOAD ./Drivers/STM32F4xx_HAL_Driver/Src/stm32f4xx_hal_dma_ex.o
LOAD ./Drivers/STM32F4xx_HAL_Driver/Src/stm32f4xx_hal_exti.o
LOAD ./Drivers/STM32F4xx_HAL_Driver/Src/stm32f4xx_hal_flash.o
LOAD ./Drivers/STM32F4xx_HAL_Driver/Src/stm32f4xx_hal_flash_ex.o
LOAD ./Drivers/STM32F4xx_HAL_Driver/Src/stm32f4xx_hal_flash_ramfunc.o
LOAD ./Drivers/STM32F4xx_HAL_Driver/Src/stm32f4xx_hal_gpio.o
LOAD ./Drivers/STM32F4xx_HAL_Driver/Src/stm32f4xx_hal_i2c.o
LOAD ./Drivers/STM32F4xx_HAL_Driver/Src/stm32f4xx_hal_i2c_ex.o
LOAD ./Drivers/STM32F4xx_HAL_Driver/Src/stm32f4xx_hal_pwr.o
LOAD ./Drivers/STM32F4xx_HAL_Driver/Src/stm32f4xx_hal_pwr_ex.o
LOAD ./Drivers/STM32F4xx_HAL_Driver/Src/stm32f4xx_hal_rcc.o
LOAD ./Drivers/STM32F4xx_HAL_Driver/Src/stm32f4xx_hal_rcc_ex.o
LOAD ./Drivers/STM32F4xx_HAL_Driver/Src/stm32f4xx_hal_tim.o
LOAD ./Drivers/STM32F4xx_HAL_Driver/Src/stm32f4xx_hal_tim_ex.o
LOAD ./Drivers/STM32F4xx_HAL_Driver/Src/stm32f4xx_hal_uart.o
LOAD ./Drivers/STM32F4xx_HAL_Driver/Src/stm32f4xx_ll_adc.o
LOAD ./Middlewares/Third_Party/FreeRTOS/Source/CMSIS_RTOS_V2/cmsis_os2.o
LOAD ./Middlewares/Third_Party/FreeRTOS/Source/croutine.o
LOAD ./Middlewares/Third_Party/FreeRTOS/Source/event_groups.o
LOAD ./Middlewares/Third_Party/FreeRTOS/Source/list.o
LOAD ./Middlewares/Third_Party/FreeRTOS/Source/queue.o
LOAD ./Middlewares/Third_Party/FreeRTOS/Source/stream_buffer.o
LOAD ./Middlewares/Third_Party/FreeRTOS/Source/tasks.o
LOAD ./Middlewares/Third_Party/FreeRTOS/Source/timers.o
LOAD ./Middlewares/Third_Party/FreeRTOS/Source/portable/GCC/ARM_CM4F/port.o
LOAD ./Middlewares/Third_Party/FreeRTOS/Source/portable/MemMang/heap_4.o
START GROUP
LOAD c:/st/stm32cubeide_1.11.0/stm32cubeide/plugins/com.st.stm32cube.ide.mcu.externaltools.gnu-tools-for-stm32.10.3-2021.10.win32_1.0.100.202210260954/tools/bin/../lib/gcc/arm-none-eabi/10.3.1/../../../../arm-none-eabi/lib/thumb/v7e-m+fp/hard\libstdc++_nano.a
LOAD c:/st/stm32cubeide_1.11.0/stm32cubeide/plugins/com.st.stm32cube.ide.mcu.externaltools.gnu-tools-for-stm32.10.3-2021.10.win32_1.0.100.202210260954/tools/bin/../lib/gcc/arm-none-eabi/10.3.1/../../../../arm-none-eabi/lib/thumb/v7e-m+fp/hard\libsupc++_nano.a
END GROUP
LOAD c:/st/stm32cubeide_1.11.0/stm32cubeide/plugins/com.st.stm32cube.ide.mcu.externaltools.gnu-tools-for-stm32.10.3-2021.10.win32_1.0.100.202210260954/tools/bin/../lib/gcc/arm-none-eabi/10.3.1/../../../../arm-none-eabi/lib/thumb/v7e-m+fp/hard\libstdc++_nano.a
LOAD c:/st/stm32cubeide_1.11.0/stm32cubeide/plugins/com.st.stm32cube.ide.mcu.externaltools.gnu-tools-for-stm32.10.3-2021.10.win32_1.0.100.202210260954/tools/bin/../lib/gcc/arm-none-eabi/10.3.1/../../../../arm-none-eabi/lib/thumb/v7e-m+fp/hard\libm.a
LOAD c:/st/stm32cubeide_1.11.0/stm32cubeide/plugins/com.st.stm32cube.ide.mcu.externaltools.gnu-tools-for-stm32.10.3-2021.10.win32_1.0.100.202210260954/tools/bin/../lib/gcc/arm-none-eabi/10.3.1/../../../../arm-none-eabi/lib/thumb/v7e-m+fp/hard\libc_nano.a
START GROUP
LOAD c:/st/stm32cubeide_1.11.0/stm32cubeide/plugins/com.st.stm32cube.ide.mcu.externaltools.gnu-tools-for-stm32.10.3-2021.10.win32_1.0.100.202210260954/tools/bin/../lib/gcc/arm-none-eabi/10.3.1/thumb/v7e-m+fp/hard\libgcc.a
LOAD c:/st/stm32cubeide_1.11.0/stm32cubeide/plugins/com.st.stm32cube.ide.mcu.externaltools.gnu-tools-for-stm32.10.3-2021.10.win32_1.0.100.202210260954/tools/bin/../lib/gcc/arm-none-eabi/10.3.1/../../../../arm-none-eabi/lib/thumb/v7e-m+fp/hard\libc_nano.a
END GROUP
START GROUP
LOAD c:/st/stm32cubeide_1.11.0/stm32cubeide/plugins/com.st.stm32cube.ide.mcu.externaltools.gnu-tools-for-stm32.10.3-2021.10.win32_1.0.100.202210260954/tools/bin/../lib/gcc/arm-none-eabi/10.3.1/thumb/v7e-m+fp/hard\libgcc.a
LOAD c:/st/stm32cubeide_1.11.0/stm32cubeide/plugins/com.st.stm32cube.ide.mcu.externaltools.gnu-tools-for-stm32.10.3-2021.10.win32_1.0.100.202210260954/tools/bin/../lib/gcc/arm-none-eabi/10.3.1/../../../../arm-none-eabi/lib/thumb/v7e-m+fp/hard\libc_nano.a
LOAD c:/st/stm32cubeide_1.11.0/stm32cubeide/plugins/com.st.stm32cube.ide.mcu.externaltools.gnu-tools-for-stm32.10.3-2021.10.win32_1.0.100.202210260954/tools/bin/../lib/gcc/arm-none-eabi/10.3.1/../../../../arm-none-eabi/lib/thumb/v7e-m+fp/hard\libnosys.a
END GROUP
START GROUP
LOAD c:/st/stm32cubeide_1.11.0/stm32cubeide/plugins/com.st.stm32cube.ide.mcu.externaltools.gnu-tools-for-stm32.10.3-2021.10.win32_1.0.100.202210260954/tools/bin/../lib/gcc/arm-none-eabi/10.3.1/thumb/v7e-m+fp/hard\libgcc.a
LOAD c:/st/stm32cubeide_1.11.0/stm32cubeide/plugins/com.st.stm32cube.ide.mcu.externaltools.gnu-tools-for-stm32.10.3-2021.10.win32_1.0.100.202210260954/tools/bin/../lib/gcc/arm-none-eabi/10.3.1/../../../../arm-none-eabi/lib/thumb/v7e-m+fp/hard\libc_nano.a
LOAD c:/st/stm32cubeide_1.11.0/stm32cubeide/plugins/com.st.stm32cube.ide.mcu.externaltools.gnu-tools-for-stm32.10.3-2021.10.win32_1.0.100.202210260954/tools/bin/../lib/gcc/arm-none-eabi/10.3.1/../../../../arm-none-eabi/lib/thumb/v7e-m+fp/hard\libnosys.a
END GROUP
LOAD c:/st/stm32cubeide_1.11.0/stm32cubeide/plugins/com.st.stm32cube.ide.mcu.externaltools.gnu-tools-for-stm32.10.3-2021.10.win32_1.0.100.202210260954/tools/bin/../lib/gcc/arm-none-eabi/10.3.1/thumb/v7e-m+fp/hard/crtend.o
LOAD c:/st/stm32cubeide_1.11.0/stm32cubeide/plugins/com.st.stm32cube.ide.mcu.externaltools.gnu-tools-for-stm32.10.3-2021.10.win32_1.0.100.202210260954/tools/bin/../lib/gcc/arm-none-eabi/10.3.1/thumb/v7e-m+fp/hard/crtn.o
                0x0000000020020000                _estack = (ORIGIN (RAM) + LENGTH (RAM))
                0x0000000000000400                _Min_Heap_Size = 0x400
                0x0000000000000800                _Min_Stack_Size = 0x800

.isr_vector     0x0000000008000000      0x188
                0x0000000008000000                . = ALIGN (0x4)
 *(.isr_vector)
 .isr_vector    0x0000000008000000      0x188 ./Core/Startup/startup_stm32f407vetx.o
                0x0000000008000000                g_pfnVectors
                0x0000000008000188                . = ALIGN (0x4)

.text           0x0000000008000190    0x12760
                0x0000000008000190                . = ALIGN (0x4)
 *(.text)
 .text          0x0000000008000190       0x40 c:/st/stm32cubeide_1.11.0/stm32cubeide/plugins/com.st.stm32cube.ide.mcu.externaltools.gnu-tools-for-stm32.10.3-2021.10.win32_1.0.100.202210260954/tools/bin/../lib/gcc/arm-none-eabi/10.3.1/thumb/v7e-m+fp/hard/crtbegin.o
 .text          0x00000000080001d0       0x10 c:/st/stm32cubeide_1.11.0/stm32cubeide/plugins/com.st.stm32cube.ide.mcu.externaltools.gnu-tools-for-stm32.10.3-2021.10.win32_1.0.100.202210260954/tools/bin/../lib/gcc/arm-none-eabi/10.3.1/../../../../arm-none-eabi/lib/thumb/v7e-m+fp/hard\libc_nano.a(lib_a-strlen.o)
                0x00000000080001d0                strlen
 .text          0x00000000080001e0       0xa0 c:/st/stm32cubeide_1.11.0/stm32cubeide/plugins/com.st.stm32cube.ide.mcu.externaltools.gnu-tools-for-stm32.10.3-2021.10.win32_1.0.100.202210260954/tools/bin/../lib/gcc/arm-none-eabi/10.3.1/../../../../arm-none-eabi/lib/thumb/v7e-m+fp/hard\libc_nano.a(lib_a-memchr.o)
                0x00000000080001e0                memchr
 .text          0x0000000008000280      0x378 c:/st/stm32cubeide_1.11.0/stm32cubeide/plugins/com.st.stm32cube.ide.mcu.externaltools.gnu-tools-for-stm32.10.3-2021.10.win32_1.0.100.202210260954/tools/bin/../lib/gcc/arm-none-eabi/10.3.1/thumb/v7e-m+fp/hard\libgcc.a(_arm_addsubdf3.o)
                0x0000000008000280                __aeabi_drsub
                0x0000000008000288                __aeabi_dsub
                0x0000000008000288                __subdf3
                0x000000000800028c                __aeabi_dadd
                0x000000000800028c                __adddf3
                0x0000000008000504                __floatunsidf
                0x0000000008000504                __aeabi_ui2d
                0x0000000008000524                __floatsidf
                0x0000000008000524                __aeabi_i2d
                0x0000000008000548                __aeabi_f2d
                0x0000000008000548                __extendsfdf2
                0x000000000800058c                __floatundidf
                0x000000000800058c                __aeabi_ul2d
                0x000000000800059c                __floatdidf
                0x000000000800059c                __aeabi_l2d
 .text          0x00000000080005f8      0x424 c:/st/stm32cubeide_1.11.0/stm32cubeide/plugins/com.st.stm32cube.ide.mcu.externaltools.gnu-tools-for-stm32.10.3-2021.10.win32_1.0.100.202210260954/tools/bin/../lib/gcc/arm-none-eabi/10.3.1/thumb/v7e-m+fp/hard\libgcc.a(_arm_muldivdf3.o)
                0x00000000080005f8                __aeabi_dmul
                0x00000000080005f8                __muldf3
                0x000000000800084c                __divdf3
                0x000000000800084c                __aeabi_ddiv
 .text          0x0000000008000a1c      0x110 c:/st/stm32cubeide_1.11.0/stm32cubeide/plugins/com.st.stm32cube.ide.mcu.externaltools.gnu-tools-for-stm32.10.3-2021.10.win32_1.0.100.202210260954/tools/bin/../lib/gcc/arm-none-eabi/10.3.1/thumb/v7e-m+fp/hard\libgcc.a(_arm_cmpdf2.o)
                0x0000000008000a1c                __gtdf2
                0x0000000008000a1c                __gedf2
                0x0000000008000a24                __ltdf2
                0x0000000008000a24                __ledf2
                0x0000000008000a2c                __nedf2
                0x0000000008000a2c                __eqdf2
                0x0000000008000a2c                __cmpdf2
                0x0000000008000aa8                __aeabi_cdrcmple
                0x0000000008000ab8                __aeabi_cdcmpeq
                0x0000000008000ab8                __aeabi_cdcmple
                0x0000000008000ac8                __aeabi_dcmpeq
                0x0000000008000adc                __aeabi_dcmplt
                0x0000000008000af0                __aeabi_dcmple
                0x0000000008000b04                __aeabi_dcmpge
                0x0000000008000b18                __aeabi_dcmpgt
 .text          0x0000000008000b2c       0x2c c:/st/stm32cubeide_1.11.0/stm32cubeide/plugins/com.st.stm32cube.ide.mcu.externaltools.gnu-tools-for-stm32.10.3-2021.10.win32_1.0.100.202210260954/tools/bin/../lib/gcc/arm-none-eabi/10.3.1/thumb/v7e-m+fp/hard\libgcc.a(_arm_unorddf2.o)
                0x0000000008000b2c                __unorddf2
                0x0000000008000b2c                __aeabi_dcmpun
 .text          0x0000000008000b58       0x50 c:/st/stm32cubeide_1.11.0/stm32cubeide/plugins/com.st.stm32cube.ide.mcu.externaltools.gnu-tools-for-stm32.10.3-2021.10.win32_1.0.100.202210260954/tools/bin/../lib/gcc/arm-none-eabi/10.3.1/thumb/v7e-m+fp/hard\libgcc.a(_arm_fixdfsi.o)
                0x0000000008000b58                __aeabi_d2iz
                0x0000000008000b58                __fixdfsi
 .text          0x0000000008000ba8       0xa0 c:/st/stm32cubeide_1.11.0/stm32cubeide/plugins/com.st.stm32cube.ide.mcu.externaltools.gnu-tools-for-stm32.10.3-2021.10.win32_1.0.100.202210260954/tools/bin/../lib/gcc/arm-none-eabi/10.3.1/thumb/v7e-m+fp/hard\libgcc.a(_arm_truncdfsf2.o)
                0x0000000008000ba8                __truncdfsf2
                0x0000000008000ba8                __aeabi_d2f
 .text          0x0000000008000c48       0x30 c:/st/stm32cubeide_1.11.0/stm32cubeide/plugins/com.st.stm32cube.ide.mcu.externaltools.gnu-tools-for-stm32.10.3-2021.10.win32_1.0.100.202210260954/tools/bin/../lib/gcc/arm-none-eabi/10.3.1/thumb/v7e-m+fp/hard\libgcc.a(_aeabi_uldivmod.o)
                0x0000000008000c48                __aeabi_uldivmod
 .text          0x0000000008000c78      0x2d0 c:/st/stm32cubeide_1.11.0/stm32cubeide/plugins/com.st.stm32cube.ide.mcu.externaltools.gnu-tools-for-stm32.10.3-2021.10.win32_1.0.100.202210260954/tools/bin/../lib/gcc/arm-none-eabi/10.3.1/thumb/v7e-m+fp/hard\libgcc.a(_udivmoddi4.o)
                0x0000000008000c78                __udivmoddi4
 .text          0x0000000008000f48        0x4 c:/st/stm32cubeide_1.11.0/stm32cubeide/plugins/com.st.stm32cube.ide.mcu.externaltools.gnu-tools-for-stm32.10.3-2021.10.win32_1.0.100.202210260954/tools/bin/../lib/gcc/arm-none-eabi/10.3.1/thumb/v7e-m+fp/hard\libgcc.a(_dvmd_tls.o)
                0x0000000008000f48                __aeabi_idiv0
                0x0000000008000f48                __aeabi_ldiv0
 *(.text*)
 .text.IMU_Initialise
                0x0000000008000f4c      0x170 ./Core/ICM20948_lib/ICM20948.o
                0x0000000008000f4c                IMU_Initialise
 .text.IMU_WriteOneByte
                0x00000000080010bc       0x38 ./Core/ICM20948_lib/ICM20948.o
                0x00000000080010bc                IMU_WriteOneByte
 .text.IMU_ReadOneByte
                0x00000000080010f4       0x36 ./Core/ICM20948_lib/ICM20948.o
                0x00000000080010f4                IMU_ReadOneByte
 .text.Mag_WriteOneByte
                0x000000000800112a       0x38 ./Core/ICM20948_lib/ICM20948.o
                0x000000000800112a                Mag_WriteOneByte
 *fill*         0x0000000008001162        0x2 
 .text.IMU_AccelRead
                0x0000000008001164      0x1b0 ./Core/ICM20948_lib/ICM20948.o
                0x0000000008001164                IMU_AccelRead
 .text.Gyro_calibrate
                0x0000000008001314      0x150 ./Core/ICM20948_lib/ICM20948.o
                0x0000000008001314                Gyro_calibrate
 .text.IMU_GyroRead
                0x0000000008001464      0x194 ./Core/ICM20948_lib/ICM20948.o
                0x0000000008001464                IMU_GyroRead
 .text.Mag_init
                0x00000000080015f8       0x20 ./Core/ICM20948_lib/ICM20948.o
                0x00000000080015f8                Mag_init
 .text.OLED_Refresh_Gram
                0x0000000008001618       0x70 ./Core/OLED_lib/oled.o
                0x0000000008001618                OLED_Refresh_Gram
 .text.OLED_WR_Byte
                0x0000000008001688       0x94 ./Core/OLED_lib/oled.o
                0x0000000008001688                OLED_WR_Byte
 .text.OLED_Clear
                0x000000000800171c       0x4c ./Core/OLED_lib/oled.o
                0x000000000800171c                OLED_Clear
 .text.OLED_Display_On
                0x0000000008001768       0x20 ./Core/OLED_lib/oled.o
                0x0000000008001768                OLED_Display_On
 .text.OLED_DrawPoint
                0x0000000008001788       0xb4 ./Core/OLED_lib/oled.o
                0x0000000008001788                OLED_DrawPoint
 .text.OLED_DrawRect
                0x000000000800183c       0x88 ./Core/OLED_lib/oled.o
                0x000000000800183c                OLED_DrawRect
 .text.OLED_DrawRectWithFill
                0x00000000080018c4       0xc2 ./Core/OLED_lib/oled.o
                0x00000000080018c4                OLED_DrawRectWithFill
 .text.OLED_DrawVerticalLine
                0x0000000008001986       0x40 ./Core/OLED_lib/oled.o
                0x0000000008001986                OLED_DrawVerticalLine
 *fill*         0x00000000080019c6        0x2 
 .text.OLED_ShowChar
                0x00000000080019c8       0xe4 ./Core/OLED_lib/oled.o
                0x00000000080019c8                OLED_ShowChar
 .text.OLED_ShowString
                0x0000000008001aac       0x64 ./Core/OLED_lib/oled.o
                0x0000000008001aac                OLED_ShowString
 .text.OLED_Init
                0x0000000008001b10      0x118 ./Core/OLED_lib/oled.o
                0x0000000008001b10                OLED_Init
 .text._ZN7Display8oledTaskEPv
                0x0000000008001c28      0x268 ./Core/Src/app_display.o
                0x0000000008001c28                Display::oledTask(void*)
 .text._ZN9AppParser9Processor17signalObstructionEv
                0x0000000008001e90       0x18 ./Core/Src/app_main.o
                0x0000000008001e90                AppParser::Processor::signalObstruction()
 .text._ZN9AppParser9Processor19signalNoObstructionEv
                0x0000000008001ea8       0x24 ./Core/Src/app_main.o
                0x0000000008001ea8                AppParser::Processor::signalNoObstruction()
 .text._ZN9AppMotion16MotionControllerD2Ev
                0x0000000008001ecc       0x16 ./Core/Src/app_main.o
                0x0000000008001ecc                AppMotion::MotionController::~MotionController()
                0x0000000008001ecc                AppMotion::MotionController::~MotionController()
 *fill*         0x0000000008001ee2        0x2 
 .text.HAL_GPIO_EXTI_Callback
                0x0000000008001ee4       0x20 ./Core/Src/app_main.o
                0x0000000008001ee4                HAL_GPIO_EXTI_Callback
 .text.HAL_UART_RxCpltCallback
                0x0000000008001f04       0x28 ./Core/Src/app_main.o
                0x0000000008001f04                HAL_UART_RxCpltCallback
 .text.initializeCPPconstructs
                0x0000000008001f2c       0x54 ./Core/Src/app_main.o
                0x0000000008001f2c                initializeCPPconstructs
 .text.sensorTask
                0x0000000008001f80      0x3c8 ./Core/Src/app_main.o
                0x0000000008001f80                sensorTask
 .text.quaternionUpdate
                0x0000000008002348      0x680 ./Core/Src/app_main.o
                0x0000000008002348                quaternionUpdate
 .text._Z41__static_initialization_and_destruction_0ii
                0x00000000080029c8       0xa8 ./Core/Src/app_main.o
 .text._GLOBAL__sub_I_sensor_data
                0x0000000008002a70       0x10 ./Core/Src/app_main.o
 .text._GLOBAL__sub_D_sensor_data
                0x0000000008002a80       0x10 ./Core/Src/app_main.o
 .text._ZN9AppMotion16MotionController3mapEfffff
                0x0000000008002a90       0x5c ./Core/Src/app_motion.o
                0x0000000008002a90                AppMotion::MotionController::map(float, float, float, float, float)
 .text._ZN9AppMotion16MotionControllerC2EP5u_ctx
                0x0000000008002aec       0x1e ./Core/Src/app_motion.o
                0x0000000008002aec                AppMotion::MotionController::MotionController(u_ctx*)
                0x0000000008002aec                AppMotion::MotionController::MotionController(u_ctx*)
 *fill*         0x0000000008002b0a        0x2 
 .text._ZN9AppMotion16MotionController5startEv
                0x0000000008002b0c      0x1a0 ./Core/Src/app_motion.o
                0x0000000008002b0c                AppMotion::MotionController::start()
 .text._ZN9AppMotion16MotionController10motionTaskEPv
                0x0000000008002cac      0x134 ./Core/Src/app_motion.o
                0x0000000008002cac                AppMotion::MotionController::motionTask(void*)
 .text._ZN9AppMotion16MotionController4moveEbmm
                0x0000000008002de0      0x480 ./Core/Src/app_motion.o
                0x0000000008002de0                AppMotion::MotionController::move(bool, unsigned long, unsigned long)
 .text._ZN9AppMotion16MotionController4turnEbbm
                0x0000000008003260      0x310 ./Core/Src/app_motion.o
                0x0000000008003260                AppMotion::MotionController::turn(bool, bool, unsigned long)
 .text._ZN9AppMotion16MotionController13emergencyStopEv
                0x0000000008003570       0x1c ./Core/Src/app_motion.o
                0x0000000008003570                AppMotion::MotionController::emergencyStop()
 .text._ZN9AppMotion5ServoC2EP17TIM_HandleTypeDefmmmm
                0x000000000800358c       0x3e ./Core/Src/app_motion.o
                0x000000000800358c                AppMotion::Servo::Servo(TIM_HandleTypeDef*, unsigned long, unsigned long, unsigned long, unsigned long)
                0x000000000800358c                AppMotion::Servo::Servo(TIM_HandleTypeDef*, unsigned long, unsigned long, unsigned long, unsigned long)
 .text._ZN9AppMotion5Servo8turnLeftEv
                0x00000000080035ca       0x22 ./Core/Src/app_motion.o
                0x00000000080035ca                AppMotion::Servo::turnLeft()
 .text._ZN9AppMotion5Servo9turnRightEv
                0x00000000080035ec       0x22 ./Core/Src/app_motion.o
                0x00000000080035ec                AppMotion::Servo::turnRight()
 .text._ZN9AppMotion5Servo9turnFrontEv
                0x000000000800360e       0x22 ./Core/Src/app_motion.o
                0x000000000800360e                AppMotion::Servo::turnFront()
 .text._ZN9AppMotion5MotorC2EP17TIM_HandleTypeDefmP12GPIO_TypeDefS4_ttm
                0x0000000008003630       0x4a ./Core/Src/app_motion.o
                0x0000000008003630                AppMotion::Motor::Motor(TIM_HandleTypeDef*, unsigned long, GPIO_TypeDef*, GPIO_TypeDef*, unsigned short, unsigned short, unsigned long)
                0x0000000008003630                AppMotion::Motor::Motor(TIM_HandleTypeDef*, unsigned long, GPIO_TypeDef*, GPIO_TypeDef*, unsigned short, unsigned short, unsigned long)
 *fill*         0x000000000800367a        0x2 
 .text._ZN9AppMotion5Motor8setSpeedEm
                0x000000000800367c       0x80 ./Core/Src/app_motion.o
                0x000000000800367c                AppMotion::Motor::setSpeed(unsigned long)
 .text._ZN9AppMotion5Motor16_setDutyCycleValEm
                0x00000000080036fc       0x6c ./Core/Src/app_motion.o
                0x00000000080036fc                AppMotion::Motor::_setDutyCycleVal(unsigned long)
 .text._ZN9AppMotion5Motor4haltEv
                0x0000000008003768       0x5a ./Core/Src/app_motion.o
                0x0000000008003768                AppMotion::Motor::halt()
 .text._ZN9AppMotion5Motor10setForwardEv
                0x00000000080037c2       0x30 ./Core/Src/app_motion.o
                0x00000000080037c2                AppMotion::Motor::setForward()
 .text._ZN9AppMotion5Motor11setBackwardEv
                0x00000000080037f2       0x30 ./Core/Src/app_motion.o
                0x00000000080037f2                AppMotion::Motor::setBackward()
 .text._ZN9AppMotion7EncoderC2EP17TIM_HandleTypeDefm
                0x0000000008003822       0x2a ./Core/Src/app_motion.o
                0x0000000008003822                AppMotion::Encoder::Encoder(TIM_HandleTypeDef*, unsigned long)
                0x0000000008003822                AppMotion::Encoder::Encoder(TIM_HandleTypeDef*, unsigned long)
 .text._ZN9AppMotion7Encoder8getCountEv
                0x000000000800384c       0x1c ./Core/Src/app_motion.o
                0x000000000800384c                AppMotion::Encoder::getCount()
 .text._ZN9AppMotion7Encoder8getDeltaEmm
                0x0000000008003868       0x6c ./Core/Src/app_motion.o
                0x0000000008003868                AppMotion::Encoder::getDelta(unsigned long, unsigned long)
 .text._ZN9AppParser8ListenerC2EP5u_ctx
                0x00000000080038d4       0x1e ./Core/Src/app_parser.o
                0x00000000080038d4                AppParser::Listener::Listener(u_ctx*)
                0x00000000080038d4                AppParser::Listener::Listener(u_ctx*)
 .text._ZN9AppParser8ListenerD2Ev
                0x00000000080038f2       0x16 ./Core/Src/app_parser.o
                0x00000000080038f2                AppParser::Listener::~Listener()
                0x00000000080038f2                AppParser::Listener::~Listener()
 .text._ZN9AppParser8Listener6invokeEv
                0x0000000008003908       0x4c ./Core/Src/app_parser.o
                0x0000000008003908                AppParser::Listener::invoke()
 .text._ZN9AppParser9ProcessorC2EP5u_ctxS2_
                0x0000000008003954       0x34 ./Core/Src/app_parser.o
                0x0000000008003954                AppParser::Processor::Processor(u_ctx*, u_ctx*)
                0x0000000008003954                AppParser::Processor::Processor(u_ctx*, u_ctx*)
 .text._ZN9AppParser9ProcessorD2Ev
                0x0000000008003988       0x16 ./Core/Src/app_parser.o
                0x0000000008003988                AppParser::Processor::~Processor()
                0x0000000008003988                AppParser::Processor::~Processor()
 *fill*         0x000000000800399e        0x2 
 .text._ZN9AppParser9Processor5startEv
                0x00000000080039a0       0x4c ./Core/Src/app_parser.o
                0x00000000080039a0                AppParser::Processor::start()
 .text._ZN9AppParser9Processor13processorTaskEPv
                0x00000000080039ec      0x294 ./Core/Src/app_parser.o
                0x00000000080039ec                AppParser::Processor::processorTask(void*)
 .text._ZN9AppParser9Processor22returnSensorRequestCmdEh
                0x0000000008003c80      0x250 ./Core/Src/app_parser.o
                0x0000000008003c80                AppParser::Processor::returnSensorRequestCmd(unsigned char)
 .text._ZN9AppParser9Processor21getMotionCmdFromBytesEPh
                0x0000000008003ed0       0xf8 ./Core/Src/app_parser.o
                0x0000000008003ed0                AppParser::Processor::getMotionCmdFromBytes(unsigned char*)
 .text._ZN9AppParser9Processor4isEqIhEEbRKT_S4_
                0x0000000008003fc8       0x28 ./Core/Src/app_parser.o
                0x0000000008003fc8                bool AppParser::Processor::isEq<unsigned char>(unsigned char const&, unsigned char const&)
 .text.__io_putchar
                0x0000000008003ff0       0x24 ./Core/Src/main.o
                0x0000000008003ff0                __io_putchar
 .text.main     0x0000000008004014       0x78 ./Core/Src/main.o
                0x0000000008004014                main
 .text.SystemClock_Config
                0x000000000800408c       0xbc ./Core/Src/main.o
                0x000000000800408c                SystemClock_Config
 .text.MX_ADC1_Init
                0x0000000008004148       0xa4 ./Core/Src/main.o
 .text.MX_ADC2_Init
                0x00000000080041ec       0xa4 ./Core/Src/main.o
 .text.MX_I2C1_Init
                0x0000000008004290       0x5c ./Core/Src/main.o
 .text.MX_TIM1_Init
                0x00000000080042ec      0x140 ./Core/Src/main.o
 .text.MX_TIM2_Init
                0x000000000800442c       0xa8 ./Core/Src/main.o
 .text.MX_TIM3_Init
                0x00000000080044d4       0xa8 ./Core/Src/main.o
 .text.MX_TIM8_Init
                0x000000000800457c      0x154 ./Core/Src/main.o
 .text.MX_USART3_UART_Init
                0x00000000080046d0       0x54 ./Core/Src/main.o
 .text.MX_DMA_Init
                0x0000000008004724       0x50 ./Core/Src/main.o
 .text.MX_GPIO_Init
                0x0000000008004774      0x170 ./Core/Src/main.o
 .text.StartDefaultTask
                0x00000000080048e4       0x10 ./Core/Src/main.o
                0x00000000080048e4                StartDefaultTask
 .text.HAL_TIM_PeriodElapsedCallback
                0x00000000080048f4       0x24 ./Core/Src/main.o
                0x00000000080048f4                HAL_TIM_PeriodElapsedCallback
 .text.Error_Handler
                0x0000000008004918        0xa ./Core/Src/main.o
                0x0000000008004918                Error_Handler
 .text._Z8PID_initP12pid_type_defhPKfff
                0x0000000008004922       0xae ./Core/Src/pid.o
                0x0000000008004922                PID_init(pid_type_def*, unsigned char, float const*, float, float)
 .text._Z8PID_calcP12pid_type_defff
                0x00000000080049d0      0x290 ./Core/Src/pid.o
                0x00000000080049d0                PID_calc(pid_type_def*, float, float)
 .text.HAL_MspInit
                0x0000000008004c60       0x58 ./Core/Src/stm32f4xx_hal_msp.o
                0x0000000008004c60                HAL_MspInit
 .text.HAL_ADC_MspInit
                0x0000000008004cb8       0xec ./Core/Src/stm32f4xx_hal_msp.o
                0x0000000008004cb8                HAL_ADC_MspInit
 .text.HAL_I2C_MspInit
                0x0000000008004da4       0x90 ./Core/Src/stm32f4xx_hal_msp.o
                0x0000000008004da4                HAL_I2C_MspInit
 .text.HAL_TIM_Base_MspInit
                0x0000000008004e34       0xfc ./Core/Src/stm32f4xx_hal_msp.o
                0x0000000008004e34                HAL_TIM_Base_MspInit
 .text.HAL_TIM_Encoder_MspInit
                0x0000000008004f30      0x134 ./Core/Src/stm32f4xx_hal_msp.o
                0x0000000008004f30                HAL_TIM_Encoder_MspInit
 .text.HAL_TIM_MspPostInit
                0x0000000008005064       0x74 ./Core/Src/stm32f4xx_hal_msp.o
                0x0000000008005064                HAL_TIM_MspPostInit
 .text.HAL_UART_MspInit
                0x00000000080050d8      0x1b0 ./Core/Src/stm32f4xx_hal_msp.o
                0x00000000080050d8                HAL_UART_MspInit
 .text.HAL_InitTick
                0x0000000008005288       0xf8 ./Core/Src/stm32f4xx_hal_timebase_tim.o
                0x0000000008005288                HAL_InitTick
 .text.NMI_Handler
                0x0000000008005380        0x6 ./Core/Src/stm32f4xx_it.o
                0x0000000008005380                NMI_Handler
 .text.HardFault_Handler
                0x0000000008005386        0x6 ./Core/Src/stm32f4xx_it.o
                0x0000000008005386                HardFault_Handler
 .text.MemManage_Handler
                0x000000000800538c        0x6 ./Core/Src/stm32f4xx_it.o
                0x000000000800538c                MemManage_Handler
 .text.BusFault_Handler
                0x0000000008005392        0x6 ./Core/Src/stm32f4xx_it.o
                0x0000000008005392                BusFault_Handler
 .text.UsageFault_Handler
                0x0000000008005398        0x6 ./Core/Src/stm32f4xx_it.o
                0x0000000008005398                UsageFault_Handler
 .text.DebugMon_Handler
                0x000000000800539e        0xe ./Core/Src/stm32f4xx_it.o
                0x000000000800539e                DebugMon_Handler
 .text.DMA1_Stream1_IRQHandler
                0x00000000080053ac       0x14 ./Core/Src/stm32f4xx_it.o
                0x00000000080053ac                DMA1_Stream1_IRQHandler
 .text.DMA1_Stream3_IRQHandler
                0x00000000080053c0       0x14 ./Core/Src/stm32f4xx_it.o
                0x00000000080053c0                DMA1_Stream3_IRQHandler
 .text.EXTI9_5_IRQHandler
                0x00000000080053d4       0x10 ./Core/Src/stm32f4xx_it.o
                0x00000000080053d4                EXTI9_5_IRQHandler
 .text.USART3_IRQHandler
                0x00000000080053e4       0x14 ./Core/Src/stm32f4xx_it.o
                0x00000000080053e4                USART3_IRQHandler
 .text.TIM7_IRQHandler
                0x00000000080053f8       0x14 ./Core/Src/stm32f4xx_it.o
                0x00000000080053f8                TIM7_IRQHandler
 .text._getpid  0x000000000800540c       0x10 ./Core/Src/syscalls.o
                0x000000000800540c                _getpid
 .text._kill    0x000000000800541c       0x20 ./Core/Src/syscalls.o
                0x000000000800541c                _kill
 .text._exit    0x000000000800543c       0x14 ./Core/Src/syscalls.o
                0x000000000800543c                _exit
 .text._read    0x0000000008005450       0x3a ./Core/Src/syscalls.o
                0x0000000008005450                _read
 .text._write   0x000000000800548a       0x38 ./Core/Src/syscalls.o
                0x000000000800548a                _write
 .text._close   0x00000000080054c2       0x18 ./Core/Src/syscalls.o
                0x00000000080054c2                _close
 .text._fstat   0x00000000080054da       0x20 ./Core/Src/syscalls.o
                0x00000000080054da                _fstat
 .text._isatty  0x00000000080054fa       0x16 ./Core/Src/syscalls.o
                0x00000000080054fa                _isatty
 .text._lseek   0x0000000008005510       0x1a ./Core/Src/syscalls.o
                0x0000000008005510                _lseek
 *fill*         0x000000000800552a        0x2 
 .text._sbrk    0x000000000800552c       0x6c ./Core/Src/sysmem.o
                0x000000000800552c                _sbrk
 .text.SystemInit
                0x0000000008005598       0x24 ./Core/Src/system_stm32f4xx.o
                0x0000000008005598                SystemInit
 .text.Reset_Handler
                0x00000000080055bc       0x50 ./Core/Startup/startup_stm32f407vetx.o
                0x00000000080055bc                Reset_Handler
 .text.Default_Handler
                0x000000000800560c        0x2 ./Core/Startup/startup_stm32f407vetx.o
                0x000000000800560c                RTC_Alarm_IRQHandler
                0x000000000800560c                HASH_RNG_IRQHandler
                0x000000000800560c                EXTI2_IRQHandler
                0x000000000800560c                TIM8_CC_IRQHandler
                0x000000000800560c                TIM1_CC_IRQHandler
                0x000000000800560c                DMA2_Stream5_IRQHandler
                0x000000000800560c                DMA1_Stream5_IRQHandler
                0x000000000800560c                PVD_IRQHandler
                0x000000000800560c                SDIO_IRQHandler
                0x000000000800560c                TAMP_STAMP_IRQHandler
                0x000000000800560c                CAN2_RX1_IRQHandler
                0x000000000800560c                EXTI3_IRQHandler
                0x000000000800560c                TIM8_TRG_COM_TIM14_IRQHandler
                0x000000000800560c                TIM1_UP_TIM10_IRQHandler
                0x000000000800560c                TIM8_UP_TIM13_IRQHandler
                0x000000000800560c                I2C3_ER_IRQHandler
                0x000000000800560c                EXTI0_IRQHandler
                0x000000000800560c                I2C2_EV_IRQHandler
                0x000000000800560c                DMA1_Stream2_IRQHandler
                0x000000000800560c                CAN1_RX0_IRQHandler
                0x000000000800560c                FPU_IRQHandler
                0x000000000800560c                OTG_HS_WKUP_IRQHandler
                0x000000000800560c                CAN2_SCE_IRQHandler
                0x000000000800560c                DMA2_Stream2_IRQHandler
                0x000000000800560c                SPI1_IRQHandler
                0x000000000800560c                TIM6_DAC_IRQHandler
                0x000000000800560c                TIM1_BRK_TIM9_IRQHandler
                0x000000000800560c                DCMI_IRQHandler
                0x000000000800560c                CAN2_RX0_IRQHandler
                0x000000000800560c                DMA2_Stream3_IRQHandler
                0x000000000800560c                USART6_IRQHandler
                0x000000000800560c                CAN1_RX1_IRQHandler
                0x000000000800560c                UART5_IRQHandler
                0x000000000800560c                DMA2_Stream0_IRQHandler
                0x000000000800560c                TIM4_IRQHandler
                0x000000000800560c                I2C1_EV_IRQHandler
                0x000000000800560c                DMA1_Stream6_IRQHandler
                0x000000000800560c                UART4_IRQHandler
                0x000000000800560c                TIM3_IRQHandler
                0x000000000800560c                RCC_IRQHandler
                0x000000000800560c                TIM8_BRK_TIM12_IRQHandler
                0x000000000800560c                Default_Handler
                0x000000000800560c                EXTI15_10_IRQHandler
                0x000000000800560c                ADC_IRQHandler
                0x000000000800560c                DMA1_Stream7_IRQHandler
                0x000000000800560c                CAN2_TX_IRQHandler
                0x000000000800560c                TIM5_IRQHandler
                0x000000000800560c                DMA2_Stream7_IRQHandler
                0x000000000800560c                I2C3_EV_IRQHandler
                0x000000000800560c                RTC_WKUP_IRQHandler
                0x000000000800560c                ETH_WKUP_IRQHandler
                0x000000000800560c                SPI2_IRQHandler
                0x000000000800560c                OTG_HS_EP1_IN_IRQHandler
                0x000000000800560c                DMA1_Stream0_IRQHandler
                0x000000000800560c                CAN1_TX_IRQHandler
                0x000000000800560c                EXTI4_IRQHandler
                0x000000000800560c                FSMC_IRQHandler
                0x000000000800560c                ETH_IRQHandler
                0x000000000800560c                OTG_HS_EP1_OUT_IRQHandler
                0x000000000800560c                WWDG_IRQHandler
                0x000000000800560c                TIM2_IRQHandler
                0x000000000800560c                OTG_FS_WKUP_IRQHandler
                0x000000000800560c                TIM1_TRG_COM_TIM11_IRQHandler
                0x000000000800560c                OTG_HS_IRQHandler
                0x000000000800560c                EXTI1_IRQHandler
                0x000000000800560c                USART2_IRQHandler
                0x000000000800560c                I2C2_ER_IRQHandler
                0x000000000800560c                DMA2_Stream1_IRQHandler
                0x000000000800560c                CAN1_SCE_IRQHandler
                0x000000000800560c                FLASH_IRQHandler
                0x000000000800560c                DMA2_Stream4_IRQHandler
                0x000000000800560c                USART1_IRQHandler
                0x000000000800560c                OTG_FS_IRQHandler
                0x000000000800560c                SPI3_IRQHandler
                0x000000000800560c                DMA1_Stream4_IRQHandler
                0x000000000800560c                I2C1_ER_IRQHandler
                0x000000000800560c                DMA2_Stream6_IRQHandler
 .text.stm32_lock_init
                0x000000000800560e       0x42 ./Core/ThreadSafe/newlib_lock_glue.o
 .text.stm32_lock_acquire
                0x0000000008005650       0x60 ./Core/ThreadSafe/newlib_lock_glue.o
 .text.stm32_lock_release
                0x00000000080056b0       0x54 ./Core/ThreadSafe/newlib_lock_glue.o
 .text.__retarget_lock_init_recursive
                0x0000000008005704       0x4c ./Core/ThreadSafe/newlib_lock_glue.o
                0x0000000008005704                __retarget_lock_init_recursive
 .text.__retarget_lock_acquire_recursive
                0x0000000008005750       0x28 ./Core/ThreadSafe/newlib_lock_glue.o
                0x0000000008005750                __retarget_lock_acquire_recursive
 .text.__retarget_lock_release_recursive
                0x0000000008005778       0x28 ./Core/ThreadSafe/newlib_lock_glue.o
                0x0000000008005778                __retarget_lock_release_recursive
 .text.HAL_Init
                0x00000000080057a0       0x44 ./Drivers/STM32F4xx_HAL_Driver/Src/stm32f4xx_hal.o
                0x00000000080057a0                HAL_Init
 .text.HAL_IncTick
                0x00000000080057e4       0x28 ./Drivers/STM32F4xx_HAL_Driver/Src/stm32f4xx_hal.o
                0x00000000080057e4                HAL_IncTick
 .text.HAL_GetTick
                0x000000000800580c       0x18 ./Drivers/STM32F4xx_HAL_Driver/Src/stm32f4xx_hal.o
                0x000000000800580c                HAL_GetTick
 .text.HAL_Delay
                0x0000000008005824       0x48 ./Drivers/STM32F4xx_HAL_Driver/Src/stm32f4xx_hal.o
                0x0000000008005824                HAL_Delay
 .text.HAL_ADC_Init
                0x000000000800586c       0x86 ./Drivers/STM32F4xx_HAL_Driver/Src/stm32f4xx_hal_adc.o
                0x000000000800586c                HAL_ADC_Init
 *fill*         0x00000000080058f2        0x2 
 .text.HAL_ADC_Start
                0x00000000080058f4      0x1a4 ./Drivers/STM32F4xx_HAL_Driver/Src/stm32f4xx_hal_adc.o
                0x00000000080058f4                HAL_ADC_Start
 .text.HAL_ADC_Stop
                0x0000000008005a98       0x66 ./Drivers/STM32F4xx_HAL_Driver/Src/stm32f4xx_hal_adc.o
                0x0000000008005a98                HAL_ADC_Stop
 .text.HAL_ADC_PollForConversion
                0x0000000008005afe      0x116 ./Drivers/STM32F4xx_HAL_Driver/Src/stm32f4xx_hal_adc.o
                0x0000000008005afe                HAL_ADC_PollForConversion
 .text.HAL_ADC_GetValue
                0x0000000008005c14       0x1a ./Drivers/STM32F4xx_HAL_Driver/Src/stm32f4xx_hal_adc.o
                0x0000000008005c14                HAL_ADC_GetValue
 *fill*         0x0000000008005c2e        0x2 
 .text.HAL_ADC_ConfigChannel
                0x0000000008005c30      0x244 ./Drivers/STM32F4xx_HAL_Driver/Src/stm32f4xx_hal_adc.o
                0x0000000008005c30                HAL_ADC_ConfigChannel
 .text.ADC_Init
                0x0000000008005e74      0x1f8 ./Drivers/STM32F4xx_HAL_Driver/Src/stm32f4xx_hal_adc.o
 .text.__NVIC_SetPriorityGrouping
                0x000000000800606c       0x48 ./Drivers/STM32F4xx_HAL_Driver/Src/stm32f4xx_hal_cortex.o
 .text.__NVIC_GetPriorityGrouping
                0x00000000080060b4       0x1c ./Drivers/STM32F4xx_HAL_Driver/Src/stm32f4xx_hal_cortex.o
 .text.__NVIC_EnableIRQ
                0x00000000080060d0       0x3c ./Drivers/STM32F4xx_HAL_Driver/Src/stm32f4xx_hal_cortex.o
 .text.__NVIC_SetPriority
                0x000000000800610c       0x54 ./Drivers/STM32F4xx_HAL_Driver/Src/stm32f4xx_hal_cortex.o
 .text.NVIC_EncodePriority
                0x0000000008006160       0x66 ./Drivers/STM32F4xx_HAL_Driver/Src/stm32f4xx_hal_cortex.o
 .text.HAL_NVIC_SetPriorityGrouping
                0x00000000080061c6       0x16 ./Drivers/STM32F4xx_HAL_Driver/Src/stm32f4xx_hal_cortex.o
                0x00000000080061c6                HAL_NVIC_SetPriorityGrouping
 .text.HAL_NVIC_SetPriority
                0x00000000080061dc       0x38 ./Drivers/STM32F4xx_HAL_Driver/Src/stm32f4xx_hal_cortex.o
                0x00000000080061dc                HAL_NVIC_SetPriority
 .text.HAL_NVIC_EnableIRQ
                0x0000000008006214       0x1c ./Drivers/STM32F4xx_HAL_Driver/Src/stm32f4xx_hal_cortex.o
                0x0000000008006214                HAL_NVIC_EnableIRQ
 .text.HAL_DMA_Init
                0x0000000008006230      0x15c ./Drivers/STM32F4xx_HAL_Driver/Src/stm32f4xx_hal_dma.o
                0x0000000008006230                HAL_DMA_Init
 .text.HAL_DMA_Start_IT
                0x000000000800638c       0xb0 ./Drivers/STM32F4xx_HAL_Driver/Src/stm32f4xx_hal_dma.o
                0x000000000800638c                HAL_DMA_Start_IT
 .text.HAL_DMA_Abort
                0x000000000800643c       0xe0 ./Drivers/STM32F4xx_HAL_Driver/Src/stm32f4xx_hal_dma.o
                0x000000000800643c                HAL_DMA_Abort
 .text.HAL_DMA_Abort_IT
                0x000000000800651c       0x44 ./Drivers/STM32F4xx_HAL_Driver/Src/stm32f4xx_hal_dma.o
                0x000000000800651c                HAL_DMA_Abort_IT
 .text.HAL_DMA_IRQHandler
                0x0000000008006560      0x314 ./Drivers/STM32F4xx_HAL_Driver/Src/stm32f4xx_hal_dma.o
                0x0000000008006560                HAL_DMA_IRQHandler
 .text.DMA_SetConfig
                0x0000000008006874       0x5c ./Drivers/STM32F4xx_HAL_Driver/Src/stm32f4xx_hal_dma.o
 .text.DMA_CalcBaseAndBitshift
                0x00000000080068d0       0x6c ./Drivers/STM32F4xx_HAL_Driver/Src/stm32f4xx_hal_dma.o
 .text.DMA_CheckFifoParam
                0x000000000800693c       0xf8 ./Drivers/STM32F4xx_HAL_Driver/Src/stm32f4xx_hal_dma.o
 .text.HAL_GPIO_Init
                0x0000000008006a34      0x338 ./Drivers/STM32F4xx_HAL_Driver/Src/stm32f4xx_hal_gpio.o
                0x0000000008006a34                HAL_GPIO_Init
 .text.HAL_GPIO_WritePin
                0x0000000008006d6c       0x32 ./Drivers/STM32F4xx_HAL_Driver/Src/stm32f4xx_hal_gpio.o
                0x0000000008006d6c                HAL_GPIO_WritePin
 .text.HAL_GPIO_TogglePin
                0x0000000008006d9e       0x34 ./Drivers/STM32F4xx_HAL_Driver/Src/stm32f4xx_hal_gpio.o
                0x0000000008006d9e                HAL_GPIO_TogglePin
 *fill*         0x0000000008006dd2        0x2 
 .text.HAL_GPIO_EXTI_IRQHandler
                0x0000000008006dd4       0x30 ./Drivers/STM32F4xx_HAL_Driver/Src/stm32f4xx_hal_gpio.o
                0x0000000008006dd4                HAL_GPIO_EXTI_IRQHandler
 .text.HAL_I2C_Init
                0x0000000008006e04      0x288 ./Drivers/STM32F4xx_HAL_Driver/Src/stm32f4xx_hal_i2c.o
                0x0000000008006e04                HAL_I2C_Init
 .text.HAL_I2C_Mem_Write
                0x000000000800708c      0x1f4 ./Drivers/STM32F4xx_HAL_Driver/Src/stm32f4xx_hal_i2c.o
                0x000000000800708c                HAL_I2C_Mem_Write
 .text.HAL_I2C_Mem_Read
                0x0000000008007280      0x44c ./Drivers/STM32F4xx_HAL_Driver/Src/stm32f4xx_hal_i2c.o
                0x0000000008007280                HAL_I2C_Mem_Read
 .text.HAL_I2C_IsDeviceReady
                0x00000000080076cc      0x25c ./Drivers/STM32F4xx_HAL_Driver/Src/stm32f4xx_hal_i2c.o
                0x00000000080076cc                HAL_I2C_IsDeviceReady
 .text.I2C_RequestMemoryWrite
                0x0000000008007928      0x12c ./Drivers/STM32F4xx_HAL_Driver/Src/stm32f4xx_hal_i2c.o
 .text.I2C_RequestMemoryRead
                0x0000000008007a54      0x1d0 ./Drivers/STM32F4xx_HAL_Driver/Src/stm32f4xx_hal_i2c.o
 .text.I2C_WaitOnFlagUntilTimeout
                0x0000000008007c24       0xae ./Drivers/STM32F4xx_HAL_Driver/Src/stm32f4xx_hal_i2c.o
 .text.I2C_WaitOnMasterAddressFlagUntilTimeout
                0x0000000008007cd2       0xfe ./Drivers/STM32F4xx_HAL_Driver/Src/stm32f4xx_hal_i2c.o
 .text.I2C_WaitOnTXEFlagUntilTimeout
                0x0000000008007dd0       0x82 ./Drivers/STM32F4xx_HAL_Driver/Src/stm32f4xx_hal_i2c.o
 .text.I2C_WaitOnBTFFlagUntilTimeout
                0x0000000008007e52       0x82 ./Drivers/STM32F4xx_HAL_Driver/Src/stm32f4xx_hal_i2c.o
 .text.I2C_WaitOnRXNEFlagUntilTimeout
                0x0000000008007ed4       0xac ./Drivers/STM32F4xx_HAL_Driver/Src/stm32f4xx_hal_i2c.o
 .text.I2C_IsAcknowledgeFailed
                0x0000000008007f80       0x5e ./Drivers/STM32F4xx_HAL_Driver/Src/stm32f4xx_hal_i2c.o
 *fill*         0x0000000008007fde        0x2 
 .text.HAL_PWR_EnableBkUpAccess
                0x0000000008007fe0       0x28 ./Drivers/STM32F4xx_HAL_Driver/Src/stm32f4xx_hal_pwr.o
                0x0000000008007fe0                HAL_PWR_EnableBkUpAccess
 .text.HAL_PWR_DisableBkUpAccess
                0x0000000008008008       0x28 ./Drivers/STM32F4xx_HAL_Driver/Src/stm32f4xx_hal_pwr.o
                0x0000000008008008                HAL_PWR_DisableBkUpAccess
 .text.HAL_RCC_OscConfig
                0x0000000008008030      0x4f0 ./Drivers/STM32F4xx_HAL_Driver/Src/stm32f4xx_hal_rcc.o
                0x0000000008008030                HAL_RCC_OscConfig
 .text.HAL_RCC_ClockConfig
                0x0000000008008520      0x1cc ./Drivers/STM32F4xx_HAL_Driver/Src/stm32f4xx_hal_rcc.o
                0x0000000008008520                HAL_RCC_ClockConfig
 .text.HAL_RCC_GetSysClockFreq
                0x00000000080086ec      0x20c ./Drivers/STM32F4xx_HAL_Driver/Src/stm32f4xx_hal_rcc.o
                0x00000000080086ec                HAL_RCC_GetSysClockFreq
 .text.HAL_RCC_GetHCLKFreq
                0x00000000080088f8       0x18 ./Drivers/STM32F4xx_HAL_Driver/Src/stm32f4xx_hal_rcc.o
                0x00000000080088f8                HAL_RCC_GetHCLKFreq
 .text.HAL_RCC_GetPCLK1Freq
                0x0000000008008910       0x28 ./Drivers/STM32F4xx_HAL_Driver/Src/stm32f4xx_hal_rcc.o
                0x0000000008008910                HAL_RCC_GetPCLK1Freq
 .text.HAL_RCC_GetPCLK2Freq
                0x0000000008008938       0x28 ./Drivers/STM32F4xx_HAL_Driver/Src/stm32f4xx_hal_rcc.o
                0x0000000008008938                HAL_RCC_GetPCLK2Freq
 .text.HAL_RCC_GetClockConfig
                0x0000000008008960       0x64 ./Drivers/STM32F4xx_HAL_Driver/Src/stm32f4xx_hal_rcc.o
                0x0000000008008960                HAL_RCC_GetClockConfig
 .text.HAL_TIM_Base_Init
                0x00000000080089c4       0x9e ./Drivers/STM32F4xx_HAL_Driver/Src/stm32f4xx_hal_tim.o
                0x00000000080089c4                HAL_TIM_Base_Init
 *fill*         0x0000000008008a62        0x2 
 .text.HAL_TIM_Base_Start_IT
                0x0000000008008a64       0xe0 ./Drivers/STM32F4xx_HAL_Driver/Src/stm32f4xx_hal_tim.o
                0x0000000008008a64                HAL_TIM_Base_Start_IT
 .text.HAL_TIM_PWM_Init
                0x0000000008008b44       0x9e ./Drivers/STM32F4xx_HAL_Driver/Src/stm32f4xx_hal_tim.o
                0x0000000008008b44                HAL_TIM_PWM_Init
 .text.HAL_TIM_PWM_MspInit
                0x0000000008008be2       0x14 ./Drivers/STM32F4xx_HAL_Driver/Src/stm32f4xx_hal_tim.o
                0x0000000008008be2                HAL_TIM_PWM_MspInit
 *fill*         0x0000000008008bf6        0x2 
 .text.HAL_TIM_PWM_Start
                0x0000000008008bf8      0x190 ./Drivers/STM32F4xx_HAL_Driver/Src/stm32f4xx_hal_tim.o
                0x0000000008008bf8                HAL_TIM_PWM_Start
 .text.HAL_TIM_Encoder_Init
                0x0000000008008d88      0x14c ./Drivers/STM32F4xx_HAL_Driver/Src/stm32f4xx_hal_tim.o
                0x0000000008008d88                HAL_TIM_Encoder_Init
 .text.HAL_TIM_Encoder_Start
                0x0000000008008ed4      0x11c ./Drivers/STM32F4xx_HAL_Driver/Src/stm32f4xx_hal_tim.o
                0x0000000008008ed4                HAL_TIM_Encoder_Start
 .text.HAL_TIM_IRQHandler
                0x0000000008008ff0      0x210 ./Drivers/STM32F4xx_HAL_Driver/Src/stm32f4xx_hal_tim.o
                0x0000000008008ff0                HAL_TIM_IRQHandler
 .text.HAL_TIM_PWM_ConfigChannel
                0x0000000008009200      0x184 ./Drivers/STM32F4xx_HAL_Driver/Src/stm32f4xx_hal_tim.o
                0x0000000008009200                HAL_TIM_PWM_ConfigChannel
 .text.HAL_TIM_ConfigClockSource
                0x0000000008009384      0x18e ./Drivers/STM32F4xx_HAL_Driver/Src/stm32f4xx_hal_tim.o
                0x0000000008009384                HAL_TIM_ConfigClockSource
 .text.HAL_TIM_OC_DelayElapsedCallback
                0x0000000008009512       0x14 ./Drivers/STM32F4xx_HAL_Driver/Src/stm32f4xx_hal_tim.o
                0x0000000008009512                HAL_TIM_OC_DelayElapsedCallback
 .text.HAL_TIM_IC_CaptureCallback
                0x0000000008009526       0x14 ./Drivers/STM32F4xx_HAL_Driver/Src/stm32f4xx_hal_tim.o
                0x0000000008009526                HAL_TIM_IC_CaptureCallback
 .text.HAL_TIM_PWM_PulseFinishedCallback
                0x000000000800953a       0x14 ./Drivers/STM32F4xx_HAL_Driver/Src/stm32f4xx_hal_tim.o
                0x000000000800953a                HAL_TIM_PWM_PulseFinishedCallback
 .text.HAL_TIM_TriggerCallback
                0x000000000800954e       0x14 ./Drivers/STM32F4xx_HAL_Driver/Src/stm32f4xx_hal_tim.o
                0x000000000800954e                HAL_TIM_TriggerCallback
 *fill*         0x0000000008009562        0x2 
 .text.TIM_Base_SetConfig
                0x0000000008009564      0x140 ./Drivers/STM32F4xx_HAL_Driver/Src/stm32f4xx_hal_tim.o
                0x0000000008009564                TIM_Base_SetConfig
 .text.TIM_OC1_SetConfig
                0x00000000080096a4       0xe0 ./Drivers/STM32F4xx_HAL_Driver/Src/stm32f4xx_hal_tim.o
 .text.TIM_OC2_SetConfig
                0x0000000008009784       0xec ./Drivers/STM32F4xx_HAL_Driver/Src/stm32f4xx_hal_tim.o
                0x0000000008009784                TIM_OC2_SetConfig
 .text.TIM_OC3_SetConfig
                0x0000000008009870       0xe8 ./Drivers/STM32F4xx_HAL_Driver/Src/stm32f4xx_hal_tim.o
 .text.TIM_OC4_SetConfig
                0x0000000008009958       0xac ./Drivers/STM32F4xx_HAL_Driver/Src/stm32f4xx_hal_tim.o
 .text.TIM_TI1_ConfigInputStage
                0x0000000008009a04       0x5e ./Drivers/STM32F4xx_HAL_Driver/Src/stm32f4xx_hal_tim.o
 .text.TIM_TI2_ConfigInputStage
                0x0000000008009a62       0x60 ./Drivers/STM32F4xx_HAL_Driver/Src/stm32f4xx_hal_tim.o
 .text.TIM_ITRx_SetConfig
                0x0000000008009ac2       0x36 ./Drivers/STM32F4xx_HAL_Driver/Src/stm32f4xx_hal_tim.o
 .text.TIM_ETR_SetConfig
                0x0000000008009af8       0x40 ./Drivers/STM32F4xx_HAL_Driver/Src/stm32f4xx_hal_tim.o
                0x0000000008009af8                TIM_ETR_SetConfig
 .text.TIM_CCxChannelCmd
                0x0000000008009b38       0x4a ./Drivers/STM32F4xx_HAL_Driver/Src/stm32f4xx_hal_tim.o
                0x0000000008009b38                TIM_CCxChannelCmd
 *fill*         0x0000000008009b82        0x2 
 .text.HAL_TIMEx_MasterConfigSynchronization
                0x0000000008009b84       0xf8 ./Drivers/STM32F4xx_HAL_Driver/Src/stm32f4xx_hal_tim_ex.o
                0x0000000008009b84                HAL_TIMEx_MasterConfigSynchronization
 .text.HAL_TIMEx_ConfigBreakDeadTime
                0x0000000008009c7c       0xa4 ./Drivers/STM32F4xx_HAL_Driver/Src/stm32f4xx_hal_tim_ex.o
                0x0000000008009c7c                HAL_TIMEx_ConfigBreakDeadTime
 .text.HAL_TIMEx_CommutCallback
                0x0000000008009d20       0x14 ./Drivers/STM32F4xx_HAL_Driver/Src/stm32f4xx_hal_tim_ex.o
                0x0000000008009d20                HAL_TIMEx_CommutCallback
 .text.HAL_TIMEx_BreakCallback
                0x0000000008009d34       0x14 ./Drivers/STM32F4xx_HAL_Driver/Src/stm32f4xx_hal_tim_ex.o
                0x0000000008009d34                HAL_TIMEx_BreakCallback
 .text.HAL_UART_Init
                0x0000000008009d48       0xb4 ./Drivers/STM32F4xx_HAL_Driver/Src/stm32f4xx_hal_uart.o
                0x0000000008009d48                HAL_UART_Init
 .text.HAL_UART_Transmit
                0x0000000008009dfc      0x124 ./Drivers/STM32F4xx_HAL_Driver/Src/stm32f4xx_hal_uart.o
                0x0000000008009dfc                HAL_UART_Transmit
 .text.HAL_UART_Receive_DMA
                0x0000000008009f20       0x60 ./Drivers/STM32F4xx_HAL_Driver/Src/stm32f4xx_hal_uart.o
                0x0000000008009f20                HAL_UART_Receive_DMA
 .text.HAL_UART_DMAStop
                0x0000000008009f80       0xfe ./Drivers/STM32F4xx_HAL_Driver/Src/stm32f4xx_hal_uart.o
                0x0000000008009f80                HAL_UART_DMAStop
 *fill*         0x000000000800a07e        0x2 
 .text.HAL_UART_IRQHandler
                0x000000000800a080      0x524 ./Drivers/STM32F4xx_HAL_Driver/Src/stm32f4xx_hal_uart.o
                0x000000000800a080                HAL_UART_IRQHandler
 .text.HAL_UART_TxCpltCallback
                0x000000000800a5a4       0x14 ./Drivers/STM32F4xx_HAL_Driver/Src/stm32f4xx_hal_uart.o
                0x000000000800a5a4                HAL_UART_TxCpltCallback
 .text.HAL_UART_TxHalfCpltCallback
                0x000000000800a5b8       0x14 ./Drivers/STM32F4xx_HAL_Driver/Src/stm32f4xx_hal_uart.o
                0x000000000800a5b8                HAL_UART_TxHalfCpltCallback
 .text.HAL_UART_RxHalfCpltCallback
                0x000000000800a5cc       0x14 ./Drivers/STM32F4xx_HAL_Driver/Src/stm32f4xx_hal_uart.o
                0x000000000800a5cc                HAL_UART_RxHalfCpltCallback
 .text.HAL_UART_ErrorCallback
                0x000000000800a5e0       0x14 ./Drivers/STM32F4xx_HAL_Driver/Src/stm32f4xx_hal_uart.o
                0x000000000800a5e0                HAL_UART_ErrorCallback
 .text.HAL_UART_AbortCpltCallback
                0x000000000800a5f4       0x14 ./Drivers/STM32F4xx_HAL_Driver/Src/stm32f4xx_hal_uart.o
                0x000000000800a5f4                HAL_UART_AbortCpltCallback
 .text.HAL_UART_AbortTransmitCpltCallback
                0x000000000800a608       0x14 ./Drivers/STM32F4xx_HAL_Driver/Src/stm32f4xx_hal_uart.o
                0x000000000800a608                HAL_UART_AbortTransmitCpltCallback
 .text.HAL_UART_AbortReceiveCpltCallback
                0x000000000800a61c       0x14 ./Drivers/STM32F4xx_HAL_Driver/Src/stm32f4xx_hal_uart.o
                0x000000000800a61c                HAL_UART_AbortReceiveCpltCallback
 .text.HAL_UARTEx_RxEventCallback
                0x000000000800a630       0x18 ./Drivers/STM32F4xx_HAL_Driver/Src/stm32f4xx_hal_uart.o
                0x000000000800a630                HAL_UARTEx_RxEventCallback
 .text.UART_InitCallbacksToDefault
                0x000000000800a648       0x70 ./Drivers/STM32F4xx_HAL_Driver/Src/stm32f4xx_hal_uart.o
                0x000000000800a648                UART_InitCallbacksToDefault
 .text.UART_DMAReceiveCplt
                0x000000000800a6b8      0x12a ./Drivers/STM32F4xx_HAL_Driver/Src/stm32f4xx_hal_uart.o
 .text.UART_DMARxHalfCplt
                0x000000000800a7e2       0x3a ./Drivers/STM32F4xx_HAL_Driver/Src/stm32f4xx_hal_uart.o
 .text.UART_DMAError
                0x000000000800a81c       0x96 ./Drivers/STM32F4xx_HAL_Driver/Src/stm32f4xx_hal_uart.o
 .text.UART_WaitOnFlagUntilTimeout
                0x000000000800a8b2       0xdc ./Drivers/STM32F4xx_HAL_Driver/Src/stm32f4xx_hal_uart.o
 *fill*         0x000000000800a98e        0x2 
 .text.UART_Start_Receive_DMA
                0x000000000800a990      0x13c ./Drivers/STM32F4xx_HAL_Driver/Src/stm32f4xx_hal_uart.o
                0x000000000800a990                UART_Start_Receive_DMA
 .text.UART_EndTxTransfer
                0x000000000800aacc       0x50 ./Drivers/STM32F4xx_HAL_Driver/Src/stm32f4xx_hal_uart.o
 .text.UART_EndRxTransfer
                0x000000000800ab1c       0xc6 ./Drivers/STM32F4xx_HAL_Driver/Src/stm32f4xx_hal_uart.o
 .text.UART_DMAAbortOnError
                0x000000000800abe2       0x2a ./Drivers/STM32F4xx_HAL_Driver/Src/stm32f4xx_hal_uart.o
 .text.UART_Transmit_IT
                0x000000000800ac0c       0xa0 ./Drivers/STM32F4xx_HAL_Driver/Src/stm32f4xx_hal_uart.o
 .text.UART_EndTransmit_IT
                0x000000000800acac       0x32 ./Drivers/STM32F4xx_HAL_Driver/Src/stm32f4xx_hal_uart.o
 .text.UART_Receive_IT
                0x000000000800acde      0x17a ./Drivers/STM32F4xx_HAL_Driver/Src/stm32f4xx_hal_uart.o
 .text.UART_SetConfig
                0x000000000800ae58      0x4e8 ./Drivers/STM32F4xx_HAL_Driver/Src/stm32f4xx_hal_uart.o
 .text.__NVIC_SetPriority
                0x000000000800b340       0x54 ./Middlewares/Third_Party/FreeRTOS/Source/CMSIS_RTOS_V2/cmsis_os2.o
 .text.SysTick_Handler
                0x000000000800b394       0x20 ./Middlewares/Third_Party/FreeRTOS/Source/CMSIS_RTOS_V2/cmsis_os2.o
                0x000000000800b394                SysTick_Handler
 .text.SVC_Setup
                0x000000000800b3b4       0x12 ./Middlewares/Third_Party/FreeRTOS/Source/CMSIS_RTOS_V2/cmsis_os2.o
 *fill*         0x000000000800b3c6        0x2 
 .text.osKernelInitialize
                0x000000000800b3c8       0x48 ./Middlewares/Third_Party/FreeRTOS/Source/CMSIS_RTOS_V2/cmsis_os2.o
                0x000000000800b3c8                osKernelInitialize
 .text.osKernelStart
                0x000000000800b410       0x4c ./Middlewares/Third_Party/FreeRTOS/Source/CMSIS_RTOS_V2/cmsis_os2.o
                0x000000000800b410                osKernelStart
 .text.osThreadNew
                0x000000000800b45c      0x126 ./Middlewares/Third_Party/FreeRTOS/Source/CMSIS_RTOS_V2/cmsis_os2.o
                0x000000000800b45c                osThreadNew
 *fill*         0x000000000800b582        0x2 
 .text.osThreadYield
                0x000000000800b584       0x40 ./Middlewares/Third_Party/FreeRTOS/Source/CMSIS_RTOS_V2/cmsis_os2.o
                0x000000000800b584                osThreadYield
 .text.osDelay  0x000000000800b5c4       0x36 ./Middlewares/Third_Party/FreeRTOS/Source/CMSIS_RTOS_V2/cmsis_os2.o
                0x000000000800b5c4                osDelay
 .text.osMessageQueueNew
                0x000000000800b5fa       0xe6 ./Middlewares/Third_Party/FreeRTOS/Source/CMSIS_RTOS_V2/cmsis_os2.o
                0x000000000800b5fa                osMessageQueueNew
 .text.osMessageQueuePut
                0x000000000800b6e0       0xc0 ./Middlewares/Third_Party/FreeRTOS/Source/CMSIS_RTOS_V2/cmsis_os2.o
                0x000000000800b6e0                osMessageQueuePut
 .text.osMessageQueueGet
                0x000000000800b7a0       0xbc ./Middlewares/Third_Party/FreeRTOS/Source/CMSIS_RTOS_V2/cmsis_os2.o
                0x000000000800b7a0                osMessageQueueGet
 .text.osMessageQueueGetCount
                0x000000000800b85c       0x40 ./Middlewares/Third_Party/FreeRTOS/Source/CMSIS_RTOS_V2/cmsis_os2.o
                0x000000000800b85c                osMessageQueueGetCount
 .text.vApplicationGetIdleTaskMemory
                0x000000000800b89c       0x34 ./Middlewares/Third_Party/FreeRTOS/Source/CMSIS_RTOS_V2/cmsis_os2.o
                0x000000000800b89c                vApplicationGetIdleTaskMemory
 .text.vApplicationGetTimerTaskMemory
                0x000000000800b8d0       0x34 ./Middlewares/Third_Party/FreeRTOS/Source/CMSIS_RTOS_V2/cmsis_os2.o
                0x000000000800b8d0                vApplicationGetTimerTaskMemory
 .text.vListInitialise
                0x000000000800b904       0x40 ./Middlewares/Third_Party/FreeRTOS/Source/list.o
                0x000000000800b904                vListInitialise
 .text.vListInitialiseItem
                0x000000000800b944       0x1a ./Middlewares/Third_Party/FreeRTOS/Source/list.o
                0x000000000800b944                vListInitialiseItem
 .text.vListInsertEnd
                0x000000000800b95e       0x48 ./Middlewares/Third_Party/FreeRTOS/Source/list.o
                0x000000000800b95e                vListInsertEnd
 .text.vListInsert
                0x000000000800b9a6       0x72 ./Middlewares/Third_Party/FreeRTOS/Source/list.o
                0x000000000800b9a6                vListInsert
 .text.uxListRemove
                0x000000000800ba18       0x54 ./Middlewares/Third_Party/FreeRTOS/Source/list.o
                0x000000000800ba18                uxListRemove
 .text.xQueueGenericReset
                0x000000000800ba6c       0xb6 ./Middlewares/Third_Party/FreeRTOS/Source/queue.o
                0x000000000800ba6c                xQueueGenericReset
 .text.xQueueGenericCreateStatic
                0x000000000800bb22       0xf0 ./Middlewares/Third_Party/FreeRTOS/Source/queue.o
                0x000000000800bb22                xQueueGenericCreateStatic
 .text.xQueueGenericCreate
                0x000000000800bc12       0x74 ./Middlewares/Third_Party/FreeRTOS/Source/queue.o
                0x000000000800bc12                xQueueGenericCreate
 .text.prvInitialiseNewQueue
                0x000000000800bc86       0x46 ./Middlewares/Third_Party/FreeRTOS/Source/queue.o
 .text.xQueueGenericSend
                0x000000000800bccc      0x1cc ./Middlewares/Third_Party/FreeRTOS/Source/queue.o
                0x000000000800bccc                xQueueGenericSend
 .text.xQueueGenericSendFromISR
                0x000000000800be98      0x136 ./Middlewares/Third_Party/FreeRTOS/Source/queue.o
                0x000000000800be98                xQueueGenericSendFromISR
 *fill*         0x000000000800bfce        0x2 
 .text.xQueueReceive
                0x000000000800bfd0      0x1a8 ./Middlewares/Third_Party/FreeRTOS/Source/queue.o
                0x000000000800bfd0                xQueueReceive
 .text.xQueueReceiveFromISR
                0x000000000800c178      0x100 ./Middlewares/Third_Party/FreeRTOS/Source/queue.o
                0x000000000800c178                xQueueReceiveFromISR
 .text.uxQueueMessagesWaiting
                0x000000000800c278       0x3c ./Middlewares/Third_Party/FreeRTOS/Source/queue.o
                0x000000000800c278                uxQueueMessagesWaiting
 .text.uxQueueMessagesWaitingFromISR
                0x000000000800c2b4       0x3c ./Middlewares/Third_Party/FreeRTOS/Source/queue.o
                0x000000000800c2b4                uxQueueMessagesWaitingFromISR
 .text.prvCopyDataToQueue
                0x000000000800c2f0       0xd4 ./Middlewares/Third_Party/FreeRTOS/Source/queue.o
 .text.prvCopyDataFromQueue
                0x000000000800c3c4       0x4c ./Middlewares/Third_Party/FreeRTOS/Source/queue.o
 .text.prvUnlockQueue
                0x000000000800c410       0xa4 ./Middlewares/Third_Party/FreeRTOS/Source/queue.o
 .text.prvIsQueueEmpty
                0x000000000800c4b4       0x2c ./Middlewares/Third_Party/FreeRTOS/Source/queue.o
 .text.prvIsQueueFull
                0x000000000800c4e0       0x30 ./Middlewares/Third_Party/FreeRTOS/Source/queue.o
 .text.vQueueAddToRegistry
                0x000000000800c510       0x54 ./Middlewares/Third_Party/FreeRTOS/Source/queue.o
                0x000000000800c510                vQueueAddToRegistry
 .text.vQueueWaitForMessageRestricted
                0x000000000800c564       0x68 ./Middlewares/Third_Party/FreeRTOS/Source/queue.o
                0x000000000800c564                vQueueWaitForMessageRestricted
 .text.xTaskCreateStatic
                0x000000000800c5cc       0xba ./Middlewares/Third_Party/FreeRTOS/Source/tasks.o
                0x000000000800c5cc                xTaskCreateStatic
 .text.xTaskCreate
                0x000000000800c686       0x8a ./Middlewares/Third_Party/FreeRTOS/Source/tasks.o
                0x000000000800c686                xTaskCreate
 .text.prvInitialiseNewTask
                0x000000000800c710      0x14c ./Middlewares/Third_Party/FreeRTOS/Source/tasks.o
 .text.prvAddNewTaskToReadyList
                0x000000000800c85c       0xc0 ./Middlewares/Third_Party/FreeRTOS/Source/tasks.o
 .text.vTaskDelay
                0x000000000800c91c       0x68 ./Middlewares/Third_Party/FreeRTOS/Source/tasks.o
                0x000000000800c91c                vTaskDelay
 .text.vTaskStartScheduler
                0x000000000800c984       0xe0 ./Middlewares/Third_Party/FreeRTOS/Source/tasks.o
                0x000000000800c984                vTaskStartScheduler
 .text.vTaskSuspendAll
                0x000000000800ca64       0x1c ./Middlewares/Third_Party/FreeRTOS/Source/tasks.o
                0x000000000800ca64                vTaskSuspendAll
 .text.xTaskResumeAll
                0x000000000800ca80      0x120 ./Middlewares/Third_Party/FreeRTOS/Source/tasks.o
                0x000000000800ca80                xTaskResumeAll
 .text.xTaskGetTickCount
                0x000000000800cba0       0x20 ./Middlewares/Third_Party/FreeRTOS/Source/tasks.o
                0x000000000800cba0                xTaskGetTickCount
 .text.xTaskIncrementTick
                0x000000000800cbc0      0x12c ./Middlewares/Third_Party/FreeRTOS/Source/tasks.o
                0x000000000800cbc0                xTaskIncrementTick
 .text.vTaskSwitchContext
                0x000000000800ccec       0xc8 ./Middlewares/Third_Party/FreeRTOS/Source/tasks.o
                0x000000000800ccec                vTaskSwitchContext
 .text.vTaskPlaceOnEventList
                0x000000000800cdb4       0x48 ./Middlewares/Third_Party/FreeRTOS/Source/tasks.o
                0x000000000800cdb4                vTaskPlaceOnEventList
 .text.vTaskPlaceOnEventListRestricted
                0x000000000800cdfc       0x58 ./Middlewares/Third_Party/FreeRTOS/Source/tasks.o
                0x000000000800cdfc                vTaskPlaceOnEventListRestricted
 .text.xTaskRemoveFromEventList
                0x000000000800ce54       0xc8 ./Middlewares/Third_Party/FreeRTOS/Source/tasks.o
                0x000000000800ce54                xTaskRemoveFromEventList
 .text.vTaskInternalSetTimeOutState
                0x000000000800cf1c       0x2c ./Middlewares/Third_Party/FreeRTOS/Source/tasks.o
                0x000000000800cf1c                vTaskInternalSetTimeOutState
 .text.xTaskCheckForTimeOut
                0x000000000800cf48       0xc4 ./Middlewares/Third_Party/FreeRTOS/Source/tasks.o
                0x000000000800cf48                xTaskCheckForTimeOut
 .text.vTaskMissedYield
                0x000000000800d00c       0x18 ./Middlewares/Third_Party/FreeRTOS/Source/tasks.o
                0x000000000800d00c                vTaskMissedYield
 .text.prvIdleTask
                0x000000000800d024       0x24 ./Middlewares/Third_Party/FreeRTOS/Source/tasks.o
 .text.prvInitialiseTaskLists
                0x000000000800d048       0x80 ./Middlewares/Third_Party/FreeRTOS/Source/tasks.o
 .text.prvCheckTasksWaitingTermination
                0x000000000800d0c8       0x5c ./Middlewares/Third_Party/FreeRTOS/Source/tasks.o
 .text.prvDeleteTCB
                0x000000000800d124       0x68 ./Middlewares/Third_Party/FreeRTOS/Source/tasks.o
 .text.prvResetNextTaskUnblockTime
                0x000000000800d18c       0x40 ./Middlewares/Third_Party/FreeRTOS/Source/tasks.o
 .text.xTaskGetSchedulerState
                0x000000000800d1cc       0x3c ./Middlewares/Third_Party/FreeRTOS/Source/tasks.o
                0x000000000800d1cc                xTaskGetSchedulerState
 .text.xTaskPriorityDisinherit
                0x000000000800d208       0xdc ./Middlewares/Third_Party/FreeRTOS/Source/tasks.o
                0x000000000800d208                xTaskPriorityDisinherit
 .text.prvAddCurrentTaskToDelayedList
                0x000000000800d2e4       0xa8 ./Middlewares/Third_Party/FreeRTOS/Source/tasks.o
 .text.xTimerCreateTimerTask
                0x000000000800d38c       0x90 ./Middlewares/Third_Party/FreeRTOS/Source/timers.o
                0x000000000800d38c                xTimerCreateTimerTask
 .text.xTimerGenericCommand
                0x000000000800d41c       0x9c ./Middlewares/Third_Party/FreeRTOS/Source/timers.o
                0x000000000800d41c                xTimerGenericCommand
 .text.prvProcessExpiredTimer
                0x000000000800d4b8       0x98 ./Middlewares/Third_Party/FreeRTOS/Source/timers.o
 .text.prvTimerTask
                0x000000000800d550       0x24 ./Middlewares/Third_Party/FreeRTOS/Source/timers.o
 .text.prvProcessTimerOrBlockTask
                0x000000000800d574       0x9c ./Middlewares/Third_Party/FreeRTOS/Source/timers.o
 .text.prvGetNextExpireTime
                0x000000000800d610       0x48 ./Middlewares/Third_Party/FreeRTOS/Source/timers.o
 .text.prvSampleTimeNow
                0x000000000800d658       0x40 ./Middlewares/Third_Party/FreeRTOS/Source/timers.o
 .text.prvInsertTimerInActiveList
                0x000000000800d698       0x84 ./Middlewares/Third_Party/FreeRTOS/Source/timers.o
 .text.prvProcessReceivedCommands
                0x000000000800d71c      0x1c4 ./Middlewares/Third_Party/FreeRTOS/Source/timers.o
 .text.prvSwitchTimerLists
                0x000000000800d8e0       0xc8 ./Middlewares/Third_Party/FreeRTOS/Source/timers.o
 .text.prvCheckForValidListAndQueue
                0x000000000800d9a8       0x80 ./Middlewares/Third_Party/FreeRTOS/Source/timers.o
 .text.pxPortInitialiseStack
                0x000000000800da28       0x68 ./Middlewares/Third_Party/FreeRTOS/Source/portable/GCC/ARM_CM4F/port.o
                0x000000000800da28                pxPortInitialiseStack
 .text.prvTaskExitError
                0x000000000800da90       0x58 ./Middlewares/Third_Party/FreeRTOS/Source/portable/GCC/ARM_CM4F/port.o
 *fill*         0x000000000800dae8        0x8 
 .text.SVC_Handler
                0x000000000800daf0       0x28 ./Middlewares/Third_Party/FreeRTOS/Source/portable/GCC/ARM_CM4F/port.o
                0x000000000800daf0                SVC_Handler
 .text.prvPortStartFirstTask
                0x000000000800db18       0x28 ./Middlewares/Third_Party/FreeRTOS/Source/portable/GCC/ARM_CM4F/port.o
 .text.xPortStartScheduler
                0x000000000800db40      0x144 ./Middlewares/Third_Party/FreeRTOS/Source/portable/GCC/ARM_CM4F/port.o
                0x000000000800db40                xPortStartScheduler
 .text.vPortEnterCritical
                0x000000000800dc84       0x60 ./Middlewares/Third_Party/FreeRTOS/Source/portable/GCC/ARM_CM4F/port.o
                0x000000000800dc84                vPortEnterCritical
 .text.vPortExitCritical
                0x000000000800dce4       0x54 ./Middlewares/Third_Party/FreeRTOS/Source/portable/GCC/ARM_CM4F/port.o
                0x000000000800dce4                vPortExitCritical
 *fill*         0x000000000800dd38        0x8 
 .text.PendSV_Handler
                0x000000000800dd40       0x68 ./Middlewares/Third_Party/FreeRTOS/Source/portable/GCC/ARM_CM4F/port.o
                0x000000000800dd40                PendSV_Handler
 .text.xPortSysTickHandler
                0x000000000800dda8       0x44 ./Middlewares/Third_Party/FreeRTOS/Source/portable/GCC/ARM_CM4F/port.o
                0x000000000800dda8                xPortSysTickHandler
 .text.vPortSetupTimerInterrupt
                0x000000000800ddec       0x48 ./Middlewares/Third_Party/FreeRTOS/Source/portable/GCC/ARM_CM4F/port.o
                0x000000000800ddec                vPortSetupTimerInterrupt
 .text.vPortEnableVFP
                0x000000000800de34       0x14 ./Middlewares/Third_Party/FreeRTOS/Source/portable/GCC/ARM_CM4F/port.o
 .text.vPortValidateInterruptPriority
                0x000000000800de48       0x80 ./Middlewares/Third_Party/FreeRTOS/Source/portable/GCC/ARM_CM4F/port.o
                0x000000000800de48                vPortValidateInterruptPriority
 .text.pvPortMalloc
                0x000000000800dec8      0x198 ./Middlewares/Third_Party/FreeRTOS/Source/portable/MemMang/heap_4.o
                0x000000000800dec8                pvPortMalloc
 .text.vPortFree
                0x000000000800e060       0xc4 ./Middlewares/Third_Party/FreeRTOS/Source/portable/MemMang/heap_4.o
                0x000000000800e060                vPortFree
 .text.prvHeapInit
                0x000000000800e124       0xc4 ./Middlewares/Third_Party/FreeRTOS/Source/portable/MemMang/heap_4.o
 .text.prvInsertBlockIntoFreeList
                0x000000000800e1e8       0xb4 ./Middlewares/Third_Party/FreeRTOS/Source/portable/MemMang/heap_4.o
 .text._Znwj    0x000000000800e29c       0x22 c:/st/stm32cubeide_1.11.0/stm32cubeide/plugins/com.st.stm32cube.ide.mcu.externaltools.gnu-tools-for-stm32.10.3-2021.10.win32_1.0.100.202210260954/tools/bin/../lib/gcc/arm-none-eabi/10.3.1/../../../../arm-none-eabi/lib/thumb/v7e-m+fp/hard\libstdc++_nano.a(new_op.o)
                0x000000000800e29c                operator new(unsigned int)
 *fill*         0x000000000800e2be        0x2 
 .text._ZSt15get_new_handlerv
                0x000000000800e2c0       0x10 c:/st/stm32cubeide_1.11.0/stm32cubeide/plugins/com.st.stm32cube.ide.mcu.externaltools.gnu-tools-for-stm32.10.3-2021.10.win32_1.0.100.202210260954/tools/bin/../lib/gcc/arm-none-eabi/10.3.1/../../../../arm-none-eabi/lib/thumb/v7e-m+fp/hard\libstdc++_nano.a(new_handler.o)
                0x000000000800e2c0                std::get_new_handler()
 .text.roundf   0x000000000800e2d0       0x48 c:/st/stm32cubeide_1.11.0/stm32cubeide/plugins/com.st.stm32cube.ide.mcu.externaltools.gnu-tools-for-stm32.10.3-2021.10.win32_1.0.100.202210260954/tools/bin/../lib/gcc/arm-none-eabi/10.3.1/../../../../arm-none-eabi/lib/thumb/v7e-m+fp/hard\libm.a(lib_a-sf_round.o)
                0x000000000800e2d0                roundf
 .text.atan2    0x000000000800e318        0x4 c:/st/stm32cubeide_1.11.0/stm32cubeide/plugins/com.st.stm32cube.ide.mcu.externaltools.gnu-tools-for-stm32.10.3-2021.10.win32_1.0.100.202210260954/tools/bin/../lib/gcc/arm-none-eabi/10.3.1/../../../../arm-none-eabi/lib/thumb/v7e-m+fp/hard\libm.a(lib_a-w_atan2.o)
                0x000000000800e318                atan2
 .text.pow      0x000000000800e31c       0xe0 c:/st/stm32cubeide_1.11.0/stm32cubeide/plugins/com.st.stm32cube.ide.mcu.externaltools.gnu-tools-for-stm32.10.3-2021.10.win32_1.0.100.202210260954/tools/bin/../lib/gcc/arm-none-eabi/10.3.1/../../../../arm-none-eabi/lib/thumb/v7e-m+fp/hard\libm.a(lib_a-w_pow.o)
                0x000000000800e31c                pow
 .text.sqrt     0x000000000800e3fc       0x58 c:/st/stm32cubeide_1.11.0/stm32cubeide/plugins/com.st.stm32cube.ide.mcu.externaltools.gnu-tools-for-stm32.10.3-2021.10.win32_1.0.100.202210260954/tools/bin/../lib/gcc/arm-none-eabi/10.3.1/../../../../arm-none-eabi/lib/thumb/v7e-m+fp/hard\libm.a(lib_a-w_sqrt.o)
                0x000000000800e3fc                sqrt
 *fill*         0x000000000800e454        0x4 
 .text.__ieee754_atan2
                0x000000000800e458      0x194 c:/st/stm32cubeide_1.11.0/stm32cubeide/plugins/com.st.stm32cube.ide.mcu.externaltools.gnu-tools-for-stm32.10.3-2021.10.win32_1.0.100.202210260954/tools/bin/../lib/gcc/arm-none-eabi/10.3.1/../../../../arm-none-eabi/lib/thumb/v7e-m+fp/hard\libm.a(lib_a-e_atan2.o)
                0x000000000800e458                __ieee754_atan2
 *fill*         0x000000000800e5ec        0x4 
 .text.__ieee754_pow
                0x000000000800e5f0      0xa5c c:/st/stm32cubeide_1.11.0/stm32cubeide/plugins/com.st.stm32cube.ide.mcu.externaltools.gnu-tools-for-stm32.10.3-2021.10.win32_1.0.100.202210260954/tools/bin/../lib/gcc/arm-none-eabi/10.3.1/../../../../arm-none-eabi/lib/thumb/v7e-m+fp/hard\libm.a(lib_a-e_pow.o)
                0x000000000800e5f0                __ieee754_pow
 .text.__ieee754_sqrt
                0x000000000800f04c      0x164 c:/st/stm32cubeide_1.11.0/stm32cubeide/plugins/com.st.stm32cube.ide.mcu.externaltools.gnu-tools-for-stm32.10.3-2021.10.win32_1.0.100.202210260954/tools/bin/../lib/gcc/arm-none-eabi/10.3.1/../../../../arm-none-eabi/lib/thumb/v7e-m+fp/hard\libm.a(lib_a-e_sqrt.o)
                0x000000000800f04c                __ieee754_sqrt
 .text.with_errno
                0x000000000800f1b0       0x14 c:/st/stm32cubeide_1.11.0/stm32cubeide/plugins/com.st.stm32cube.ide.mcu.externaltools.gnu-tools-for-stm32.10.3-2021.10.win32_1.0.100.202210260954/tools/bin/../lib/gcc/arm-none-eabi/10.3.1/../../../../arm-none-eabi/lib/thumb/v7e-m+fp/hard\libm.a(lib_a-math_err.o)
 .text.xflow    0x000000000800f1c4       0x28 c:/st/stm32cubeide_1.11.0/stm32cubeide/plugins/com.st.stm32cube.ide.mcu.externaltools.gnu-tools-for-stm32.10.3-2021.10.win32_1.0.100.202210260954/tools/bin/../lib/gcc/arm-none-eabi/10.3.1/../../../../arm-none-eabi/lib/thumb/v7e-m+fp/hard\libm.a(lib_a-math_err.o)
 .text.__math_uflow
                0x000000000800f1ec       0x12 c:/st/stm32cubeide_1.11.0/stm32cubeide/plugins/com.st.stm32cube.ide.mcu.externaltools.gnu-tools-for-stm32.10.3-2021.10.win32_1.0.100.202210260954/tools/bin/../lib/gcc/arm-none-eabi/10.3.1/../../../../arm-none-eabi/lib/thumb/v7e-m+fp/hard\libm.a(lib_a-math_err.o)
                0x000000000800f1ec                __math_uflow
 .text.__math_oflow
                0x000000000800f1fe       0x12 c:/st/stm32cubeide_1.11.0/stm32cubeide/plugins/com.st.stm32cube.ide.mcu.externaltools.gnu-tools-for-stm32.10.3-2021.10.win32_1.0.100.202210260954/tools/bin/../lib/gcc/arm-none-eabi/10.3.1/../../../../arm-none-eabi/lib/thumb/v7e-m+fp/hard\libm.a(lib_a-math_err.o)
                0x000000000800f1fe                __math_oflow
 .text.atan     0x000000000800f210      0x340 c:/st/stm32cubeide_1.11.0/stm32cubeide/plugins/com.st.stm32cube.ide.mcu.externaltools.gnu-tools-for-stm32.10.3-2021.10.win32_1.0.100.202210260954/tools/bin/../lib/gcc/arm-none-eabi/10.3.1/../../../../arm-none-eabi/lib/thumb/v7e-m+fp/hard\libm.a(lib_a-s_atan.o)
                0x000000000800f210                atan
 .text.fabs     0x000000000800f550       0x12 c:/st/stm32cubeide_1.11.0/stm32cubeide/plugins/com.st.stm32cube.ide.mcu.externaltools.gnu-tools-for-stm32.10.3-2021.10.win32_1.0.100.202210260954/tools/bin/../lib/gcc/arm-none-eabi/10.3.1/../../../../arm-none-eabi/lib/thumb/v7e-m+fp/hard\libm.a(lib_a-s_fabs.o)
                0x000000000800f550                fabs
 .text.finite   0x000000000800f562       0x16 c:/st/stm32cubeide_1.11.0/stm32cubeide/plugins/com.st.stm32cube.ide.mcu.externaltools.gnu-tools-for-stm32.10.3-2021.10.win32_1.0.100.202210260954/tools/bin/../lib/gcc/arm-none-eabi/10.3.1/../../../../arm-none-eabi/lib/thumb/v7e-m+fp/hard\libm.a(lib_a-s_finite.o)
                0x000000000800f562                finite
 .text.scalbn   0x000000000800f578      0x10c c:/st/stm32cubeide_1.11.0/stm32cubeide/plugins/com.st.stm32cube.ide.mcu.externaltools.gnu-tools-for-stm32.10.3-2021.10.win32_1.0.100.202210260954/tools/bin/../lib/gcc/arm-none-eabi/10.3.1/../../../../arm-none-eabi/lib/thumb/v7e-m+fp/hard\libm.a(lib_a-s_scalbn.o)
                0x000000000800f578                scalbn
 .text.abort    0x000000000800f684        0xe c:/st/stm32cubeide_1.11.0/stm32cubeide/plugins/com.st.stm32cube.ide.mcu.externaltools.gnu-tools-for-stm32.10.3-2021.10.win32_1.0.100.202210260954/tools/bin/../lib/gcc/arm-none-eabi/10.3.1/../../../../arm-none-eabi/lib/thumb/v7e-m+fp/hard\libc_nano.a(lib_a-abort.o)
                0x000000000800f684                abort
 *fill*         0x000000000800f692        0x2 
 .text.__errno  0x000000000800f694        0xc c:/st/stm32cubeide_1.11.0/stm32cubeide/plugins/com.st.stm32cube.ide.mcu.externaltools.gnu-tools-for-stm32.10.3-2021.10.win32_1.0.100.202210260954/tools/bin/../lib/gcc/arm-none-eabi/10.3.1/../../../../arm-none-eabi/lib/thumb/v7e-m+fp/hard\libc_nano.a(lib_a-errno.o)
                0x000000000800f694                __errno
 .text.std      0x000000000800f6a0       0x48 c:/st/stm32cubeide_1.11.0/stm32cubeide/plugins/com.st.stm32cube.ide.mcu.externaltools.gnu-tools-for-stm32.10.3-2021.10.win32_1.0.100.202210260954/tools/bin/../lib/gcc/arm-none-eabi/10.3.1/../../../../arm-none-eabi/lib/thumb/v7e-m+fp/hard\libc_nano.a(lib_a-findfp.o)
 .text._cleanup_r
                0x000000000800f6e8        0xc c:/st/stm32cubeide_1.11.0/stm32cubeide/plugins/com.st.stm32cube.ide.mcu.externaltools.gnu-tools-for-stm32.10.3-2021.10.win32_1.0.100.202210260954/tools/bin/../lib/gcc/arm-none-eabi/10.3.1/../../../../arm-none-eabi/lib/thumb/v7e-m+fp/hard\libc_nano.a(lib_a-findfp.o)
                0x000000000800f6e8                _cleanup_r
 .text.__sfmoreglue
                0x000000000800f6f4       0x2c c:/st/stm32cubeide_1.11.0/stm32cubeide/plugins/com.st.stm32cube.ide.mcu.externaltools.gnu-tools-for-stm32.10.3-2021.10.win32_1.0.100.202210260954/tools/bin/../lib/gcc/arm-none-eabi/10.3.1/../../../../arm-none-eabi/lib/thumb/v7e-m+fp/hard\libc_nano.a(lib_a-findfp.o)
                0x000000000800f6f4                __sfmoreglue
 .text.__sfp_lock_acquire
                0x000000000800f720        0xc c:/st/stm32cubeide_1.11.0/stm32cubeide/plugins/com.st.stm32cube.ide.mcu.externaltools.gnu-tools-for-stm32.10.3-2021.10.win32_1.0.100.202210260954/tools/bin/../lib/gcc/arm-none-eabi/10.3.1/../../../../arm-none-eabi/lib/thumb/v7e-m+fp/hard\libc_nano.a(lib_a-findfp.o)
                0x000000000800f720                __sfp_lock_acquire
 .text.__sfp_lock_release
                0x000000000800f72c        0xc c:/st/stm32cubeide_1.11.0/stm32cubeide/plugins/com.st.stm32cube.ide.mcu.externaltools.gnu-tools-for-stm32.10.3-2021.10.win32_1.0.100.202210260954/tools/bin/../lib/gcc/arm-none-eabi/10.3.1/../../../../arm-none-eabi/lib/thumb/v7e-m+fp/hard\libc_nano.a(lib_a-findfp.o)
                0x000000000800f72c                __sfp_lock_release
 .text.__sinit_lock_acquire
                0x000000000800f738        0xc c:/st/stm32cubeide_1.11.0/stm32cubeide/plugins/com.st.stm32cube.ide.mcu.externaltools.gnu-tools-for-stm32.10.3-2021.10.win32_1.0.100.202210260954/tools/bin/../lib/gcc/arm-none-eabi/10.3.1/../../../../arm-none-eabi/lib/thumb/v7e-m+fp/hard\libc_nano.a(lib_a-findfp.o)
                0x000000000800f738                __sinit_lock_acquire
 .text.__sinit_lock_release
                0x000000000800f744        0xc c:/st/stm32cubeide_1.11.0/stm32cubeide/plugins/com.st.stm32cube.ide.mcu.externaltools.gnu-tools-for-stm32.10.3-2021.10.win32_1.0.100.202210260954/tools/bin/../lib/gcc/arm-none-eabi/10.3.1/../../../../arm-none-eabi/lib/thumb/v7e-m+fp/hard\libc_nano.a(lib_a-findfp.o)
                0x000000000800f744                __sinit_lock_release
 .text.__sinit  0x000000000800f750       0x70 c:/st/stm32cubeide_1.11.0/stm32cubeide/plugins/com.st.stm32cube.ide.mcu.externaltools.gnu-tools-for-stm32.10.3-2021.10.win32_1.0.100.202210260954/tools/bin/../lib/gcc/arm-none-eabi/10.3.1/../../../../arm-none-eabi/lib/thumb/v7e-m+fp/hard\libc_nano.a(lib_a-findfp.o)
                0x000000000800f750                __sinit
 .text.__sfp    0x000000000800f7c0       0x8c c:/st/stm32cubeide_1.11.0/stm32cubeide/plugins/com.st.stm32cube.ide.mcu.externaltools.gnu-tools-for-stm32.10.3-2021.10.win32_1.0.100.202210260954/tools/bin/../lib/gcc/arm-none-eabi/10.3.1/../../../../arm-none-eabi/lib/thumb/v7e-m+fp/hard\libc_nano.a(lib_a-findfp.o)
                0x000000000800f7c0                __sfp
 .text._fwalk_reent
                0x000000000800f84c       0x3e c:/st/stm32cubeide_1.11.0/stm32cubeide/plugins/com.st.stm32cube.ide.mcu.externaltools.gnu-tools-for-stm32.10.3-2021.10.win32_1.0.100.202210260954/tools/bin/../lib/gcc/arm-none-eabi/10.3.1/../../../../arm-none-eabi/lib/thumb/v7e-m+fp/hard\libc_nano.a(lib_a-fwalk.o)
                0x000000000800f84c                _fwalk_reent
 *fill*         0x000000000800f88a        0x2 
 .text.__libc_init_array
                0x000000000800f88c       0x48 c:/st/stm32cubeide_1.11.0/stm32cubeide/plugins/com.st.stm32cube.ide.mcu.externaltools.gnu-tools-for-stm32.10.3-2021.10.win32_1.0.100.202210260954/tools/bin/../lib/gcc/arm-none-eabi/10.3.1/../../../../arm-none-eabi/lib/thumb/v7e-m+fp/hard\libc_nano.a(lib_a-init.o)
                0x000000000800f88c                __libc_init_array
 .text.malloc   0x000000000800f8d4       0x10 c:/st/stm32cubeide_1.11.0/stm32cubeide/plugins/com.st.stm32cube.ide.mcu.externaltools.gnu-tools-for-stm32.10.3-2021.10.win32_1.0.100.202210260954/tools/bin/../lib/gcc/arm-none-eabi/10.3.1/../../../../arm-none-eabi/lib/thumb/v7e-m+fp/hard\libc_nano.a(lib_a-malloc.o)
                0x000000000800f8d4                malloc
 .text.memcpy   0x000000000800f8e4       0x1c c:/st/stm32cubeide_1.11.0/stm32cubeide/plugins/com.st.stm32cube.ide.mcu.externaltools.gnu-tools-for-stm32.10.3-2021.10.win32_1.0.100.202210260954/tools/bin/../lib/gcc/arm-none-eabi/10.3.1/../../../../arm-none-eabi/lib/thumb/v7e-m+fp/hard\libc_nano.a(lib_a-memcpy-stub.o)
                0x000000000800f8e4                memcpy
 .text.memset   0x000000000800f900       0x10 c:/st/stm32cubeide_1.11.0/stm32cubeide/plugins/com.st.stm32cube.ide.mcu.externaltools.gnu-tools-for-stm32.10.3-2021.10.win32_1.0.100.202210260954/tools/bin/../lib/gcc/arm-none-eabi/10.3.1/../../../../arm-none-eabi/lib/thumb/v7e-m+fp/hard\libc_nano.a(lib_a-memset.o)
                0x000000000800f900                memset
 .text._free_r  0x000000000800f910       0x98 c:/st/stm32cubeide_1.11.0/stm32cubeide/plugins/com.st.stm32cube.ide.mcu.externaltools.gnu-tools-for-stm32.10.3-2021.10.win32_1.0.100.202210260954/tools/bin/../lib/gcc/arm-none-eabi/10.3.1/../../../../arm-none-eabi/lib/thumb/v7e-m+fp/hard\libc_nano.a(lib_a-nano-freer.o)
                0x000000000800f910                _free_r
 .text.sbrk_aligned
                0x000000000800f9a8       0x40 c:/st/stm32cubeide_1.11.0/stm32cubeide/plugins/com.st.stm32cube.ide.mcu.externaltools.gnu-tools-for-stm32.10.3-2021.10.win32_1.0.100.202210260954/tools/bin/../lib/gcc/arm-none-eabi/10.3.1/../../../../arm-none-eabi/lib/thumb/v7e-m+fp/hard\libc_nano.a(lib_a-nano-mallocr.o)
 .text._malloc_r
                0x000000000800f9e8       0xe8 c:/st/stm32cubeide_1.11.0/stm32cubeide/plugins/com.st.stm32cube.ide.mcu.externaltools.gnu-tools-for-stm32.10.3-2021.10.win32_1.0.100.202210260954/tools/bin/../lib/gcc/arm-none-eabi/10.3.1/../../../../arm-none-eabi/lib/thumb/v7e-m+fp/hard\libc_nano.a(lib_a-nano-mallocr.o)
                0x000000000800f9e8                _malloc_r
 .text.__cvt    0x000000000800fad0       0xc4 c:/st/stm32cubeide_1.11.0/stm32cubeide/plugins/com.st.stm32cube.ide.mcu.externaltools.gnu-tools-for-stm32.10.3-2021.10.win32_1.0.100.202210260954/tools/bin/../lib/gcc/arm-none-eabi/10.3.1/../../../../arm-none-eabi/lib/thumb/v7e-m+fp/hard\libc_nano.a(lib_a-nano-vfprintf_float.o)
                0x000000000800fad0                __cvt
 .text.__exponent
                0x000000000800fb94       0x7c c:/st/stm32cubeide_1.11.0/stm32cubeide/plugins/com.st.stm32cube.ide.mcu.externaltools.gnu-tools-for-stm32.10.3-2021.10.win32_1.0.100.202210260954/tools/bin/../lib/gcc/arm-none-eabi/10.3.1/../../../../arm-none-eabi/lib/thumb/v7e-m+fp/hard\libc_nano.a(lib_a-nano-vfprintf_float.o)
                0x000000000800fb94                __exponent
 .text._printf_float
                0x000000000800fc10      0x46c c:/st/stm32cubeide_1.11.0/stm32cubeide/plugins/com.st.stm32cube.ide.mcu.externaltools.gnu-tools-for-stm32.10.3-2021.10.win32_1.0.100.202210260954/tools/bin/../lib/gcc/arm-none-eabi/10.3.1/../../../../arm-none-eabi/lib/thumb/v7e-m+fp/hard\libc_nano.a(lib_a-nano-vfprintf_float.o)
                0x000000000800fc10                _printf_float
 .text._printf_common
                0x000000000801007c       0xda c:/st/stm32cubeide_1.11.0/stm32cubeide/plugins/com.st.stm32cube.ide.mcu.externaltools.gnu-tools-for-stm32.10.3-2021.10.win32_1.0.100.202210260954/tools/bin/../lib/gcc/arm-none-eabi/10.3.1/../../../../arm-none-eabi/lib/thumb/v7e-m+fp/hard\libc_nano.a(lib_a-nano-vfprintf_i.o)
                0x000000000801007c                _printf_common
 *fill*         0x0000000008010156        0x2 
 .text._printf_i
                0x0000000008010158      0x24c c:/st/stm32cubeide_1.11.0/stm32cubeide/plugins/com.st.stm32cube.ide.mcu.externaltools.gnu-tools-for-stm32.10.3-2021.10.win32_1.0.100.202210260954/tools/bin/../lib/gcc/arm-none-eabi/10.3.1/../../../../arm-none-eabi/lib/thumb/v7e-m+fp/hard\libc_nano.a(lib_a-nano-vfprintf_i.o)
                0x0000000008010158                _printf_i
 .text.printf   0x00000000080103a4       0x30 c:/st/stm32cubeide_1.11.0/stm32cubeide/plugins/com.st.stm32cube.ide.mcu.externaltools.gnu-tools-for-stm32.10.3-2021.10.win32_1.0.100.202210260954/tools/bin/../lib/gcc/arm-none-eabi/10.3.1/../../../../arm-none-eabi/lib/thumb/v7e-m+fp/hard\libc_nano.a(lib_a-printf.o)
                0x00000000080103a4                iprintf
                0x00000000080103a4                printf
 .text.putchar  0x00000000080103d4       0x2c c:/st/stm32cubeide_1.11.0/stm32cubeide/plugins/com.st.stm32cube.ide.mcu.externaltools.gnu-tools-for-stm32.10.3-2021.10.win32_1.0.100.202210260954/tools/bin/../lib/gcc/arm-none-eabi/10.3.1/../../../../arm-none-eabi/lib/thumb/v7e-m+fp/hard\libc_nano.a(lib_a-putchar.o)
                0x00000000080103d4                putchar
 .text._puts_r  0x0000000008010400       0xdc c:/st/stm32cubeide_1.11.0/stm32cubeide/plugins/com.st.stm32cube.ide.mcu.externaltools.gnu-tools-for-stm32.10.3-2021.10.win32_1.0.100.202210260954/tools/bin/../lib/gcc/arm-none-eabi/10.3.1/../../../../arm-none-eabi/lib/thumb/v7e-m+fp/hard\libc_nano.a(lib_a-puts.o)
                0x0000000008010400                _puts_r
 .text.puts     0x00000000080104dc       0x10 c:/st/stm32cubeide_1.11.0/stm32cubeide/plugins/com.st.stm32cube.ide.mcu.externaltools.gnu-tools-for-stm32.10.3-2021.10.win32_1.0.100.202210260954/tools/bin/../lib/gcc/arm-none-eabi/10.3.1/../../../../arm-none-eabi/lib/thumb/v7e-m+fp/hard\libc_nano.a(lib_a-puts.o)
                0x00000000080104dc                puts
 .text.cleanup_glue
                0x00000000080104ec       0x1a c:/st/stm32cubeide_1.11.0/stm32cubeide/plugins/com.st.stm32cube.ide.mcu.externaltools.gnu-tools-for-stm32.10.3-2021.10.win32_1.0.100.202210260954/tools/bin/../lib/gcc/arm-none-eabi/10.3.1/../../../../arm-none-eabi/lib/thumb/v7e-m+fp/hard\libc_nano.a(lib_a-reent.o)
                0x00000000080104ec                cleanup_glue
 *fill*         0x0000000008010506        0x2 
 .text._reclaim_reent
                0x0000000008010508       0xb8 c:/st/stm32cubeide_1.11.0/stm32cubeide/plugins/com.st.stm32cube.ide.mcu.externaltools.gnu-tools-for-stm32.10.3-2021.10.win32_1.0.100.202210260954/tools/bin/../lib/gcc/arm-none-eabi/10.3.1/../../../../arm-none-eabi/lib/thumb/v7e-m+fp/hard\libc_nano.a(lib_a-reent.o)
                0x0000000008010508                _reclaim_reent
 .text._sbrk_r  0x00000000080105c0       0x20 c:/st/stm32cubeide_1.11.0/stm32cubeide/plugins/com.st.stm32cube.ide.mcu.externaltools.gnu-tools-for-stm32.10.3-2021.10.win32_1.0.100.202210260954/tools/bin/../lib/gcc/arm-none-eabi/10.3.1/../../../../arm-none-eabi/lib/thumb/v7e-m+fp/hard\libc_nano.a(lib_a-sbrkr.o)
                0x00000000080105c0                _sbrk_r
 .text._raise_r
                0x00000000080105e0       0x50 c:/st/stm32cubeide_1.11.0/stm32cubeide/plugins/com.st.stm32cube.ide.mcu.externaltools.gnu-tools-for-stm32.10.3-2021.10.win32_1.0.100.202210260954/tools/bin/../lib/gcc/arm-none-eabi/10.3.1/../../../../arm-none-eabi/lib/thumb/v7e-m+fp/hard\libc_nano.a(lib_a-signal.o)
                0x00000000080105e0                _raise_r
 .text.raise    0x0000000008010630       0x10 c:/st/stm32cubeide_1.11.0/stm32cubeide/plugins/com.st.stm32cube.ide.mcu.externaltools.gnu-tools-for-stm32.10.3-2021.10.win32_1.0.100.202210260954/tools/bin/../lib/gcc/arm-none-eabi/10.3.1/../../../../arm-none-eabi/lib/thumb/v7e-m+fp/hard\libc_nano.a(lib_a-signal.o)
                0x0000000008010630                raise