Archive member included to satisfy reference by file (symbol)

c:/st/stm32cubeide_1.11.0/stm32cubeide/plugins/com.st.stm32cube.ide.mcu.externaltools.gnu-tools-for-stm32.10.3-2021.10.win32_1.0.100.202210260954/tools/bin/../lib/gcc/arm-none-eabi/10.3.1/../../../../arm-none-eabi/lib/thumb/v7e-m+fp/hard\libstdc++_nano.a(new_op.o)
                              ./Core/Src/app_motion.o (operator new(unsigned int))
c:/st/stm32cubeide_1.11.0/stm32cubeide/plugins/com.st.stm32cube.ide.mcu.externaltools.gnu-tools-for-stm32.10.3-2021.10.win32_1.0.100.202210260954/tools/bin/../lib/gcc/arm-none-eabi/10.3.1/../../../../arm-none-eabi/lib/thumb/v7e-m+fp/hard\libstdc++_nano.a(new_handler.o)
                              c:/st/stm32cubeide_1.11.0/stm32cubeide/plugins/com.st.stm32cube.ide.mcu.externaltools.gnu-tools-for-stm32.10.3-2021.10.win32_1.0.100.202210260954/tools/bin/../lib/gcc/arm-none-eabi/10.3.1/../../../../arm-none-eabi/lib/thumb/v7e-m+fp/hard\libstdc++_nano.a(new_op.o) (std::get_new_handler())
c:/st/stm32cubeide_1.11.0/stm32cubeide/plugins/com.st.stm32cube.ide.mcu.externaltools.gnu-tools-for-stm32.10.3-2021.10.win32_1.0.100.202210260954/tools/bin/../lib/gcc/arm-none-eabi/10.3.1/../../../../arm-none-eabi/lib/thumb/v7e-m+fp/hard\libm.a(lib_a-sf_round.o)
                              ./Core/Src/app_main.o (roundf)
c:/st/stm32cubeide_1.11.0/stm32cubeide/plugins/com.st.stm32cube.ide.mcu.externaltools.gnu-tools-for-stm32.10.3-2021.10.win32_1.0.100.202210260954/tools/bin/../lib/gcc/arm-none-eabi/10.3.1/../../../../arm-none-eabi/lib/thumb/v7e-m+fp/hard\libm.a(lib_a-w_atan2.o)
                              ./Core/Src/app_main.o (atan2)
c:/st/stm32cubeide_1.11.0/stm32cubeide/plugins/com.st.stm32cube.ide.mcu.externaltools.gnu-tools-for-stm32.10.3-2021.10.win32_1.0.100.202210260954/tools/bin/../lib/gcc/arm-none-eabi/10.3.1/../../../../arm-none-eabi/lib/thumb/v7e-m+fp/hard\libm.a(lib_a-w_pow.o)
                              ./Core/Src/app_main.o (pow)
c:/st/stm32cubeide_1.11.0/stm32cubeide/plugins/com.st.stm32cube.ide.mcu.externaltools.gnu-tools-for-stm32.10.3-2021.10.win32_1.0.100.202210260954/tools/bin/../lib/gcc/arm-none-eabi/10.3.1/../../../../arm-none-eabi/lib/thumb/v7e-m+fp/hard\libm.a(lib_a-w_sqrt.o)
                              ./Core/ICM20948_lib/ICM20948.o (sqrt)
c:/st/stm32cubeide_1.11.0/stm32cubeide/plugins/com.st.stm32cube.ide.mcu.externaltools.gnu-tools-for-stm32.10.3-2021.10.win32_1.0.100.202210260954/tools/bin/../lib/gcc/arm-none-eabi/10.3.1/../../../../arm-none-eabi/lib/thumb/v7e-m+fp/hard\libm.a(lib_a-e_atan2.o)
                              c:/st/stm32cubeide_1.11.0/stm32cubeide/plugins/com.st.stm32cube.ide.mcu.externaltools.gnu-tools-for-stm32.10.3-2021.10.win32_1.0.100.202210260954/tools/bin/../lib/gcc/arm-none-eabi/10.3.1/../../../../arm-none-eabi/lib/thumb/v7e-m+fp/hard\libm.a(lib_a-w_atan2.o) (__ieee754_atan2)
c:/st/stm32cubeide_1.11.0/stm32cubeide/plugins/com.st.stm32cube.ide.mcu.externaltools.gnu-tools-for-stm32.10.3-2021.10.win32_1.0.100.202210260954/tools/bin/../lib/gcc/arm-none-eabi/10.3.1/../../../../arm-none-eabi/lib/thumb/v7e-m+fp/hard\libm.a(lib_a-e_pow.o)
                              c:/st/stm32cubeide_1.11.0/stm32cubeide/plugins/com.st.stm32cube.ide.mcu.externaltools.gnu-tools-for-stm32.10.3-2021.10.win32_1.0.100.202210260954/tools/bin/../lib/gcc/arm-none-eabi/10.3.1/../../../../arm-none-eabi/lib/thumb/v7e-m+fp/hard\libm.a(lib_a-w_pow.o) (__ieee754_pow)
c:/st/stm32cubeide_1.11.0/stm32cubeide/plugins/com.st.stm32cube.ide.mcu.externaltools.gnu-tools-for-stm32.10.3-2021.10.win32_1.0.100.202210260954/tools/bin/../lib/gcc/arm-none-eabi/10.3.1/../../../../arm-none-eabi/lib/thumb/v7e-m+fp/hard\libm.a(lib_a-e_sqrt.o)
                              c:/st/stm32cubeide_1.11.0/stm32cubeide/plugins/com.st.stm32cube.ide.mcu.externaltools.gnu-tools-for-stm32.10.3-2021.10.win32_1.0.100.202210260954/tools/bin/../lib/gcc/arm-none-eabi/10.3.1/../../../../arm-none-eabi/lib/thumb/v7e-m+fp/hard\libm.a(lib_a-w_sqrt.o) (__ieee754_sqrt)
c:/st/stm32cubeide_1.11.0/stm32cubeide/plugins/com.st.stm32cube.ide.mcu.externaltools.gnu-tools-for-stm32.10.3-2021.10.win32_1.0.100.202210260954/tools/bin/../lib/gcc/arm-none-eabi/10.3.1/../../../../arm-none-eabi/lib/thumb/v7e-m+fp/hard\libm.a(lib_a-math_err.o)
                              c:/st/stm32cubeide_1.11.0/stm32cubeide/plugins/com.st.stm32cube.ide.mcu.externaltools.gnu-tools-for-stm32.10.3-2021.10.win32_1.0.100.202210260954/tools/bin/../lib/gcc/arm-none-eabi/10.3.1/../../../../arm-none-eabi/lib/thumb/v7e-m+fp/hard\libm.a(lib_a-e_pow.o) (__math_uflow)
c:/st/stm32cubeide_1.11.0/stm32cubeide/plugins/com.st.stm32cube.ide.mcu.externaltools.gnu-tools-for-stm32.10.3-2021.10.win32_1.0.100.202210260954/tools/bin/../lib/gcc/arm-none-eabi/10.3.1/../../../../arm-none-eabi/lib/thumb/v7e-m+fp/hard\libm.a(lib_a-s_atan.o)
[...]
Memory Configuration

Name             Origin             Length             Attributes
CCMRAM           0x0000000010000000 0x0000000000010000 xrw
RAM              0x0000000020000000 0x0000000000020000 xrw
FLASH            0x0000000008000000 0x0000000000080000 xr
*default*        0x0000000000000000 0xffffffffffffffff

Linker script and memory map

LOAD c:/st/stm32cubeide_1.11.0/stm32cubeide/plugins/com.st.stm32cube.ide.mcu.externaltools.gnu-tools-for-stm32.10.3-2021.10.win32_1.0.100.202210260954/tools/bin/../lib/gcc/arm-none-eabi/10.3.1/thumb/v7e-m+fp/hard/crti.o
LOAD c:/st/stm32cubeide_1.11.0/stm32cubeide/plugins/com.st.stm32cube.ide.mcu.externaltools.gnu-tools-for-stm32.10.3-2021.10.win32_1.0.100.202210260954/tools/bin/../lib/gcc/arm-none-eabi/10.3.1/thumb/v7e-m+fp/hard/crtbegin.o
LOAD c:/st/stm32cubeide_1.11.0/stm32cubeide/plugins/com.st.stm32cube.ide.mcu.externaltools.gnu-tools-for-stm32.10.3-2021.10.win32_1.0.100.202210260954/tools/bin/../lib/gcc/arm-none-eabi/10.3.1/../../../../arm-none-eabi/lib/thumb/v7e-m+fp/hard/crt0.o
LOAD ./Core/ICM20948_lib/ICM20948.o
LOAD ./Core/OLED_lib/oled.o
LOAD ./Core/Src/app_display.o
LOAD ./Core/Src/app_main.o
LOAD ./Core/Src/app_motion.o
LOAD ./Core/Src/app_parser.o
LOAD ./Core/Src/freertos.o
LOAD ./Core/Src/main.o
LOAD ./Core/Src/pid.o
LOAD ./Core/Src/stm32f4xx_hal_msp.o
LOAD ./Core/Src/stm32f4xx_hal_timebase_tim.o
LOAD ./Core/Src/stm32f4xx_it.o
LOAD ./Core/Src/syscalls.o
LOAD ./Core/Src/sysmem.o
LOAD ./Core/Src/system_stm32f4xx.o
LOAD ./Core/Startup/startup_stm32f407vetx.o
LOAD ./Core/ThreadSafe/newlib_lock_glue.o
LOAD ./Drivers/STM32F4xx_HAL_Driver/Src/stm32f4xx_hal.o
LOAD ./Drivers/STM32F4xx_HAL_Driver/Src/stm32f4xx_hal_adc.o
LOAD ./Drivers/STM32F4xx_HAL_Driver/Src/stm32f4xx_hal_adc_ex.o
LOAD ./Drivers/STM32F4xx_HAL_Driver/Src/stm32f4xx_hal_cortex.o
LOAD ./Drivers/STM32F4xx_HAL_Driver/Src/stm32f4xx_hal_dma.o
LOAD ./Drivers/STM32F4xx_HAL_Driver/Src/stm32f4xx_hal_dma_ex.o
LOAD ./Drivers/STM32F4xx_HAL_Driver/Src/stm32f4xx_hal_exti.o
LOAD ./Drivers/STM32F4xx_HAL_Driver/Src/stm32f4xx_hal_flash.o
LOAD ./Drivers/STM32F4xx_HAL_Driver/Src/stm32f4xx_hal_flash_ex.o
LOAD ./Drivers/STM32F4xx_HAL_Driver/Src/stm32f4xx_hal_flash_ramfunc.o
LOAD ./Drivers/STM32F4xx_HAL_Driver/Src/stm32f4xx_hal_gpio.o
LOAD ./Drivers/STM32F4xx_HAL_Driver/Src/stm32f4xx_hal_i2c.o
LOAD ./Drivers/STM32F4xx_HAL_Driver/Src/stm32f4xx_hal_i2c_ex.o
LOAD ./Drivers/STM32F4xx_HAL_Driver/Src/stm32f4xx_hal_pwr.o
LOAD ./Drivers/STM32F4xx_HAL_Driver/Src/stm32f4xx_hal_pwr_ex.o
LOAD ./Drivers/STM32F4xx_HAL_Driver/Src/stm32f4xx_hal_rcc.o
LOAD ./Drivers/STM32F4xx_HAL_Driver/Src/stm32f4xx_hal_rcc_ex.o
LOAD ./Drivers/STM32F4xx_HAL_Driver/Src/stm32f4xx_hal_tim.o
LOAD ./Drivers/STM32F4xx_HAL_Driver/Src/stm32f4xx_hal_tim_ex.o
LOAD ./Drivers/STM32F4xx_HAL_Driver/Src/stm32f4xx_hal_uart.o
LOAD ./Drivers/STM32F4xx_HAL_Driver/Src/stm32f4xx_ll_adc.o
LOAD ./Middlewares/Third_Party/FreeRTOS/Source/CMSIS_RTOS_V2/cmsis_os2.o
LOAD ./Middlewares/Third_Party/FreeRTOS/Source/croutine.o
LOAD ./Middlewares/Third_Party/FreeRTOS/Source/event_groups.o
LOAD ./Middlewares/Third_Party/FreeRTOS/Source/list.o
LOAD ./Middlewares/Third_Party/FreeRTOS/Source/queue.o
LOAD ./Middlewares/Third_Party/FreeRTOS/Source/stream_buffer.o
LOAD ./Middlewares/Third_Party/FreeRTOS/Source/tasks.o
LOAD ./Middlewares/Third_Party/FreeRTOS/Source/timers.o
LOAD ./Middlewares/Third_Party/FreeRTOS/Source/portable/GCC/ARM_CM4F/port.o
LOAD ./Middlewares/Third_Party/FreeRTOS/Source/portable/MemMang/heap_4.o
START GROUP
LOAD c:/st/stm32cubeide_1.11.0/stm32cubeide/plugins/com.st.stm32cube.ide.mcu.externaltools.gnu-tools-for-stm32.10.3-2021.10.win32_1.0.100.202210260954/tools/bin/../lib/gcc/arm-none-eabi/10.3.1/../../../../arm-none-eabi/lib/thumb/v7e-m+fp/hard\libstdc++_nano.a
LOAD c:/st/stm32cubeide_1.11.0/stm32cubeide/plugins/com.st.stm32cube.ide.mcu.externaltools.gnu-tools-for-stm32.10.3-2021.10.win32_1.0.100.202210260954/tools/bin/../lib/gcc/arm-none-eabi/10.3.1/../../../../arm-none-eabi/lib/thumb/v7e-m+fp/hard\libsupc++_nano.a
END GROUP
LOAD c:/st/stm32cubeide_1.11.0/stm32cubeide/plugins/com.st.stm32cube.ide.mcu.externaltools.gnu-tools-for-stm32.10.3-2021.10.win32_1.0.100.202210260954/tools/bin/../lib/gcc/arm-none-eabi/10.3.1/../../../../arm-none-eabi/lib/thumb/v7e-m+fp/hard\libstdc++_nano.a
LOAD c:/st/stm32cubeide_1.11.0/stm32cubeide/plugins/com.st.stm32cube.ide.mcu.externaltools.gnu-tools-for-stm32.10.3-2021.10.win32_1.0.100.202210260954/tools/bin/../lib/gcc/arm-none-eabi/10.3.1/../../../../arm-none-eabi/lib/thumb/v7e-m+fp/hard\libm.a
LOAD c:/st/stm32cubeide_1.11.0/stm32cubeide/plugins/com.st.stm32cube.ide.mcu.externaltools.gnu-tools-for-stm32.10.3-2021.10.win32_1.0.100.202210260954/tools/bin/../lib/gcc/arm-none-eabi/10.3.1/../../../../arm-none-eabi/lib/thumb/v7e-m+fp/hard\libc_nano.a
START GROUP
LOAD c:/st/stm32cubeide_1.11.0/stm32cubeide/plugins/com.st.stm32cube.ide.mcu.externaltools.gnu-tools-for-stm32.10.3-2021.10.win32_1.0.100.202210260954/tools/bin/../lib/gcc/arm-none-eabi/10.3.1/thumb/v7e-m+fp/hard\libgcc.a
LOAD c:/st/stm32cubeide_1.11.0/stm32cubeide/plugins/com.st.stm32cube.ide.mcu.externaltools.gnu-tools-for-stm32.10.3-2021.10.win32_1.0.100.202210260954/tools/bin/../lib/gcc/arm-none-eabi/10.3.1/../../../../arm-none-eabi/lib/thumb/v7e-m+fp/hard\libc_nano.a
END GROUP
START GROUP
LOAD c:/st/stm32cubeide_1.11.0/stm32cubeide/plugins/com.st.stm32cube.ide.mcu.externaltools.gnu-tools-for-stm32.10.3-2021.10.win32_1.0.100.202210260954/tools/bin/../lib/gcc/arm-none-eabi/10.3.1/thumb/v7e-m+fp/hard\libgcc.a
LOAD c:/st/stm32cubeide_1.11.0/stm32cubeide/plugins/com.st.stm32cube.ide.mcu.externaltools.gnu-tools-for-stm32.10.3-2021.10.win32_1.0.100.202210260954/tools/bin/../lib/gcc/arm-none-eabi/10.3.1/../../../../arm-none-eabi/lib/thumb/v7e-m+fp/hard\libc_nano.a
LOAD c:/st/stm32cubeide_1.11.0/stm32cubeide/plugins/com.st.stm32cube.ide.mcu.externaltools.gnu-tools-for-stm32.10.3-2021.10.win32_1.0.100.202210260954/tools/bin/../lib/gcc/arm-none-eabi/10.3.1/../../../../arm-none-eabi/lib/thumb/v7e-m+fp/hard\libnosys.a
END GROUP
START GROUP
LOAD c:/st/stm32cubeide_1.11.0/stm32cubeide/plugins/com.st.stm32cube.ide.mcu.externaltools.gnu-tools-for-stm32.10.3-2021.10.win32_1.0.100.202210260954/tools/bin/../lib/gcc/arm-none-eabi/10.3.1/thumb/v7e-m+fp/hard\libgcc.a
LOAD c:/st/stm32cubeide_1.11.0/stm32cubeide/plugins/com.st.stm32cube.ide.mcu.externaltools.gnu-tools-for-stm32.10.3-2021.10.win32_1.0.100.202210260954/tools/bin/../lib/gcc/arm-none-eabi/10.3.1/../../../../arm-none-eabi/lib/thumb/v7e-m+fp/hard\libc_nano.a
LOAD c:/st/stm32cubeide_1.11.0/stm32cubeide/plugins/com.st.stm32cube.ide.mcu.externaltools.gnu-tools-for-stm32.10.3-2021.10.win32_1.0.100.202210260954/tools/bin/../lib/gcc/arm-none-eabi/10.3.1/../../../../arm-none-eabi/lib/thumb/v7e-m+fp/hard\libnosys.a
END GROUP
LOAD c:/st/stm32cubeide_1.11.0/stm32cubeide/plugins/com.st.stm32cube.ide.mcu.externaltools.gnu-tools-for-stm32.10.3-2021.10.win32_1.0.100.202210260954/tools/bin/../lib/gcc/arm-none-eabi/10.3.1/thumb/v7e-m+fp/hard/crtend.o
LOAD c:/st/stm32cubeide_1.11.0/stm32cubeide/plugins/com.st.stm32cube.ide.mcu.externaltools.gnu-tools-for-stm32.10.3-2021.10.win32_1.0.100.202210260954/tools/bin/../lib/gcc/arm-none-eabi/10.3.1/thumb/v7e-m+fp/hard/crtn.o
                0x0000000020020000                _estack = (ORIGIN (RAM) + LENGTH (RAM))
                0x0000000000000400                _Min_Heap_Size = 0x400
                0x0000000000000800                _Min_Stack_Size = 0x800

.isr_vector     0x0000000008000000      0x188
                0x0000000008000000                . = ALIGN (0x4)
 *(.isr_vector)
 .isr_vector    0x0000000008000000      0x188 ./Core/Startup/startup_stm32f407vetx.o
                0x0000000008000000                g_pfnVectors
                0x0000000008000188                . = ALIGN (0x4)

.text           0x0000000008000190    0x12800
                0x0000000008000190                . = ALIGN (0x4)
 *(.text)
 .text          0x0000000008000190       0x40 c:/st/stm32cubeide_1.11.0/stm32cubeide/plugins/com.st.stm32cube.ide.mcu.externaltools.gnu-tools-for-stm32.10.3-2021.10.win32_1.0.100.202210260954/tools/bin/../lib/gcc/arm-none-eabi/10.3.1/thumb/v7e-m+fp/hard/crtbegin.o
 .text          0x00000000080001d0       0x10 c:/st/stm32cubeide_1.11.0/stm32cubeide/plugins/com.st.stm32cube.ide.mcu.externaltools.gnu-tools-for-stm32.10.3-2021.10.win32_1.0.100.202210260954/tools/bin/../lib/gcc/arm-none-eabi/10.3.1/../../../../arm-none-eabi/lib/thumb/v7e-m+fp/hard\libc_nano.a(lib_a-strlen.o)
                0x00000000080001d0                strlen
 .text          0x00000000080001e0       0xa0 c:/st/stm32cubeide_1.11.0/stm32cubeide/plugins/com.st.stm32cube.ide.mcu.externaltools.gnu-tools-for-stm32.10.3-2021.10.win32_1.0.100.202210260954/tools/bin/../lib/gcc/arm-none-eabi/10.3.1/../../../../arm-none-eabi/lib/thumb/v7e-m+fp/hard\libc_nano.a(lib_a-memchr.o)
                0x00000000080001e0                memchr
 .text          0x0000000008000280      0x378 c:/st/stm32cubeide_1.11.0/stm32cubeide/plugins/com.st.stm32cube.ide.mcu.externaltools.gnu-tools-for-stm32.10.3-2021.10.win32_1.0.100.202210260954/tools/bin/../lib/gcc/arm-none-eabi/10.3.1/thumb/v7e-m+fp/hard\libgcc.a(_arm_addsubdf3.o)
                0x0000000008000280                __aeabi_drsub
                0x0000000008000288                __aeabi_dsub
                0x0000000008000288                __subdf3
                0x000000000800028c                __aeabi_dadd
                0x000000000800028c                __adddf3
                0x0000000008000504                __floatunsidf
                0x0000000008000504                __aeabi_ui2d
                0x0000000008000524                __floatsidf
                0x0000000008000524                __aeabi_i2d
                0x0000000008000548                __aeabi_f2d
                0x0000000008000548                __extendsfdf2
                0x000000000800058c                __floatundidf
                0x000000000800058c                __aeabi_ul2d
                0x000000000800059c                __floatdidf
                0x000000000800059c                __aeabi_l2d
 .text          0x00000000080005f8      0x424 c:/st/stm32cubeide_1.11.0/stm32cubeide/plugins/com.st.stm32cube.ide.mcu.externaltools.gnu-tools-for-stm32.10.3-2021.10.win32_1.0.100.202210260954/tools/bin/../lib/gcc/arm-none-eabi/10.3.1/thumb/v7e-m+fp/hard\libgcc.a(_arm_muldivdf3.o)
                0x00000000080005f8                __aeabi_dmul
                0x00000000080005f8                __muldf3
                0x000000000800084c                __divdf3
                0x000000000800084c                __aeabi_ddiv
 .text          0x0000000008000a1c      0x110 c:/st/stm32cubeide_1.11.0/stm32cubeide/plugins/com.st.stm32cube.ide.mcu.externaltools.gnu-tools-for-stm32.10.3-2021.10.win32_1.0.100.202210260954/tools/bin/../lib/gcc/arm-none-eabi/10.3.1/thumb/v7e-m+fp/hard\libgcc.a(_arm_cmpdf2.o)
                0x0000000008000a1c                __gtdf2
                0x0000000008000a1c                __gedf2
                0x0000000008000a24                __ltdf2
                0x0000000008000a24                __ledf2
                0x0000000008000a2c                __nedf2
                0x0000000008000a2c                __eqdf2
                0x0000000008000a2c                __cmpdf2
                0x0000000008000aa8                __aeabi_cdrcmple
                0x0000000008000ab8                __aeabi_cdcmpeq
                0x0000000008000ab8                __aeabi_cdcmple
                0x0000000008000ac8                __aeabi_dcmpeq
                0x0000000008000adc                __aeabi_dcmplt
                0x0000000008000af0                __aeabi_dcmple
                0x0000000008000b04                __aeabi_dcmpge
                0x0000000008000b18                __aeabi_dcmpgt
 .text          0x0000000008000b2c       0x2c c:/st/stm32cubeide_1.11.0/stm32cubeide/plugins/com.st.stm32cube.ide.mcu.externaltools.gnu-tools-for-stm32.10.3-2021.10.win32_1.0.100.202210260954/tools/bin/../lib/gcc/arm-none-eabi/10.3.1/thumb/v7e-m+fp/hard\libgcc.a(_arm_unorddf2.o)
                0x0000000008000b2c                __unorddf2
                0x0000000008000b2c                __aeabi_dcmpun
 .text          0x0000000008000b58       0x50 c:/st/stm32cubeide_1.11.0/stm32cubeide/plugins/com.st.stm32cube.ide.mcu.externaltools.gnu-tools-for-stm32.10.3-2021.10.win32_1.0.100.202210260954/tools/bin/../lib/gcc/arm-none-eabi/10.3.1/thumb/v7e-m+fp/hard\libgcc.a(_arm_fixdfsi.o)
                0x0000000008000b58                __aeabi_d2iz
                0x0000000008000b58                __fixdfsi
 .text          0x0000000008000ba8       0xa0 c:/st/stm32cubeide_1.11.0/stm32cubeide/plugins/com.st.stm32cube.ide.mcu.externaltools.gnu-tools-for-stm32.10.3-2021.10.win32_1.0.100.202210260954/tools/bin/../lib/gcc/arm-none-eabi/10.3.1/thumb/v7e-m+fp/hard\libgcc.a(_arm_truncdfsf2.o)
                0x0000000008000ba8                __truncdfsf2
                0x0000000008000ba8                __aeabi_d2f
 .text          0x0000000008000c48       0x30 c:/st/stm32cubeide_1.11.0/stm32cubeide/plugins/com.st.stm32cube.ide.mcu.externaltools.gnu-tools-for-stm32.10.3-2021.10.win32_1.0.100.202210260954/tools/bin/../lib/gcc/arm-none-eabi/10.3.1/thumb/v7e-m+fp/hard\libgcc.a(_aeabi_uldivmod.o)
                0x0000000008000c48                __aeabi_uldivmod
 .text          0x0000000008000c78      0x2d0 c:/st/stm32cubeide_1.11.0/stm32cubeide/plugins/com.st.stm32cube.ide.mcu.externaltools.gnu-tools-for-stm32.10.3-2021.10.win32_1.0.100.202210260954/tools/bin/../lib/gcc/arm-none-eabi/10.3.1/thumb/v7e-m+fp/hard\libgcc.a(_udivmoddi4.o)
                0x0000000008000c78                __udivmoddi4
 .text          0x0000000008000f48        0x4 c:/st/stm32cubeide_1.11.0/stm32cubeide/plugins/com.st.stm32cube.ide.mcu.externaltools.gnu-tools-for-stm32.10.3-2021.10.win32_1.0.100.202210260954/tools/bin/../lib/gcc/arm-none-eabi/10.3.1/thumb/v7e-m+fp/hard\libgcc.a(_dvmd_tls.o)
                0x0000000008000f48                __aeabi_idiv0
                0x0000000008000f48                __aeabi_ldiv0
 *(.text*)
 .text.IMU_Initialise
                0x0000000008000f4c      0x170 ./Core/ICM20948_lib/ICM20948.o
                0x0000000008000f4c                IMU_Initialise
 .text.IMU_WriteOneByte
                0x00000000080010bc       0x38 ./Core/ICM20948_lib/ICM20948.o
                0x00000000080010bc                IMU_WriteOneByte
 .text.IMU_ReadOneByte
                0x00000000080010f4       0x36 ./Core/ICM20948_lib/ICM20948.o
                0x00000000080010f4                IMU_ReadOneByte
 .text.Mag_WriteOneByte
                0x000000000800112a       0x38 ./Core/ICM20948_lib/ICM20948.o
                0x000000000800112a                Mag_WriteOneByte
 *fill*         0x0000000008001162        0x2 
 .text.IMU_AccelRead
                0x0000000008001164      0x1b0 ./Core/ICM20948_lib/ICM20948.o
                0x0000000008001164                IMU_AccelRead
 .text.Gyro_calibrate
                0x0000000008001314      0x150 ./Core/ICM20948_lib/ICM20948.o
                0x0000000008001314                Gyro_calibrate
 .text.IMU_GyroRead
                0x0000000008001464      0x194 ./Core/ICM20948_lib/ICM20948.o
                0x0000000008001464                IMU_GyroRead
 .text.Mag_init
                0x00000000080015f8       0x20 ./Core/ICM20948_lib/ICM20948.o
                0x00000000080015f8                Mag_init
 .text.OLED_Refresh_Gram
                0x0000000008001618       0x70 ./Core/OLED_lib/oled.o
                0x0000000008001618                OLED_Refresh_Gram
 .text.OLED_WR_Byte
                0x0000000008001688       0x94 ./Core/OLED_lib/oled.o
                0x0000000008001688                OLED_WR_Byte
 .text.OLED_Clear
                0x000000000800171c       0x4c ./Core/OLED_lib/oled.o
                0x000000000800171c                OLED_Clear
 .text.OLED_Display_On
                0x0000000008001768       0x20 ./Core/OLED_lib/oled.o
                0x0000000008001768                OLED_Display_On
 .text.OLED_DrawPoint
                0x0000000008001788       0xb4 ./Core/OLED_lib/oled.o
                0x0000000008001788                OLED_DrawPoint
 .text.OLED_DrawRect
                0x000000000800183c       0x88 ./Core/OLED_lib/oled.o
                0x000000000800183c                OLED_DrawRect
 .text.OLED_DrawRectWithFill
                0x00000000080018c4       0xc2 ./Core/OLED_lib/oled.o
                0x00000000080018c4                OLED_DrawRectWithFill
 .text.OLED_DrawVerticalLine
                0x0000000008001986       0x40 ./Core/OLED_lib/oled.o
                0x0000000008001986                OLED_DrawVerticalLine
 *fill*         0x00000000080019c6        0x2 
 .text.OLED_ShowChar
                0x00000000080019c8       0xe4 ./Core/OLED_lib/oled.o
                0x00000000080019c8                OLED_ShowChar
 .text.OLED_ShowString
                0x0000000008001aac       0x64 ./Core/OLED_lib/oled.o
                0x0000000008001aac                OLED_ShowString
 .text.OLED_Init
                0x0000000008001b10      0x118 ./Core/OLED_lib/oled.o
                0x0000000008001b10                OLED_Init
 .text._ZN7Display8oledTaskEPv
                0x0000000008001c28      0x268 ./Core/Src/app_display.o
                0x0000000008001c28                Display::oledTask(void*)
 .text._ZN9AppParser9Processor17signalObstructionEv
                0x0000000008001e90       0x18 ./Core/Src/app_main.o
                0x0000000008001e90                AppParser::Processor::signalObstruction()
 .text._ZN9AppParser9Processor19signalNoObstructionEv
                0x0000000008001ea8       0x24 ./Core/Src/app_main.o
                0x0000000008001ea8                AppParser::Processor::signalNoObstruction()
 .text._ZN9AppMotion16MotionControllerD2Ev
                0x0000000008001ecc       0x16 ./Core/Src/app_main.o
                0x0000000008001ecc                AppMotion::MotionController::~MotionController()
                0x0000000008001ecc                AppMotion::MotionController::~MotionController()
 *fill*         0x0000000008001ee2        0x2 
 .text.HAL_GPIO_EXTI_Callback
                0x0000000008001ee4       0x20 ./Core/Src/app_main.o
                0x0000000008001ee4                HAL_GPIO_EXTI_Callback
 .text.HAL_UART_RxCpltCallback
                0x0000000008001f04       0x28 ./Core/Src/app_main.o
                0x0000000008001f04                HAL_UART_RxCpltCallback
 .text.initializeCPPconstructs
                0x0000000008001f2c       0x54 ./Core/Src/app_main.o
                0x0000000008001f2c                initializeCPPconstructs
 .text.sensorTask
                0x0000000008001f80      0x3dc ./Core/Src/app_main.o
                0x0000000008001f80                sensorTask
 .text._ext_sig_halt
                0x000000000800235c       0x14 ./Core/Src/app_main.o
                0x000000000800235c                _ext_sig_halt
 .text.quaternionUpdate
                0x0000000008002370      0x680 ./Core/Src/app_main.o
                0x0000000008002370                quaternionUpdate
 .text._Z41__static_initialization_and_destruction_0ii
                0x00000000080029f0       0xa8 ./Core/Src/app_main.o
 .text._GLOBAL__sub_I_sensor_data
                0x0000000008002a98       0x10 ./Core/Src/app_main.o
 .text._GLOBAL__sub_D_sensor_data
                0x0000000008002aa8       0x10 ./Core/Src/app_main.o
 .text._ZN9AppMotion16MotionController3mapEfffff
                0x0000000008002ab8       0x5c ./Core/Src/app_motion.o
                0x0000000008002ab8                AppMotion::MotionController::map(float, float, float, float, float)
 .text._ZN9AppMotion16MotionControllerC2EP5u_ctx
                0x0000000008002b14       0x1e ./Core/Src/app_motion.o
                0x0000000008002b14                AppMotion::MotionController::MotionController(u_ctx*)
                0x0000000008002b14                AppMotion::MotionController::MotionController(u_ctx*)
 *fill*         0x0000000008002b32        0x2 
 .text._ZN9AppMotion16MotionController5startEv
                0x0000000008002b34      0x1a0 ./Core/Src/app_motion.o
                0x0000000008002b34                AppMotion::MotionController::start()
 .text._ZN9AppMotion16MotionController10motionTaskEPv
                0x0000000008002cd4      0x14c ./Core/Src/app_motion.o
                0x0000000008002cd4                AppMotion::MotionController::motionTask(void*)
 .text._ZN9AppMotion16MotionController4moveEbmm
                0x0000000008002e20      0x480 ./Core/Src/app_motion.o
                0x0000000008002e20                AppMotion::MotionController::move(bool, unsigned long, unsigned long)
 .text._ZN9AppMotion16MotionController4turnEbbm
                0x00000000080032a0      0x310 ./Core/Src/app_motion.o
                0x00000000080032a0                AppMotion::MotionController::turn(bool, bool, unsigned long)
 .text._ZN9AppMotion16MotionController13emergencyStopEv
                0x00000000080035b0       0x1c ./Core/Src/app_motion.o
                0x00000000080035b0                AppMotion::MotionController::emergencyStop()
 .text._ZN9AppMotion5ServoC2EP17TIM_HandleTypeDefmmmm
                0x00000000080035cc       0x3e ./Core/Src/app_motion.o
                0x00000000080035cc                AppMotion::Servo::Servo(TIM_HandleTypeDef*, unsigned long, unsigned long, unsigned long, unsigned long)
                0x00000000080035cc                AppMotion::Servo::Servo(TIM_HandleTypeDef*, unsigned long, unsigned long, unsigned long, unsigned long)
 .text._ZN9AppMotion5Servo8turnLeftEv
                0x000000000800360a       0x22 ./Core/Src/app_motion.o
                0x000000000800360a                AppMotion::Servo::turnLeft()
 .text._ZN9AppMotion5Servo9turnRightEv
                0x000000000800362c       0x22 ./Core/Src/app_motion.o
                0x000000000800362c                AppMotion::Servo::turnRight()
 .text._ZN9AppMotion5Servo9turnFrontEv
                0x000000000800364e       0x22 ./Core/Src/app_motion.o
                0x000000000800364e                AppMotion::Servo::turnFront()
 .text._ZN9AppMotion5MotorC2EP17TIM_HandleTypeDefmP12GPIO_TypeDefS4_ttm
                0x0000000008003670       0x4a ./Core/Src/app_motion.o
                0x0000000008003670                AppMotion::Motor::Motor(TIM_HandleTypeDef*, unsigned long, GPIO_TypeDef*, GPIO_TypeDef*, unsigned short, unsigned short, unsigned long)
                0x0000000008003670                AppMotion::Motor::Motor(TIM_HandleTypeDef*, unsigned long, GPIO_TypeDef*, GPIO_TypeDef*, unsigned short, unsigned short, unsigned long)
 *fill*         0x00000000080036ba        0x2 
 .text._ZN9AppMotion5Motor8setSpeedEm
                0x00000000080036bc       0x80 ./Core/Src/app_motion.o
                0x00000000080036bc                AppMotion::Motor::setSpeed(unsigned long)
 .text._ZN9AppMotion5Motor16_setDutyCycleValEm
                0x000000000800373c       0x6c ./Core/Src/app_motion.o
                0x000000000800373c                AppMotion::Motor::_setDutyCycleVal(unsigned long)
 .text._ZN9AppMotion5Motor4haltEv
                0x00000000080037a8       0x5a ./Core/Src/app_motion.o
                0x00000000080037a8                AppMotion::Motor::halt()
 .text._ZN9AppMotion5Motor10setForwardEv
                0x0000000008003802       0x30 ./Core/Src/app_motion.o
                0x0000000008003802                AppMotion::Motor::setForward()
 .text._ZN9AppMotion5Motor11setBackwardEv
                0x0000000008003832       0x30 ./Core/Src/app_motion.o
                0x0000000008003832                AppMotion::Motor::setBackward()
 .text._ZN9AppMotion7EncoderC2EP17TIM_HandleTypeDefm
                0x0000000008003862       0x2a ./Core/Src/app_motion.o
                0x0000000008003862                AppMotion::Encoder::Encoder(TIM_HandleTypeDef*, unsigned long)
                0x0000000008003862                AppMotion::Encoder::Encoder(TIM_HandleTypeDef*, unsigned long)
 .text._ZN9AppMotion7Encoder8getCountEv
                0x000000000800388c       0x1c ./Core/Src/app_motion.o
                0x000000000800388c                AppMotion::Encoder::getCount()
 .text._ZN9AppMotion7Encoder8getDeltaEmm
                0x00000000080038a8       0x6c ./Core/Src/app_motion.o
                0x00000000080038a8                AppMotion::Encoder::getDelta(unsigned long, unsigned long)
 .text._ZN9AppParser8ListenerC2EP5u_ctx
                0x0000000008003914       0x1e ./Core/Src/app_parser.o
                0x0000000008003914                AppParser::Listener::Listener(u_ctx*)
                0x0000000008003914                AppParser::Listener::Listener(u_ctx*)
 .text._ZN9AppParser8ListenerD2Ev
                0x0000000008003932       0x16 ./Core/Src/app_parser.o
                0x0000000008003932                AppParser::Listener::~Listener()
                0x0000000008003932                AppParser::Listener::~Listener()
 .text._ZN9AppParser8Listener6invokeEv
                0x0000000008003948       0x4c ./Core/Src/app_parser.o
                0x0000000008003948                AppParser::Listener::invoke()
 .text._ZN9AppParser9ProcessorC2EP5u_ctxS2_
                0x0000000008003994       0x34 ./Core/Src/app_parser.o
                0x0000000008003994                AppParser::Processor::Processor(u_ctx*, u_ctx*)
                0x0000000008003994                AppParser::Processor::Processor(u_ctx*, u_ctx*)
 .text._ZN9AppParser9ProcessorD2Ev
                0x00000000080039c8       0x16 ./Core/Src/app_parser.o
                0x00000000080039c8                AppParser::Processor::~Processor()
                0x00000000080039c8                AppParser::Processor::~Processor()
 *fill*         0x00000000080039de        0x2 
 .text._ZN9AppParser9Processor5startEv
                0x00000000080039e0       0x4c ./Core/Src/app_parser.o
                0x00000000080039e0                AppParser::Processor::start()
 .text._ZN9AppParser9Processor13processorTaskEPv
                0x0000000008003a2c      0x2b4 ./Core/Src/app_parser.o
                0x0000000008003a2c                AppParser::Processor::processorTask(void*)
 .text._ZN9AppParser9Processor22returnSensorRequestCmdEh
                0x0000000008003ce0      0x250 ./Core/Src/app_parser.o
                0x0000000008003ce0                AppParser::Processor::returnSensorRequestCmd(unsigned char)
 .text._ZN9AppParser9Processor21getMotionCmdFromBytesEPh
                0x0000000008003f30       0xf8 ./Core/Src/app_parser.o
                0x0000000008003f30                AppParser::Processor::getMotionCmdFromBytes(unsigned char*)
 .text._ZN9AppParser9Processor4isEqIhEEbRKT_S4_
                0x0000000008004028       0x28 ./Core/Src/app_parser.o
                0x0000000008004028                bool AppParser::Processor::isEq<unsigned char>(unsigned char const&, unsigned char const&)
 .text.__io_putchar
                0x0000000008004050       0x24 ./Core/Src/main.o
                0x0000000008004050                __io_putchar
 .text.main     0x0000000008004074       0x94 ./Core/Src/main.o
                0x0000000008004074                main
 .text.SystemClock_Config
                0x0000000008004108       0xbc ./Core/Src/main.o
                0x0000000008004108                SystemClock_Config
 .text.MX_ADC1_Init
                0x00000000080041c4       0xa4 ./Core/Src/main.o
 .text.MX_ADC2_Init
                0x0000000008004268       0xa4 ./Core/Src/main.o
 .text.MX_I2C1_Init
                0x000000000800430c       0x5c ./Core/Src/main.o
 .text.MX_TIM1_Init
                0x0000000008004368      0x140 ./Core/Src/main.o
 .text.MX_TIM2_Init
                0x00000000080044a8       0xa8 ./Core/Src/main.o
 .text.MX_TIM3_Init
                0x0000000008004550       0xa8 ./Core/Src/main.o
 .text.MX_TIM8_Init
                0x00000000080045f8      0x154 ./Core/Src/main.o
 .text.MX_USART3_UART_Init
                0x000000000800474c       0x54 ./Core/Src/main.o
 .text.MX_DMA_Init
                0x00000000080047a0       0x50 ./Core/Src/main.o
 .text.MX_GPIO_Init
                0x00000000080047f0      0x198 ./Core/Src/main.o
 .text.StartDefaultTask
                0x0000000008004988       0x10 ./Core/Src/main.o
                0x0000000008004988                StartDefaultTask
 .text.HAL_TIM_PeriodElapsedCallback
                0x0000000008004998       0x24 ./Core/Src/main.o
                0x0000000008004998                HAL_TIM_PeriodElapsedCallback
 .text.Error_Handler
                0x00000000080049bc        0xa ./Core/Src/main.o
                0x00000000080049bc                Error_Handler
 .text._Z8PID_initP12pid_type_defhPKfff
                0x00000000080049c6       0xae ./Core/Src/pid.o
                0x00000000080049c6                PID_init(pid_type_def*, unsigned char, float const*, float, float)
 .text._Z8PID_calcP12pid_type_defff
                0x0000000008004a74      0x290 ./Core/Src/pid.o
                0x0000000008004a74                PID_calc(pid_type_def*, float, float)
 .text.HAL_MspInit
                0x0000000008004d04       0x58 ./Core/Src/stm32f4xx_hal_msp.o
                0x0000000008004d04                HAL_MspInit
 .text.HAL_ADC_MspInit
                0x0000000008004d5c       0xec ./Core/Src/stm32f4xx_hal_msp.o
                0x0000000008004d5c                HAL_ADC_MspInit
 .text.HAL_I2C_MspInit
                0x0000000008004e48       0x90 ./Core/Src/stm32f4xx_hal_msp.o
                0x0000000008004e48                HAL_I2C_MspInit
 .text.HAL_TIM_Base_MspInit
                0x0000000008004ed8       0xfc ./Core/Src/stm32f4xx_hal_msp.o
                0x0000000008004ed8                HAL_TIM_Base_MspInit
 .text.HAL_TIM_Encoder_MspInit
                0x0000000008004fd4      0x134 ./Core/Src/stm32f4xx_hal_msp.o
                0x0000000008004fd4                HAL_TIM_Encoder_MspInit
 .text.HAL_TIM_MspPostInit
                0x0000000008005108       0x74 ./Core/Src/stm32f4xx_hal_msp.o
                0x0000000008005108                HAL_TIM_MspPostInit
 .text.HAL_UART_MspInit
                0x000000000800517c      0x1b0 ./Core/Src/stm32f4xx_hal_msp.o
                0x000000000800517c                HAL_UART_MspInit
 .text.HAL_InitTick
                0x000000000800532c       0xf8 ./Core/Src/stm32f4xx_hal_timebase_tim.o
                0x000000000800532c                HAL_InitTick
 .text.NMI_Handler
                0x0000000008005424        0x6 ./Core/Src/stm32f4xx_it.o
                0x0000000008005424                NMI_Handler
 .text.HardFault_Handler
                0x000000000800542a        0x6 ./Core/Src/stm32f4xx_it.o
                0x000000000800542a                HardFault_Handler
 .text.MemManage_Handler
                0x0000000008005430        0x6 ./Core/Src/stm32f4xx_it.o
                0x0000000008005430                MemManage_Handler
 .text.BusFault_Handler
                0x0000000008005436        0x6 ./Core/Src/stm32f4xx_it.o
                0x0000000008005436                BusFault_Handler
 .text.UsageFault_Handler
                0x000000000800543c        0x6 ./Core/Src/stm32f4xx_it.o
                0x000000000800543c                UsageFault_Handler
 .text.DebugMon_Handler
                0x0000000008005442        0xe ./Core/Src/stm32f4xx_it.o
                0x0000000008005442                DebugMon_Handler
 .text.DMA1_Stream1_IRQHandler
                0x0000000008005450       0x14 ./Core/Src/stm32f4xx_it.o
                0x0000000008005450                DMA1_Stream1_IRQHandler
 .text.DMA1_Stream3_IRQHandler
                0x0000000008005464       0x14 ./Core/Src/stm32f4xx_it.o
                0x0000000008005464                DMA1_Stream3_IRQHandler
 .text.EXTI9_5_IRQHandler
                0x0000000008005478       0x10 ./Core/Src/stm32f4xx_it.o
                0x0000000008005478                EXTI9_5_IRQHandler
 .text.USART3_IRQHandler
                0x0000000008005488       0x14 ./Core/Src/stm32f4xx_it.o
                0x0000000008005488                USART3_IRQHandler
 .text.TIM7_IRQHandler
                0x000000000800549c       0x14 ./Core/Src/stm32f4xx_it.o
                0x000000000800549c                TIM7_IRQHandler
 .text._getpid  0x00000000080054b0       0x10 ./Core/Src/syscalls.o
                0x00000000080054b0                _getpid
 .text._kill    0x00000000080054c0       0x20 ./Core/Src/syscalls.o
                0x00000000080054c0                _kill
 .text._exit    0x00000000080054e0       0x14 ./Core/Src/syscalls.o
                0x00000000080054e0                _exit
 .text._read    0x00000000080054f4       0x3a ./Core/Src/syscalls.o
                0x00000000080054f4                _read
 .text._write   0x000000000800552e       0x38 ./Core/Src/syscalls.o
                0x000000000800552e                _write
 .text._close   0x0000000008005566       0x18 ./Core/Src/syscalls.o
                0x0000000008005566                _close
 .text._fstat   0x000000000800557e       0x20 ./Core/Src/syscalls.o
                0x000000000800557e                _fstat
 .text._isatty  0x000000000800559e       0x16 ./Core/Src/syscalls.o
                0x000000000800559e                _isatty
 .text._lseek   0x00000000080055b4       0x1a ./Core/Src/syscalls.o
                0x00000000080055b4                _lseek
 *fill*         0x00000000080055ce        0x2 
 .text._sbrk    0x00000000080055d0       0x6c ./Core/Src/sysmem.o
                0x00000000080055d0                _sbrk
 .text.SystemInit
                0x000000000800563c       0x24 ./Core/Src/system_stm32f4xx.o
                0x000000000800563c                SystemInit
 .text.Reset_Handler
                0x0000000008005660       0x50 ./Core/Startup/startup_stm32f407vetx.o
                0x0000000008005660                Reset_Handler
 .text.Default_Handler
                0x00000000080056b0        0x2 ./Core/Startup/startup_stm32f407vetx.o
                0x00000000080056b0                RTC_Alarm_IRQHandler
                0x00000000080056b0                HASH_RNG_IRQHandler
                0x00000000080056b0                EXTI2_IRQHandler
                0x00000000080056b0                TIM8_CC_IRQHandler
                0x00000000080056b0                TIM1_CC_IRQHandler
                0x00000000080056b0                DMA2_Stream5_IRQHandler
                0x00000000080056b0                DMA1_Stream5_IRQHandler
                0x00000000080056b0                PVD_IRQHandler
                0x00000000080056b0                SDIO_IRQHandler
                0x00000000080056b0                TAMP_STAMP_IRQHandler
                0x00000000080056b0                CAN2_RX1_IRQHandler
                0x00000000080056b0                EXTI3_IRQHandler
                0x00000000080056b0                TIM8_TRG_COM_TIM14_IRQHandler
                0x00000000080056b0                TIM1_UP_TIM10_IRQHandler
                0x00000000080056b0                TIM8_UP_TIM13_IRQHandler
                0x00000000080056b0                I2C3_ER_IRQHandler
                0x00000000080056b0                EXTI0_IRQHandler
                0x00000000080056b0                I2C2_EV_IRQHandler
                0x00000000080056b0                DMA1_Stream2_IRQHandler
                0x00000000080056b0                CAN1_RX0_IRQHandler
                0x00000000080056b0                FPU_IRQHandler
                0x00000000080056b0                OTG_HS_WKUP_IRQHandler
                0x00000000080056b0                CAN2_SCE_IRQHandler
                0x00000000080056b0                DMA2_Stream2_IRQHandler
                0x00000000080056b0                SPI1_IRQHandler
                0x00000000080056b0                TIM6_DAC_IRQHandler
                0x00000000080056b0                TIM1_BRK_TIM9_IRQHandler
                0x00000000080056b0                DCMI_IRQHandler
                0x00000000080056b0                CAN2_RX0_IRQHandler
                0x00000000080056b0                DMA2_Stream3_IRQHandler
                0x00000000080056b0                USART6_IRQHandler
                0x00000000080056b0                CAN1_RX1_IRQHandler
                0x00000000080056b0                UART5_IRQHandler
                0x00000000080056b0                DMA2_Stream0_IRQHandler
                0x00000000080056b0                TIM4_IRQHandler
                0x00000000080056b0                I2C1_EV_IRQHandler
                0x00000000080056b0                DMA1_Stream6_IRQHandler
                0x00000000080056b0                UART4_IRQHandler
                0x00000000080056b0                TIM3_IRQHandler
                0x00000000080056b0                RCC_IRQHandler
                0x00000000080056b0                TIM8_BRK_TIM12_IRQHandler
                0x00000000080056b0                Default_Handler
                0x00000000080056b0                EXTI15_10_IRQHandler
                0x00000000080056b0                ADC_IRQHandler
                0x00000000080056b0                DMA1_Stream7_IRQHandler
                0x00000000080056b0                CAN2_TX_IRQHandler
                0x00000000080056b0                TIM5_IRQHandler
                0x00000000080056b0                DMA2_Stream7_IRQHandler
                0x00000000080056b0                I2C3_EV_IRQHandler
                0x00000000080056b0                RTC_WKUP_IRQHandler
                0x00000000080056b0                ETH_WKUP_IRQHandler
                0x00000000080056b0                SPI2_IRQHandler
                0x00000000080056b0                OTG_HS_EP1_IN_IRQHandler
                0x00000000080056b0                DMA1_Stream0_IRQHandler
                0x00000000080056b0                CAN1_TX_IRQHandler
                0x00000000080056b0                EXTI4_IRQHandler
                0x00000000080056b0                FSMC_IRQHandler
                0x00000000080056b0                ETH_IRQHandler
                0x00000000080056b0                OTG_HS_EP1_OUT_IRQHandler
                0x00000000080056b0                WWDG_IRQHandler
                0x00000000080056b0                TIM2_IRQHandler
                0x00000000080056b0                OTG_FS_WKUP_IRQHandler
                0x00000000080056b0                TIM1_TRG_COM_TIM11_IRQHandler
                0x00000000080056b0                OTG_HS_IRQHandler
                0x00000000080056b0                EXTI1_IRQHandler
                0x00000000080056b0                USART2_IRQHandler
                0x00000000080056b0                I2C2_ER_IRQHandler
                0x00000000080056b0                DMA2_Stream1_IRQHandler
                0x00000000080056b0                CAN1_SCE_IRQHandler
                0x00000000080056b0                FLASH_IRQHandler
                0x00000000080056b0                DMA2_Stream4_IRQHandler
                0x00000000080056b0                USART1_IRQHandler
                0x00000000080056b0                OTG_FS_IRQHandler
                0x00000000080056b0                SPI3_IRQHandler
                0x00000000080056b0                DMA1_Stream4_IRQHandler
                0x00000000080056b0                I2C1_ER_IRQHandler
                0x00000000080056b0                DMA2_Stream6_IRQHandler
 .text.stm32_lock_init
                0x00000000080056b2       0x42 ./Core/ThreadSafe/newlib_lock_glue.o
 .text.stm32_lock_acquire
                0x00000000080056f4       0x60 ./Core/ThreadSafe/newlib_lock_glue.o
 .text.stm32_lock_release
                0x0000000008005754       0x54 ./Core/ThreadSafe/newlib_lock_glue.o
 .text.__retarget_lock_init_recursive
                0x00000000080057a8       0x4c ./Core/ThreadSafe/newlib_lock_glue.o
                0x00000000080057a8                __retarget_lock_init_recursive
 .text.__retarget_lock_acquire_recursive
                0x00000000080057f4       0x28 ./Core/ThreadSafe/newlib_lock_glue.o
                0x00000000080057f4                __retarget_lock_acquire_recursive
 .text.__retarget_lock_release_recursive
                0x000000000800581c       0x28 ./Core/ThreadSafe/newlib_lock_glue.o
                0x000000000800581c                __retarget_lock_release_recursive
 .text.HAL_Init
                0x0000000008005844       0x44 ./Drivers/STM32F4xx_HAL_Driver/Src/stm32f4xx_hal.o
                0x0000000008005844                HAL_Init
 .text.HAL_IncTick
                0x0000000008005888       0x28 ./Drivers/STM32F4xx_HAL_Driver/Src/stm32f4xx_hal.o
                0x0000000008005888                HAL_IncTick
 .text.HAL_GetTick
                0x00000000080058b0       0x18 ./Drivers/STM32F4xx_HAL_Driver/Src/stm32f4xx_hal.o
                0x00000000080058b0                HAL_GetTick
 .text.HAL_Delay
                0x00000000080058c8       0x48 ./Drivers/STM32F4xx_HAL_Driver/Src/stm32f4xx_hal.o
                0x00000000080058c8                HAL_Delay
 .text.HAL_ADC_Init
                0x0000000008005910       0x86 ./Drivers/STM32F4xx_HAL_Driver/Src/stm32f4xx_hal_adc.o
                0x0000000008005910                HAL_ADC_Init
 *fill*         0x0000000008005996        0x2 
 .text.HAL_ADC_Start
                0x0000000008005998      0x1a4 ./Drivers/STM32F4xx_HAL_Driver/Src/stm32f4xx_hal_adc.o
                0x0000000008005998                HAL_ADC_Start
 .text.HAL_ADC_Stop
                0x0000000008005b3c       0x66 ./Drivers/STM32F4xx_HAL_Driver/Src/stm32f4xx_hal_adc.o
                0x0000000008005b3c                HAL_ADC_Stop
 .text.HAL_ADC_PollForConversion
                0x0000000008005ba2      0x116 ./Drivers/STM32F4xx_HAL_Driver/Src/stm32f4xx_hal_adc.o
                0x0000000008005ba2                HAL_ADC_PollForConversion
 .text.HAL_ADC_GetValue
                0x0000000008005cb8       0x1a ./Drivers/STM32F4xx_HAL_Driver/Src/stm32f4xx_hal_adc.o
                0x0000000008005cb8                HAL_ADC_GetValue
 *fill*         0x0000000008005cd2        0x2 
 .text.HAL_ADC_ConfigChannel
                0x0000000008005cd4      0x244 ./Drivers/STM32F4xx_HAL_Driver/Src/stm32f4xx_hal_adc.o
                0x0000000008005cd4                HAL_ADC_ConfigChannel
 .text.ADC_Init
                0x0000000008005f18      0x1f8 ./Drivers/STM32F4xx_HAL_Driver/Src/stm32f4xx_hal_adc.o
 .text.__NVIC_SetPriorityGrouping
                0x0000000008006110       0x48 ./Drivers/STM32F4xx_HAL_Driver/Src/stm32f4xx_hal_cortex.o
 .text.__NVIC_GetPriorityGrouping
                0x0000000008006158       0x1c ./Drivers/STM32F4xx_HAL_Driver/Src/stm32f4xx_hal_cortex.o
 .text.__NVIC_EnableIRQ
                0x0000000008006174       0x3c ./Drivers/STM32F4xx_HAL_Driver/Src/stm32f4xx_hal_cortex.o
 .text.__NVIC_SetPriority
                0x00000000080061b0       0x54 ./Drivers/STM32F4xx_HAL_Driver/Src/stm32f4xx_hal_cortex.o
 .text.NVIC_EncodePriority
                0x0000000008006204       0x66 ./Drivers/STM32F4xx_HAL_Driver/Src/stm32f4xx_hal_cortex.o
 .text.HAL_NVIC_SetPriorityGrouping
                0x000000000800626a       0x16 ./Drivers/STM32F4xx_HAL_Driver/Src/stm32f4xx_hal_cortex.o
                0x000000000800626a                HAL_NVIC_SetPriorityGrouping
 .text.HAL_NVIC_SetPriority
                0x0000000008006280       0x38 ./Drivers/STM32F4xx_HAL_Driver/Src/stm32f4xx_hal_cortex.o
                0x0000000008006280                HAL_NVIC_SetPriority
 .text.HAL_NVIC_EnableIRQ
                0x00000000080062b8       0x1c ./Drivers/STM32F4xx_HAL_Driver/Src/stm32f4xx_hal_cortex.o
                0x00000000080062b8                HAL_NVIC_EnableIRQ
 .text.HAL_DMA_Init
                0x00000000080062d4      0x15c ./Drivers/STM32F4xx_HAL_Driver/Src/stm32f4xx_hal_dma.o
                0x00000000080062d4                HAL_DMA_Init
 .text.HAL_DMA_Start_IT
                0x0000000008006430       0xb0 ./Drivers/STM32F4xx_HAL_Driver/Src/stm32f4xx_hal_dma.o
                0x0000000008006430                HAL_DMA_Start_IT
 .text.HAL_DMA_Abort
                0x00000000080064e0       0xe0 ./Drivers/STM32F4xx_HAL_Driver/Src/stm32f4xx_hal_dma.o
                0x00000000080064e0                HAL_DMA_Abort
 .text.HAL_DMA_Abort_IT
                0x00000000080065c0       0x44 ./Drivers/STM32F4xx_HAL_Driver/Src/stm32f4xx_hal_dma.o
                0x00000000080065c0                HAL_DMA_Abort_IT
 .text.HAL_DMA_IRQHandler
                0x0000000008006604      0x314 ./Drivers/STM32F4xx_HAL_Driver/Src/stm32f4xx_hal_dma.o
                0x0000000008006604                HAL_DMA_IRQHandler
 .text.DMA_SetConfig
                0x0000000008006918       0x5c ./Drivers/STM32F4xx_HAL_Driver/Src/stm32f4xx_hal_dma.o
 .text.DMA_CalcBaseAndBitshift
                0x0000000008006974       0x6c ./Drivers/STM32F4xx_HAL_Driver/Src/stm32f4xx_hal_dma.o
 .text.DMA_CheckFifoParam
                0x00000000080069e0       0xf8 ./Drivers/STM32F4xx_HAL_Driver/Src/stm32f4xx_hal_dma.o
 .text.HAL_GPIO_Init
                0x0000000008006ad8      0x338 ./Drivers/STM32F4xx_HAL_Driver/Src/stm32f4xx_hal_gpio.o
                0x0000000008006ad8                HAL_GPIO_Init
 .text.HAL_GPIO_WritePin
                0x0000000008006e10       0x32 ./Drivers/STM32F4xx_HAL_Driver/Src/stm32f4xx_hal_gpio.o
                0x0000000008006e10                HAL_GPIO_WritePin
 .text.HAL_GPIO_TogglePin
                0x0000000008006e42       0x34 ./Drivers/STM32F4xx_HAL_Driver/Src/stm32f4xx_hal_gpio.o
                0x0000000008006e42                HAL_GPIO_TogglePin
 *fill*         0x0000000008006e76        0x2 
 .text.HAL_GPIO_EXTI_IRQHandler
                0x0000000008006e78       0x30 ./Drivers/STM32F4xx_HAL_Driver/Src/stm32f4xx_hal_gpio.o
                0x0000000008006e78                HAL_GPIO_EXTI_IRQHandler
 .text.HAL_I2C_Init
                0x0000000008006ea8      0x288 ./Drivers/STM32F4xx_HAL_Driver/Src/stm32f4xx_hal_i2c.o
                0x0000000008006ea8                HAL_I2C_Init
 .text.HAL_I2C_Mem_Write
                0x0000000008007130      0x1f4 ./Drivers/STM32F4xx_HAL_Driver/Src/stm32f4xx_hal_i2c.o
                0x0000000008007130                HAL_I2C_Mem_Write
 .text.HAL_I2C_Mem_Read
                0x0000000008007324      0x44c ./Drivers/STM32F4xx_HAL_Driver/Src/stm32f4xx_hal_i2c.o
                0x0000000008007324                HAL_I2C_Mem_Read
 .text.HAL_I2C_IsDeviceReady
                0x0000000008007770      0x25c ./Drivers/STM32F4xx_HAL_Driver/Src/stm32f4xx_hal_i2c.o
                0x0000000008007770                HAL_I2C_IsDeviceReady
 .text.I2C_RequestMemoryWrite
                0x00000000080079cc      0x12c ./Drivers/STM32F4xx_HAL_Driver/Src/stm32f4xx_hal_i2c.o
 .text.I2C_RequestMemoryRead
                0x0000000008007af8      0x1d0 ./Drivers/STM32F4xx_HAL_Driver/Src/stm32f4xx_hal_i2c.o
 .text.I2C_WaitOnFlagUntilTimeout
                0x0000000008007cc8       0xae ./Drivers/STM32F4xx_HAL_Driver/Src/stm32f4xx_hal_i2c.o
 .text.I2C_WaitOnMasterAddressFlagUntilTimeout
                0x0000000008007d76       0xfe ./Drivers/STM32F4xx_HAL_Driver/Src/stm32f4xx_hal_i2c.o
 .text.I2C_WaitOnTXEFlagUntilTimeout
                0x0000000008007e74       0x82 ./Drivers/STM32F4xx_HAL_Driver/Src/stm32f4xx_hal_i2c.o
 .text.I2C_WaitOnBTFFlagUntilTimeout
                0x0000000008007ef6       0x82 ./Drivers/STM32F4xx_HAL_Driver/Src/stm32f4xx_hal_i2c.o
 .text.I2C_WaitOnRXNEFlagUntilTimeout
                0x0000000008007f78       0xac ./Drivers/STM32F4xx_HAL_Driver/Src/stm32f4xx_hal_i2c.o
 .text.I2C_IsAcknowledgeFailed
                0x0000000008008024       0x5e ./Drivers/STM32F4xx_HAL_Driver/Src/stm32f4xx_hal_i2c.o
 *fill*         0x0000000008008082        0x2 
 .text.HAL_PWR_EnableBkUpAccess
                0x0000000008008084       0x28 ./Drivers/STM32F4xx_HAL_Driver/Src/stm32f4xx_hal_pwr.o
                0x0000000008008084                HAL_PWR_EnableBkUpAccess
 .text.HAL_PWR_DisableBkUpAccess
                0x00000000080080ac       0x28 ./Drivers/STM32F4xx_HAL_Driver/Src/stm32f4xx_hal_pwr.o
                0x00000000080080ac                HAL_PWR_DisableBkUpAccess
 .text.HAL_RCC_OscConfig
                0x00000000080080d4      0x4f0 ./Drivers/STM32F4xx_HAL_Driver/Src/stm32f4xx_hal_rcc.o
                0x00000000080080d4                HAL_RCC_OscConfig
 .text.HAL_RCC_ClockConfig
                0x00000000080085c4      0x1cc ./Drivers/STM32F4xx_HAL_Driver/Src/stm32f4xx_hal_rcc.o
                0x00000000080085c4                HAL_RCC_ClockConfig
 .text.HAL_RCC_GetSysClockFreq
                0x0000000008008790      0x20c ./Drivers/STM32F4xx_HAL_Driver/Src/stm32f4xx_hal_rcc.o
                0x0000000008008790                HAL_RCC_GetSysClockFreq
 .text.HAL_RCC_GetHCLKFreq
                0x000000000800899c       0x18 ./Drivers/STM32F4xx_HAL_Driver/Src/stm32f4xx_hal_rcc.o
                0x000000000800899c                HAL_RCC_GetHCLKFreq
 .text.HAL_RCC_GetPCLK1Freq
                0x00000000080089b4       0x28 ./Drivers/STM32F4xx_HAL_Driver/Src/stm32f4xx_hal_rcc.o
                0x00000000080089b4                HAL_RCC_GetPCLK1Freq
 .text.HAL_RCC_GetPCLK2Freq
                0x00000000080089dc       0x28 ./Drivers/STM32F4xx_HAL_Driver/Src/stm32f4xx_hal_rcc.o
                0x00000000080089dc                HAL_RCC_GetPCLK2Freq
 .text.HAL_RCC_GetClockConfig
                0x0000000008008a04       0x64 ./Drivers/STM32F4xx_HAL_Driver/Src/stm32f4xx_hal_rcc.o
                0x0000000008008a04                HAL_RCC_GetClockConfig
 .text.HAL_TIM_Base_Init
                0x0000000008008a68       0x9e ./Drivers/STM32F4xx_HAL_Driver/Src/stm32f4xx_hal_tim.o
                0x0000000008008a68                HAL_TIM_Base_Init
 *fill*         0x0000000008008b06        0x2 
 .text.HAL_TIM_Base_Start_IT
                0x0000000008008b08       0xe0 ./Drivers/STM32F4xx_HAL_Driver/Src/stm32f4xx_hal_tim.o
                0x0000000008008b08                HAL_TIM_Base_Start_IT
 .text.HAL_TIM_PWM_Init
                0x0000000008008be8       0x9e ./Drivers/STM32F4xx_HAL_Driver/Src/stm32f4xx_hal_tim.o
                0x0000000008008be8                HAL_TIM_PWM_Init
 .text.HAL_TIM_PWM_MspInit
                0x0000000008008c86       0x14 ./Drivers/STM32F4xx_HAL_Driver/Src/stm32f4xx_hal_tim.o
                0x0000000008008c86                HAL_TIM_PWM_MspInit
 *fill*         0x0000000008008c9a        0x2 
 .text.HAL_TIM_PWM_Start
                0x0000000008008c9c      0x190 ./Drivers/STM32F4xx_HAL_Driver/Src/stm32f4xx_hal_tim.o
                0x0000000008008c9c                HAL_TIM_PWM_Start
 .text.HAL_TIM_Encoder_Init
                0x0000000008008e2c      0x14c ./Drivers/STM32F4xx_HAL_Driver/Src/stm32f4xx_hal_tim.o
                0x0000000008008e2c                HAL_TIM_Encoder_Init
 .text.HAL_TIM_Encoder_Start
                0x0000000008008f78      0x11c ./Drivers/STM32F4xx_HAL_Driver/Src/stm32f4xx_hal_tim.o
                0x0000000008008f78                HAL_TIM_Encoder_Start
 .text.HAL_TIM_IRQHandler
                0x0000000008009094      0x210 ./Drivers/STM32F4xx_HAL_Driver/Src/stm32f4xx_hal_tim.o
                0x0000000008009094                HAL_TIM_IRQHandler
 .text.HAL_TIM_PWM_ConfigChannel
                0x00000000080092a4      0x184 ./Drivers/STM32F4xx_HAL_Driver/Src/stm32f4xx_hal_tim.o
                0x00000000080092a4                HAL_TIM_PWM_ConfigChannel
 .text.HAL_TIM_ConfigClockSource
                0x0000000008009428      0x18e ./Drivers/STM32F4xx_HAL_Driver/Src/stm32f4xx_hal_tim.o
                0x0000000008009428                HAL_TIM_ConfigClockSource
 .text.HAL_TIM_OC_DelayElapsedCallback
                0x00000000080095b6       0x14 ./Drivers/STM32F4xx_HAL_Driver/Src/stm32f4xx_hal_tim.o
                0x00000000080095b6                HAL_TIM_OC_DelayElapsedCallback
 .text.HAL_TIM_IC_CaptureCallback
                0x00000000080095ca       0x14 ./Drivers/STM32F4xx_HAL_Driver/Src/stm32f4xx_hal_tim.o
                0x00000000080095ca                HAL_TIM_IC_CaptureCallback
 .text.HAL_TIM_PWM_PulseFinishedCallback
                0x00000000080095de       0x14 ./Drivers/STM32F4xx_HAL_Driver/Src/stm32f4xx_hal_tim.o
                0x00000000080095de                HAL_TIM_PWM_PulseFinishedCallback
 .text.HAL_TIM_TriggerCallback
                0x00000000080095f2       0x14 ./Drivers/STM32F4xx_HAL_Driver/Src/stm32f4xx_hal_tim.o
                0x00000000080095f2                HAL_TIM_TriggerCallback
 *fill*         0x0000000008009606        0x2 
 .text.TIM_Base_SetConfig
                0x0000000008009608      0x140 ./Drivers/STM32F4xx_HAL_Driver/Src/stm32f4xx_hal_tim.o
                0x0000000008009608                TIM_Base_SetConfig
 .text.TIM_OC1_SetConfig
                0x0000000008009748       0xe0 ./Drivers/STM32F4xx_HAL_Driver/Src/stm32f4xx_hal_tim.o
 .text.TIM_OC2_SetConfig
                0x0000000008009828       0xec ./Drivers/STM32F4xx_HAL_Driver/Src/stm32f4xx_hal_tim.o
                0x0000000008009828                TIM_OC2_SetConfig
 .text.TIM_OC3_SetConfig
                0x0000000008009914       0xe8 ./Drivers/STM32F4xx_HAL_Driver/Src/stm32f4xx_hal_tim.o
 .text.TIM_OC4_SetConfig
                0x00000000080099fc       0xac ./Drivers/STM32F4xx_HAL_Driver/Src/stm32f4xx_hal_tim.o
 .text.TIM_TI1_ConfigInputStage
                0x0000000008009aa8       0x5e ./Drivers/STM32F4xx_HAL_Driver/Src/stm32f4xx_hal_tim.o
 .text.TIM_TI2_ConfigInputStage
                0x0000000008009b06       0x60 ./Drivers/STM32F4xx_HAL_Driver/Src/stm32f4xx_hal_tim.o
 .text.TIM_ITRx_SetConfig
                0x0000000008009b66       0x36 ./Drivers/STM32F4xx_HAL_Driver/Src/stm32f4xx_hal_tim.o
 .text.TIM_ETR_SetConfig
                0x0000000008009b9c       0x40 ./Drivers/STM32F4xx_HAL_Driver/Src/stm32f4xx_hal_tim.o
                0x0000000008009b9c                TIM_ETR_SetConfig
 .text.TIM_CCxChannelCmd
                0x0000000008009bdc       0x4a ./Drivers/STM32F4xx_HAL_Driver/Src/stm32f4xx_hal_tim.o
                0x0000000008009bdc                TIM_CCxChannelCmd
 *fill*         0x0000000008009c26        0x2 
 .text.HAL_TIMEx_MasterConfigSynchronization
                0x0000000008009c28       0xf8 ./Drivers/STM32F4xx_HAL_Driver/Src/stm32f4xx_hal_tim_ex.o
                0x0000000008009c28                HAL_TIMEx_MasterConfigSynchronization
 .text.HAL_TIMEx_ConfigBreakDeadTime
                0x0000000008009d20       0xa4 ./Drivers/STM32F4xx_HAL_Driver/Src/stm32f4xx_hal_tim_ex.o
                0x0000000008009d20                HAL_TIMEx_ConfigBreakDeadTime
 .text.HAL_TIMEx_CommutCallback
                0x0000000008009dc4       0x14 ./Drivers/STM32F4xx_HAL_Driver/Src/stm32f4xx_hal_tim_ex.o
                0x0000000008009dc4                HAL_TIMEx_CommutCallback
 .text.HAL_TIMEx_BreakCallback
                0x0000000008009dd8       0x14 ./Drivers/STM32F4xx_HAL_Driver/Src/stm32f4xx_hal_tim_ex.o
                0x0000000008009dd8                HAL_TIMEx_BreakCallback
 .text.HAL_UART_Init
                0x0000000008009dec       0xb4 ./Drivers/STM32F4xx_HAL_Driver/Src/stm32f4xx_hal_uart.o
                0x0000000008009dec                HAL_UART_Init
 .text.HAL_UART_Transmit
                0x0000000008009ea0      0x124 ./Drivers/STM32F4xx_HAL_Driver/Src/stm32f4xx_hal_uart.o
                0x0000000008009ea0                HAL_UART_Transmit
 .text.HAL_UART_Receive_DMA
                0x0000000008009fc4       0x60 ./Drivers/STM32F4xx_HAL_Driver/Src/stm32f4xx_hal_uart.o
                0x0000000008009fc4                HAL_UART_Receive_DMA
 .text.HAL_UART_DMAStop
                0x000000000800a024       0xfe ./Drivers/STM32F4xx_HAL_Driver/Src/stm32f4xx_hal_uart.o
                0x000000000800a024                HAL_UART_DMAStop
 *fill*         0x000000000800a122        0x2 
 .text.HAL_UART_IRQHandler
                0x000000000800a124      0x524 ./Drivers/STM32F4xx_HAL_Driver/Src/stm32f4xx_hal_uart.o
                0x000000000800a124                HAL_UART_IRQHandler
 .text.HAL_UART_TxCpltCallback
                0x000000000800a648       0x14 ./Drivers/STM32F4xx_HAL_Driver/Src/stm32f4xx_hal_uart.o
                0x000000000800a648                HAL_UART_TxCpltCallback
 .text.HAL_UART_TxHalfCpltCallback
                0x000000000800a65c       0x14 ./Drivers/STM32F4xx_HAL_Driver/Src/stm32f4xx_hal_uart.o
                0x000000000800a65c                HAL_UART_TxHalfCpltCallback
 .text.HAL_UART_RxHalfCpltCallback
                0x000000000800a670       0x14 ./Drivers/STM32F4xx_HAL_Driver/Src/stm32f4xx_hal_uart.o
                0x000000000800a670                HAL_UART_RxHalfCpltCallback
 .text.HAL_UART_ErrorCallback
                0x000000000800a684       0x14 ./Drivers/STM32F4xx_HAL_Driver/Src/stm32f4xx_hal_uart.o
                0x000000000800a684                HAL_UART_ErrorCallback
 .text.HAL_UART_AbortCpltCallback
                0x000000000800a698       0x14 ./Drivers/STM32F4xx_HAL_Driver/Src/stm32f4xx_hal_uart.o
                0x000000000800a698                HAL_UART_AbortCpltCallback
 .text.HAL_UART_AbortTransmitCpltCallback
                0x000000000800a6ac       0x14 ./Drivers/STM32F4xx_HAL_Driver/Src/stm32f4xx_hal_uart.o
                0x000000000800a6ac                HAL_UART_AbortTransmitCpltCallback
 .text.HAL_UART_AbortReceiveCpltCallback
                0x000000000800a6c0       0x14 ./Drivers/STM32F4xx_HAL_Driver/Src/stm32f4xx_hal_uart.o
                0x000000000800a6c0                HAL_UART_AbortReceiveCpltCallback
 .text.HAL_UARTEx_RxEventCallback
                0x000000000800a6d4       0x18 ./Drivers/STM32F4xx_HAL_Driver/Src/stm32f4xx_hal_uart.o
                0x000000000800a6d4                HAL_UARTEx_RxEventCallback
 .text.UART_InitCallbacksToDefault
                0x000000000800a6ec       0x70 ./Drivers/STM32F4xx_HAL_Driver/Src/stm32f4xx_hal_uart.o
                0x000000000800a6ec                UART_InitCallbacksToDefault
 .text.UART_DMAReceiveCplt
                0x000000000800a75c      0x12a ./Drivers/STM32F4xx_HAL_Driver/Src/stm32f4xx_hal_uart.o
 .text.UART_DMARxHalfCplt
                0x000000000800a886       0x3a ./Drivers/STM32F4xx_HAL_Driver/Src/stm32f4xx_hal_uart.o
 .text.UART_DMAError
                0x000000000800a8c0       0x96 ./Drivers/STM32F4xx_HAL_Driver/Src/stm32f4xx_hal_uart.o
 .text.UART_WaitOnFlagUntilTimeout
                0x000000000800a956       0xdc ./Drivers/STM32F4xx_HAL_Driver/Src/stm32f4xx_hal_uart.o
 *fill*         0x000000000800aa32        0x2 
 .text.UART_Start_Receive_DMA
                0x000000000800aa34      0x13c ./Drivers/STM32F4xx_HAL_Driver/Src/stm32f4xx_hal_uart.o
                0x000000000800aa34                UART_Start_Receive_DMA
 .text.UART_EndTxTransfer
                0x000000000800ab70       0x50 ./Drivers/STM32F4xx_HAL_Driver/Src/stm32f4xx_hal_uart.o
 .text.UART_EndRxTransfer
                0x000000000800abc0       0xc6 ./Drivers/STM32F4xx_HAL_Driver/Src/stm32f4xx_hal_uart.o
 .text.UART_DMAAbortOnError
                0x000000000800ac86       0x2a ./Drivers/STM32F4xx_HAL_Driver/Src/stm32f4xx_hal_uart.o
 .text.UART_Transmit_IT
                0x000000000800acb0       0xa0 ./Drivers/STM32F4xx_HAL_Driver/Src/stm32f4xx_hal_uart.o
 .text.UART_EndTransmit_IT
                0x000000000800ad50       0x32 ./Drivers/STM32F4xx_HAL_Driver/Src/stm32f4xx_hal_uart.o
 .text.UART_Receive_IT
                0x000000000800ad82      0x17a ./Drivers/STM32F4xx_HAL_Driver/Src/stm32f4xx_hal_uart.o
 .text.UART_SetConfig
                0x000000000800aefc      0x4e8 ./Drivers/STM32F4xx_HAL_Driver/Src/stm32f4xx_hal_uart.o
 .text.__NVIC_SetPriority
                0x000000000800b3e4       0x54 ./Middlewares/Third_Party/FreeRTOS/Source/CMSIS_RTOS_V2/cmsis_os2.o
 .text.SysTick_Handler
                0x000000000800b438       0x20 ./Middlewares/Third_Party/FreeRTOS/Source/CMSIS_RTOS_V2/cmsis_os2.o
                0x000000000800b438                SysTick_Handler
 .text.SVC_Setup
                0x000000000800b458       0x12 ./Middlewares/Third_Party/FreeRTOS/Source/CMSIS_RTOS_V2/cmsis_os2.o
 *fill*         0x000000000800b46a        0x2 
 .text.osKernelInitialize
                0x000000000800b46c       0x48 ./Middlewares/Third_Party/FreeRTOS/Source/CMSIS_RTOS_V2/cmsis_os2.o
                0x000000000800b46c                osKernelInitialize
 .text.osKernelStart
                0x000000000800b4b4       0x4c ./Middlewares/Third_Party/FreeRTOS/Source/CMSIS_RTOS_V2/cmsis_os2.o
                0x000000000800b4b4                osKernelStart
 .text.osThreadNew
                0x000000000800b500      0x126 ./Middlewares/Third_Party/FreeRTOS/Source/CMSIS_RTOS_V2/cmsis_os2.o
                0x000000000800b500                osThreadNew
 *fill*         0x000000000800b626        0x2 
 .text.osThreadYield
                0x000000000800b628       0x40 ./Middlewares/Third_Party/FreeRTOS/Source/CMSIS_RTOS_V2/cmsis_os2.o
                0x000000000800b628                osThreadYield
 .text.osDelay  0x000000000800b668       0x36 ./Middlewares/Third_Party/FreeRTOS/Source/CMSIS_RTOS_V2/cmsis_os2.o
                0x000000000800b668                osDelay
 .text.osMessageQueueNew
                0x000000000800b69e       0xe6 ./Middlewares/Third_Party/FreeRTOS/Source/CMSIS_RTOS_V2/cmsis_os2.o
                0x000000000800b69e                osMessageQueueNew
 .text.osMessageQueuePut
                0x000000000800b784       0xc0 ./Middlewares/Third_Party/FreeRTOS/Source/CMSIS_RTOS_V2/cmsis_os2.o
                0x000000000800b784                osMessageQueuePut
 .text.osMessageQueueGet
                0x000000000800b844       0xbc ./Middlewares/Third_Party/FreeRTOS/Source/CMSIS_RTOS_V2/cmsis_os2.o
                0x000000000800b844                osMessageQueueGet
 .text.osMessageQueueGetCount
                0x000000000800b900       0x40 ./Middlewares/Third_Party/FreeRTOS/Source/CMSIS_RTOS_V2/cmsis_os2.o
                0x000000000800b900                osMessageQueueGetCount
 .text.vApplicationGetIdleTaskMemory
                0x000000000800b940       0x34 ./Middlewares/Third_Party/FreeRTOS/Source/CMSIS_RTOS_V2/cmsis_os2.o
                0x000000000800b940                vApplicationGetIdleTaskMemory
 .text.vApplicationGetTimerTaskMemory
                0x000000000800b974       0x34 ./Middlewares/Third_Party/FreeRTOS/Source/CMSIS_RTOS_V2/cmsis_os2.o
                0x000000000800b974                vApplicationGetTimerTaskMemory
 .text.vListInitialise
                0x000000000800b9a8       0x40 ./Middlewares/Third_Party/FreeRTOS/Source/list.o
                0x000000000800b9a8                vListInitialise
 .text.vListInitialiseItem
                0x000000000800b9e8       0x1a ./Middlewares/Third_Party/FreeRTOS/Source/list.o
                0x000000000800b9e8                vListInitialiseItem
 .text.vListInsertEnd
                0x000000000800ba02       0x48 ./Middlewares/Third_Party/FreeRTOS/Source/list.o
                0x000000000800ba02                vListInsertEnd
 .text.vListInsert
                0x000000000800ba4a       0x72 ./Middlewares/Third_Party/FreeRTOS/Source/list.o
                0x000000000800ba4a                vListInsert
 .text.uxListRemove
                0x000000000800babc       0x54 ./Middlewares/Third_Party/FreeRTOS/Source/list.o
                0x000000000800babc                uxListRemove
 .text.xQueueGenericReset
                0x000000000800bb10       0xb6 ./Middlewares/Third_Party/FreeRTOS/Source/queue.o
                0x000000000800bb10                xQueueGenericReset
 .text.xQueueGenericCreateStatic
                0x000000000800bbc6       0xf0 ./Middlewares/Third_Party/FreeRTOS/Source/queue.o
                0x000000000800bbc6                xQueueGenericCreateStatic
 .text.xQueueGenericCreate
                0x000000000800bcb6       0x74 ./Middlewares/Third_Party/FreeRTOS/Source/queue.o
                0x000000000800bcb6                xQueueGenericCreate
 .text.prvInitialiseNewQueue
                0x000000000800bd2a       0x46 ./Middlewares/Third_Party/FreeRTOS/Source/queue.o
 .text.xQueueGenericSend
                0x000000000800bd70      0x1cc ./Middlewares/Third_Party/FreeRTOS/Source/queue.o
                0x000000000800bd70                xQueueGenericSend
 .text.xQueueGenericSendFromISR
                0x000000000800bf3c      0x136 ./Middlewares/Third_Party/FreeRTOS/Source/queue.o
                0x000000000800bf3c                xQueueGenericSendFromISR
 *fill*         0x000000000800c072        0x2 
 .text.xQueueReceive
                0x000000000800c074      0x1a8 ./Middlewares/Third_Party/FreeRTOS/Source/queue.o
                0x000000000800c074                xQueueReceive
 .text.xQueueReceiveFromISR
                0x000000000800c21c      0x100 ./Middlewares/Third_Party/FreeRTOS/Source/queue.o
                0x000000000800c21c                xQueueReceiveFromISR
 .text.uxQueueMessagesWaiting
                0x000000000800c31c       0x3c ./Middlewares/Third_Party/FreeRTOS/Source/queue.o
                0x000000000800c31c                uxQueueMessagesWaiting
 .text.uxQueueMessagesWaitingFromISR
                0x000000000800c358       0x3c ./Middlewares/Third_Party/FreeRTOS/Source/queue.o
                0x000000000800c358                uxQueueMessagesWaitingFromISR
 .text.prvCopyDataToQueue
                0x000000000800c394       0xd4 ./Middlewares/Third_Party/FreeRTOS/Source/queue.o
 .text.prvCopyDataFromQueue
                0x000000000800c468       0x4c ./Middlewares/Third_Party/FreeRTOS/Source/queue.o
 .text.prvUnlockQueue
                0x000000000800c4b4       0xa4 ./Middlewares/Third_Party/FreeRTOS/Source/queue.o
 .text.prvIsQueueEmpty
                0x000000000800c558       0x2c ./Middlewares/Third_Party/FreeRTOS/Source/queue.o
 .text.prvIsQueueFull
                0x000000000800c584       0x30 ./Middlewares/Third_Party/FreeRTOS/Source/queue.o
 .text.vQueueAddToRegistry
                0x000000000800c5b4       0x54 ./Middlewares/Third_Party/FreeRTOS/Source/queue.o
                0x000000000800c5b4                vQueueAddToRegistry
 .text.vQueueWaitForMessageRestricted
                0x000000000800c608       0x68 ./Middlewares/Third_Party/FreeRTOS/Source/queue.o
                0x000000000800c608                vQueueWaitForMessageRestricted
 .text.xTaskCreateStatic
                0x000000000800c670       0xba ./Middlewares/Third_Party/FreeRTOS/Source/tasks.o
                0x000000000800c670                xTaskCreateStatic
 .text.xTaskCreate
                0x000000000800c72a       0x8a ./Middlewares/Third_Party/FreeRTOS/Source/tasks.o
                0x000000000800c72a                xTaskCreate
 .text.prvInitialiseNewTask
                0x000000000800c7b4      0x14c ./Middlewares/Third_Party/FreeRTOS/Source/tasks.o
 .text.prvAddNewTaskToReadyList
                0x000000000800c900       0xc0 ./Middlewares/Third_Party/FreeRTOS/Source/tasks.o
 .text.vTaskDelay
                0x000000000800c9c0       0x68 ./Middlewares/Third_Party/FreeRTOS/Source/tasks.o
                0x000000000800c9c0                vTaskDelay
 .text.vTaskStartScheduler
                0x000000000800ca28       0xe0 ./Middlewares/Third_Party/FreeRTOS/Source/tasks.o
                0x000000000800ca28                vTaskStartScheduler
 .text.vTaskSuspendAll
                0x000000000800cb08       0x1c ./Middlewares/Third_Party/FreeRTOS/Source/tasks.o
                0x000000000800cb08                vTaskSuspendAll
 .text.xTaskResumeAll
                0x000000000800cb24      0x120 ./Middlewares/Third_Party/FreeRTOS/Source/tasks.o
                0x000000000800cb24                xTaskResumeAll
 .text.xTaskGetTickCount
                0x000000000800cc44       0x20 ./Middlewares/Third_Party/FreeRTOS/Source/tasks.o
                0x000000000800cc44                xTaskGetTickCount
 .text.xTaskIncrementTick
                0x000000000800cc64      0x12c ./Middlewares/Third_Party/FreeRTOS/Source/tasks.o
                0x000000000800cc64                xTaskIncrementTick
 .text.vTaskSwitchContext
                0x000000000800cd90       0xc8 ./Middlewares/Third_Party/FreeRTOS/Source/tasks.o
                0x000000000800cd90                vTaskSwitchContext
 .text.vTaskPlaceOnEventList
                0x000000000800ce58       0x48 ./Middlewares/Third_Party/FreeRTOS/Source/tasks.o
                0x000000000800ce58                vTaskPlaceOnEventList
 .text.vTaskPlaceOnEventListRestricted
                0x000000000800cea0       0x58 ./Middlewares/Third_Party/FreeRTOS/Source/tasks.o
                0x000000000800cea0                vTaskPlaceOnEventListRestricted
 .text.xTaskRemoveFromEventList
                0x000000000800cef8       0xc8 ./Middlewares/Third_Party/FreeRTOS/Source/tasks.o
                0x000000000800cef8                xTaskRemoveFromEventList
 .text.vTaskInternalSetTimeOutState
                0x000000000800cfc0       0x2c ./Middlewares/Third_Party/FreeRTOS/Source/tasks.o
                0x000000000800cfc0                vTaskInternalSetTimeOutState
 .text.xTaskCheckForTimeOut
                0x000000000800cfec       0xc4 ./Middlewares/Third_Party/FreeRTOS/Source/tasks.o
                0x000000000800cfec                xTaskCheckForTimeOut
 .text.vTaskMissedYield
                0x000000000800d0b0       0x18 ./Middlewares/Third_Party/FreeRTOS/Source/tasks.o
                0x000000000800d0b0                vTaskMissedYield
 .text.prvIdleTask
                0x000000000800d0c8       0x24 ./Middlewares/Third_Party/FreeRTOS/Source/tasks.o
 .text.prvInitialiseTaskLists
                0x000000000800d0ec       0x80 ./Middlewares/Third_Party/FreeRTOS/Source/tasks.o
 .text.prvCheckTasksWaitingTermination
                0x000000000800d16c       0x5c ./Middlewares/Third_Party/FreeRTOS/Source/tasks.o
 .text.prvDeleteTCB
                0x000000000800d1c8       0x68 ./Middlewares/Third_Party/FreeRTOS/Source/tasks.o
 .text.prvResetNextTaskUnblockTime
                0x000000000800d230       0x40 ./Middlewares/Third_Party/FreeRTOS/Source/tasks.o
 .text.xTaskGetSchedulerState
                0x000000000800d270       0x3c ./Middlewares/Third_Party/FreeRTOS/Source/tasks.o
                0x000000000800d270                xTaskGetSchedulerState
 .text.xTaskPriorityDisinherit
                0x000000000800d2ac       0xdc ./Middlewares/Third_Party/FreeRTOS/Source/tasks.o
                0x000000000800d2ac                xTaskPriorityDisinherit
 .text.prvAddCurrentTaskToDelayedList
                0x000000000800d388       0xa8 ./Middlewares/Third_Party/FreeRTOS/Source/tasks.o
 .text.xTimerCreateTimerTask
                0x000000000800d430       0x90 ./Middlewares/Third_Party/FreeRTOS/Source/timers.o
                0x000000000800d430                xTimerCreateTimerTask
 .text.xTimerGenericCommand
                0x000000000800d4c0       0x9c ./Middlewares/Third_Party/FreeRTOS/Source/timers.o
                0x000000000800d4c0                xTimerGenericCommand
 .text.prvProcessExpiredTimer
                0x000000000800d55c       0x98 ./Middlewares/Third_Party/FreeRTOS/Source/timers.o
 .text.prvTimerTask
                0x000000000800d5f4       0x24 ./Middlewares/Third_Party/FreeRTOS/Source/timers.o
 .text.prvProcessTimerOrBlockTask
                0x000000000800d618       0x9c ./Middlewares/Third_Party/FreeRTOS/Source/timers.o
 .text.prvGetNextExpireTime
                0x000000000800d6b4       0x48 ./Middlewares/Third_Party/FreeRTOS/Source/timers.o
 .text.prvSampleTimeNow
                0x000000000800d6fc       0x40 ./Middlewares/Third_Party/FreeRTOS/Source/timers.o
 .text.prvInsertTimerInActiveList
                0x000000000800d73c       0x84 ./Middlewares/Third_Party/FreeRTOS/Source/timers.o
 .text.prvProcessReceivedCommands
                0x000000000800d7c0      0x1c4 ./Middlewares/Third_Party/FreeRTOS/Source/timers.o
 .text.prvSwitchTimerLists
                0x000000000800d984       0xc8 ./Middlewares/Third_Party/FreeRTOS/Source/timers.o
 .text.prvCheckForValidListAndQueue
                0x000000000800da4c       0x80 ./Middlewares/Third_Party/FreeRTOS/Source/timers.o
 .text.pxPortInitialiseStack
                0x000000000800dacc       0x68 ./Middlewares/Third_Party/FreeRTOS/Source/portable/GCC/ARM_CM4F/port.o
                0x000000000800dacc                pxPortInitialiseStack
 .text.prvTaskExitError
                0x000000000800db34       0x58 ./Middlewares/Third_Party/FreeRTOS/Source/portable/GCC/ARM_CM4F/port.o
 *fill*         0x000000000800db8c        0x4 
 .text.SVC_Handler
                0x000000000800db90       0x28 ./Middlewares/Third_Party/FreeRTOS/Source/portable/GCC/ARM_CM4F/port.o
                0x000000000800db90                SVC_Handler
 .text.prvPortStartFirstTask
                0x000000000800dbb8       0x28 ./Middlewares/Third_Party/FreeRTOS/Source/portable/GCC/ARM_CM4F/port.o
 .text.xPortStartScheduler
                0x000000000800dbe0      0x144 ./Middlewares/Third_Party/FreeRTOS/Source/portable/GCC/ARM_CM4F/port.o
                0x000000000800dbe0                xPortStartScheduler
 .text.vPortEnterCritical
                0x000000000800dd24       0x60 ./Middlewares/Third_Party/FreeRTOS/Source/portable/GCC/ARM_CM4F/port.o
                0x000000000800dd24                vPortEnterCritical
 .text.vPortExitCritical
                0x000000000800dd84       0x54 ./Middlewares/Third_Party/FreeRTOS/Source/portable/GCC/ARM_CM4F/port.o
                0x000000000800dd84                vPortExitCritical
 *fill*         0x000000000800ddd8        0x8 
 .text.PendSV_Handler
                0x000000000800dde0       0x68 ./Middlewares/Third_Party/FreeRTOS/Source/portable/GCC/ARM_CM4F/port.o
                0x000000000800dde0                PendSV_Handler
 .text.xPortSysTickHandler
                0x000000000800de48       0x44 ./Middlewares/Third_Party/FreeRTOS/Source/portable/GCC/ARM_CM4F/port.o
                0x000000000800de48                xPortSysTickHandler
 .text.vPortSetupTimerInterrupt
                0x000000000800de8c       0x48 ./Middlewares/Third_Party/FreeRTOS/Source/portable/GCC/ARM_CM4F/port.o
                0x000000000800de8c                vPortSetupTimerInterrupt
 .text.vPortEnableVFP
                0x000000000800ded4       0x14 ./Middlewares/Third_Party/FreeRTOS/Source/portable/GCC/ARM_CM4F/port.o
 .text.vPortValidateInterruptPriority
                0x000000000800dee8       0x80 ./Middlewares/Third_Party/FreeRTOS/Source/portable/GCC/ARM_CM4F/port.o
                0x000000000800dee8                vPortValidateInterruptPriority
 .text.pvPortMalloc
                0x000000000800df68      0x198 ./Middlewares/Third_Party/FreeRTOS/Source/portable/MemMang/heap_4.o
                0x000000000800df68                pvPortMalloc
 .text.vPortFree
                0x000000000800e100       0xc4 ./Middlewares/Third_Party/FreeRTOS/Source/portable/MemMang/heap_4.o
                0x000000000800e100                vPortFree
 .text.prvHeapInit
                0x000000000800e1c4       0xc4 ./Middlewares/Third_Party/FreeRTOS/Source/portable/MemMang/heap_4.o
 .text.prvInsertBlockIntoFreeList
                0x000000000800e288       0xb4 ./Middlewares/Third_Party/FreeRTOS/Source/portable/MemMang/heap_4.o
 .text._Znwj    0x000000000800e33c       0x22 c:/st/stm32cubeide_1.11.0/stm32cubeide/plugins/com.st.stm32cube.ide.mcu.externaltools.gnu-tools-for-stm32.10.3-2021.10.win32_1.0.100.202210260954/tools/bin/../lib/gcc/arm-none-eabi/10.3.1/../../../../arm-none-eabi/lib/thumb/v7e-m+fp/hard\libstdc++_nano.a(new_op.o)
                0x000000000800e33c                operator new(unsigned int)
 *fill*         0x000000000800e35e        0x2 
 .text._ZSt15get_new_handlerv
                0x000000000800e360       0x10 c:/st/stm32cubeide_1.11.0/stm32cubeide/plugins/com.st.stm32cube.ide.mcu.externaltools.gnu-tools-for-stm32.10.3-2021.10.win32_1.0.100.202210260954/tools/bin/../lib/gcc/arm-none-eabi/10.3.1/../../../../arm-none-eabi/lib/thumb/v7e-m+fp/hard\libstdc++_nano.a(new_handler.o)
                0x000000000800e360                std::get_new_handler()
 .text.roundf   0x000000000800e370       0x48 c:/st/stm32cubeide_1.11.0/stm32cubeide/plugins/com.st.stm32cube.ide.mcu.externaltools.gnu-tools-for-stm32.10.3-2021.10.win32_1.0.100.202210260954/tools/bin/../lib/gcc/arm-none-eabi/10.3.1/../../../../arm-none-eabi/lib/thumb/v7e-m+fp/hard\libm.a(lib_a-sf_round.o)
                0x000000000800e370                roundf
 .text.atan2    0x000000000800e3b8        0x4 c:/st/stm32cubeide_1.11.0/stm32cubeide/plugins/com.st.stm32cube.ide.mcu.externaltools.gnu-tools-for-stm32.10.3-2021.10.win32_1.0.100.202210260954/tools/bin/../lib/gcc/arm-none-eabi/10.3.1/../../../../arm-none-eabi/lib/thumb/v7e-m+fp/hard\libm.a(lib_a-w_atan2.o)
                0x000000000800e3b8                atan2
 .text.pow      0x000000000800e3bc       0xe0 c:/st/stm32cubeide_1.11.0/stm32cubeide/plugins/com.st.stm32cube.ide.mcu.externaltools.gnu-tools-for-stm32.10.3-2021.10.win32_1.0.100.202210260954/tools/bin/../lib/gcc/arm-none-eabi/10.3.1/../../../../arm-none-eabi/lib/thumb/v7e-m+fp/hard\libm.a(lib_a-w_pow.o)
                0x000000000800e3bc                pow
 .text.sqrt     0x000000000800e49c       0x58 c:/st/stm32cubeide_1.11.0/stm32cubeide/plugins/com.st.stm32cube.ide.mcu.externaltools.gnu-tools-for-stm32.10.3-2021.10.win32_1.0.100.202210260954/tools/bin/../lib/gcc/arm-none-eabi/10.3.1/../../../../arm-none-eabi/lib/thumb/v7e-m+fp/hard\libm.a(lib_a-w_sqrt.o)
                0x000000000800e49c                sqrt
 *fill*         0x000000000800e4f4        0x4 
 .text.__ieee754_atan2
                0x000000000800e4f8      0x194 c:/st/stm32cubeide_1.11.0/stm32cubeide/plugins/com.st.stm32cube.ide.mcu.externaltools.gnu-tools-for-stm32.10.3-2021.10.win32_1.0.100.202210260954/tools/bin/../lib/gcc/arm-none-eabi/10.3.1/../../../../arm-none-eabi/lib/thumb/v7e-m+fp/hard\libm.a(lib_a-e_atan2.o)
                0x000000000800e4f8                __ieee754_atan2
 *fill*         0x000000000800e68c        0x4 
 .text.__ieee754_pow
                0x000000000800e690      0xa5c c:/st/stm32cubeide_1.11.0/stm32cubeide/plugins/com.st.stm32cube.ide.mcu.externaltools.gnu-tools-for-stm32.10.3-2021.10.win32_1.0.100.202210260954/tools/bin/../lib/gcc/arm-none-eabi/10.3.1/../../../../arm-none-eabi/lib/thumb/v7e-m+fp/hard\libm.a(lib_a-e_pow.o)
                0x000000000800e690                __ieee754_pow
 .text.__ieee754_sqrt
                0x000000000800f0ec      0x164 c:/st/stm32cubeide_1.11.0/stm32cubeide/plugins/com.st.stm32cube.ide.mcu.externaltools.gnu-tools-for-stm32.10.3-2021.10.win32_1.0.100.202210260954/tools/bin/../lib/gcc/arm-none-eabi/10.3.1/../../../../arm-none-eabi/lib/thumb/v7e-m+fp/hard\libm.a(lib_a-e_sqrt.o)
                0x000000000800f0ec                __ieee754_sqrt
 .text.with_errno
                0x000000000800f250       0x14 c:/st/stm32cubeide_1.11.0/stm32cubeide/plugins/com.st.stm32cube.ide.mcu.externaltools.gnu-tools-for-stm32.10.3-2021.10.win32_1.0.100.202210260954/tools/bin/../lib/gcc/arm-none-eabi/10.3.1/../../../../arm-none-eabi/lib/thumb/v7e-m+fp/hard\libm.a(lib_a-math_err.o)
 .text.xflow    0x000000000800f264       0x28 c:/st/stm32cubeide_1.11.0/stm32cubeide/plugins/com.st.stm32cube.ide.mcu.externaltools.gnu-tools-for-stm32.10.3-2021.10.win32_1.0.100.202210260954/tools/bin/../lib/gcc/arm-none-eabi/10.3.1/../../../../arm-none-eabi/lib/thumb/v7e-m+fp/hard\libm.a(lib_a-math_err.o)
 .text.__math_uflow
                0x000000000800f28c       0x12 c:/st/stm32cubeide_1.11.0/stm32cubeide/plugins/com.st.stm32cube.ide.mcu.externaltools.gnu-tools-for-stm32.10.3-2021.10.win32_1.0.100.202210260954/tools/bin/../lib/gcc/arm-none-eabi/10.3.1/../../../../arm-none-eabi/lib/thumb/v7e-m+fp/hard\libm.a(lib_a-math_err.o)
                0x000000000800f28c                __math_uflow
 .text.__math_oflow
                0x000000000800f29e       0x12 c:/st/stm32cubeide_1.11.0/stm32cubeide/plugins/com.st.stm32cube.ide.mcu.externaltools.gnu-tools-for-stm32.10.3-2021.10.win32_1.0.100.202210260954/tools/bin/../lib/gcc/arm-none-eabi/10.3.1/../../../../arm-none-eabi/lib/thumb/v7e-m+fp/hard\libm.a(lib_a-math_err.o)
                0x000000000800f29e                __math_oflow
 .text.atan     0x000000000800f2b0      0x340 c:/st/stm32cubeide_1.11.0/stm32cubeide/plugins/com.st.stm32cube.ide.mcu.externaltools.gnu-tools-for-stm32.10.3-2021.10.win32_1.0.100.202210260954/tools/bin/../lib/gcc/arm-none-eabi/10.3.1/../../../../arm-none-eabi/lib/thumb/v7e-m+fp/hard\libm.a(lib_a-s_atan.o)
                0x000000000800f2b0                atan
 .text.fabs     0x000000000800f5f0       0x12 c:/st/stm32cubeide_1.11.0/stm32cubeide/plugins/com.st.stm32cube.ide.mcu.externaltools.gnu-tools-for-stm32.10.3-2021.10.win32_1.0.100.202210260954/tools/bin/../lib/gcc/arm-none-eabi/10.3.1/../../../../arm-none-eabi/lib/thumb/v7e-m+fp/hard\libm.a(lib_a-s_fabs.o)
                0x000000000800f5f0                fabs
 .text.finite   0x000000000800f602       0x16 c:/st/stm32cubeide_1.11.0/stm32cubeide/plugins/com.st.stm32cube.ide.mcu.externaltools.gnu-tools-for-stm32.10.3-2021.10.win32_1.0.100.202210260954/tools/bin/../lib/gcc/arm-none-eabi/10.3.1/../../../../arm-none-eabi/lib/thumb/v7e-m+fp/hard\libm.a(lib_a-s_finite.o)
                0x000000000800f602                finite
 .text.scalbn   0x000000000800f618      0x10c c:/st/stm32cubeide_1.11.0/stm32cubeide/plugins/com.st.stm32cube.ide.mcu.externaltools.gnu-tools-for-stm32.10.3-2021.10.win32_1.0.100.202210260954/tools/bin/../lib/gcc/arm-none-eabi/10.3.1/../../../../arm-none-eabi/lib/thumb/v7e-m+fp/hard\libm.a(lib_a-s_scalbn.o)
                0x000000000800f618                scalbn
 .text.abort    0x000000000800f724        0xe c:/st/stm32cubeide_1.11.0/stm32cubeide/plugins/com.st.stm32cube.ide.mcu.externaltools.gnu-tools-for-stm32.10.3-2021.10.win32_1.0.100.202210260954/tools/bin/../lib/gcc/arm-none-eabi/10.3.1/../../../../arm-none-eabi/lib/thumb/v7e-m+fp/hard\libc_nano.a(lib_a-abort.o)
                0x000000000800f724                abort
 *fill*         0x000000000800f732        0x2 
 .text.__errno  0x000000000800f734        0xc c:/st/stm32cubeide_1.11.0/stm32cubeide/plugins/com.st.stm32cube.ide.mcu.externaltools.gnu-tools-for-stm32.10.3-2021.10.win32_1.0.100.202210260954/tools/bin/../lib/gcc/arm-none-eabi/10.3.1/../../../../arm-none-eabi/lib/thumb/v7e-m+fp/hard\libc_nano.a(lib_a-errno.o)
                0x000000000800f734                __errno
 .text.std      0x000000000800f740       0x48 c:/st/stm32cubeide_1.11.0/stm32cubeide/plugins/com.st.stm32cube.ide.mcu.externaltools.gnu-tools-for-stm32.10.3-2021.10.win32_1.0.100.202210260954/tools/bin/../lib/gcc/arm-none-eabi/10.3.1/../../../../arm-none-eabi/lib/thumb/v7e-m+fp/hard\libc_nano.a(lib_a-findfp.o)
 .text._cleanup_r
                0x000000000800f788        0xc c:/st/stm32cubeide_1.11.0/stm32cubeide/plugins/com.st.stm32cube.ide.mcu.externaltools.gnu-tools-for-stm32.10.3-2021.10.win32_1.0.100.202210260954/tools/bin/../lib/gcc/arm-none-eabi/10.3.1/../../../../arm-none-eabi/lib/thumb/v7e-m+fp/hard\libc_nano.a(lib_a-findfp.o)
                0x000000000800f788                _cleanup_r
 .text.__sfmoreglue
                0x000000000800f794       0x2c c:/st/stm32cubeide_1.11.0/stm32cubeide/plugins/com.st.stm32cube.ide.mcu.externaltools.gnu-tools-for-stm32.10.3-2021.10.win32_1.0.100.202210260954/tools/bin/../lib/gcc/arm-none-eabi/10.3.1/../../../../arm-none-eabi/lib/thumb/v7e-m+fp/hard\libc_nano.a(lib_a-findfp.o)
                0x000000000800f794                __sfmoreglue
 .text.__sfp_lock_acquire
                0x000000000800f7c0        0xc c:/st/stm32cubeide_1.11.0/stm32cubeide/plugins/com.st.stm32cube.ide.mcu.externaltools.gnu-tools-for-stm32.10.3-2021.10.win32_1.0.100.202210260954/tools/bin/../lib/gcc/arm-none-eabi/10.3.1/../../../../arm-none-eabi/lib/thumb/v7e-m+fp/hard\libc_nano.a(lib_a-findfp.o)
                0x000000000800f7c0                __sfp_lock_acquire
 .text.__sfp_lock_release
                0x000000000800f7cc        0xc c:/st/stm32cubeide_1.11.0/stm32cubeide/plugins/com.st.stm32cube.ide.mcu.externaltools.gnu-tools-for-stm32.10.3-2021.10.win32_1.0.100.202210260954/tools/bin/../lib/gcc/arm-none-eabi/10.3.1/../../../../arm-none-eabi/lib/thumb/v7e-m+fp/hard\libc_nano.a(lib_a-findfp.o)
                0x000000000800f7cc                __sfp_lock_release
 .text.__sinit_lock_acquire
                0x000000000800f7d8        0xc c:/st/stm32cubeide_1.11.0/stm32cubeide/plugins/com.st.stm32cube.ide.mcu.externaltools.gnu-tools-for-stm32.10.3-2021.10.win32_1.0.100.202210260954/tools/bin/../lib/gcc/arm-none-eabi/10.3.1/../../../../arm-none-eabi/lib/thumb/v7e-m+fp/hard\libc_nano.a(lib_a-findfp.o)
                0x000000000800f7d8                __sinit_lock_acquire
 .text.__sinit_lock_release
                0x000000000800f7e4        0xc c:/st/stm32cubeide_1.11.0/stm32cubeide/plugins/com.st.stm32cube.ide.mcu.externaltools.gnu-tools-for-stm32.10.3-2021.10.win32_1.0.100.202210260954/tools/bin/../lib/gcc/arm-none-eabi/10.3.1/../../../../arm-none-eabi/lib/thumb/v7e-m+fp/hard\libc_nano.a(lib_a-findfp.o)
                0x000000000800f7e4                __sinit_lock_release
 .text.__sinit  0x000000000800f7f0       0x70 c:/st/stm32cubeide_1.11.0/stm32cubeide/plugins/com.st.stm32cube.ide.mcu.externaltools.gnu-tools-for-stm32.10.3-2021.10.win32_1.0.100.202210260954/tools/bin/../lib/gcc/arm-none-eabi/10.3.1/../../../../arm-none-eabi/lib/thumb/v7e-m+fp/hard\libc_nano.a(lib_a-findfp.o)
                0x000000000800f7f0                __sinit
 .text.__sfp    0x000000000800f860       0x8c c:/st/stm32cubeide_1.11.0/stm32cubeide/plugins/com.st.stm32cube.ide.mcu.externaltools.gnu-tools-for-stm32.10.3-2021.10.win32_1.0.100.202210260954/tools/bin/../lib/gcc/arm-none-eabi/10.3.1/../../../../arm-none-eabi/lib/thumb/v7e-m+fp/hard\libc_nano.a(lib_a-findfp.o)
                0x000000000800f860                __sfp
 .text._fwalk_reent
                0x000000000800f8ec       0x3e c:/st/stm32cubeide_1.11.0/stm32cubeide/plugins/com.st.stm32cube.ide.mcu.externaltools.gnu-tools-for-stm32.10.3-2021.10.win32_1.0.100.202210260954/tools/bin/../lib/gcc/arm-none-eabi/10.3.1/../../../../arm-none-eabi/lib/thumb/v7e-m+fp/hard\libc_nano.a(lib_a-fwalk.o)
                0x000000000800f8ec                _fwalk_reent
 *fill*         0x000000000800f92a        0x2 
 .text.__libc_init_array
                0x000000000800f92c       0x48 c:/st/stm32cubeide_1.11.0/stm32cubeide/plugins/com.st.stm32cube.ide.mcu.externaltools.gnu-tools-for-stm32.10.3-2021.10.win32_1.0.100.202210260954/tools/bin/../lib/gcc/arm-none-eabi/10.3.1/../../../../arm-none-eabi/lib/thumb/v7e-m+fp/hard\libc_nano.a(lib_a-init.o)
                0x000000000800f92c                __libc_init_array
 .text.malloc   0x000000000800f974       0x10 c:/st/stm32cubeide_1.11.0/stm32cubeide/plugins/com.st.stm32cube.ide.mcu.externaltools.gnu-tools-for-stm32.10.3-2021.10.win32_1.0.100.202210260954/tools/bin/../lib/gcc/arm-none-eabi/10.3.1/../../../../arm-none-eabi/lib/thumb/v7e-m+fp/hard\libc_nano.a(lib_a-malloc.o)
                0x000000000800f974                malloc
 .text.memcpy   0x000000000800f984       0x1c c:/st/stm32cubeide_1.11.0/stm32cubeide/plugins/com.st.stm32cube.ide.mcu.externaltools.gnu-tools-for-stm32.10.3-2021.10.win32_1.0.100.202210260954/tools/bin/../lib/gcc/arm-none-eabi/10.3.1/../../../../arm-none-eabi/lib/thumb/v7e-m+fp/hard\libc_nano.a(lib_a-memcpy-stub.o)
                0x000000000800f984                memcpy
 .text.memset   0x000000000800f9a0       0x10 c:/st/stm32cubeide_1.11.0/stm32cubeide/plugins/com.st.stm32cube.ide.mcu.externaltools.gnu-tools-for-stm32.10.3-2021.10.win32_1.0.100.202210260954/tools/bin/../lib/gcc/arm-none-eabi/10.3.1/../../../../arm-none-eabi/lib/thumb/v7e-m+fp/hard\libc_nano.a(lib_a-memset.o)
                0x000000000800f9a0                memset
 .text._free_r  0x000000000800f9b0       0x98 c:/st/stm32cubeide_1.11.0/stm32cubeide/plugins/com.st.stm32cube.ide.mcu.externaltools.gnu-tools-for-stm32.10.3-2021.10.win32_1.0.100.202210260954/tools/bin/../lib/gcc/arm-none-eabi/10.3.1/../../../../arm-none-eabi/lib/thumb/v7e-m+fp/hard\libc_nano.a(lib_a-nano-freer.o)
                0x000000000800f9b0                _free_r
 .text.sbrk_aligned
                0x000000000800fa48       0x40 c:/st/stm32cubeide_1.11.0/stm32cubeide/plugins/com.st.stm32cube.ide.mcu.externaltools.gnu-tools-for-stm32.10.3-2021.10.win32_1.0.100.202210260954/tools/bin/../lib/gcc/arm-none-eabi/10.3.1/../../../../arm-none-eabi/lib/thumb/v7e-m+fp/hard\libc_nano.a(lib_a-nano-mallocr.o)
 .text._malloc_r
                0x000000000800fa88       0xe8 c:/st/stm32cubeide_1.11.0/stm32cubeide/plugins/com.st.stm32cube.ide.mcu.externaltools.gnu-tools-for-stm32.10.3-2021.10.win32_1.0.100.202210260954/tools/bin/../lib/gcc/arm-none-eabi/10.3.1/../../../../arm-none-eabi/lib/thumb/v7e-m+fp/hard\libc_nano.a(lib_a-nano-mallocr.o)
                0x000000000800fa88                _malloc_r
 .text.__cvt    0x000000000800fb70       0xc4 c:/st/stm32cubeide_1.11.0/stm32cubeide/plugins/com.st.stm32cube.ide.mcu.externaltools.gnu-tools-for-stm32.10.3-2021.10.win32_1.0.100.202210260954/tools/bin/../lib/gcc/arm-none-eabi/10.3.1/../../../../arm-none-eabi/lib/thumb/v7e-m+fp/hard\libc_nano.a(lib_a-nano-vfprintf_float.o)
                0x000000000800fb70                __cvt
 .text.__exponent
                0x000000000800fc34       0x7c c:/st/stm32cubeide_1.11.0/stm32cubeide/plugins/com.st.stm32cube.ide.mcu.externaltools.gnu-tools-for-stm32.10.3-2021.10.win32_1.0.100.202210260954/tools/bin/../lib/gcc/arm-none-eabi/10.3.1/../../../../arm-none-eabi/lib/thumb/v7e-m+fp/hard\libc_nano.a(lib_a-nano-vfprintf_float.o)
                0x000000000800fc34                __exponent
 .text._printf_float
                0x000000000800fcb0      0x46c c:/st/stm32cubeide_1.11.0/stm32cubeide/plugins/com.st.stm32cube.ide.mcu.externaltools.gnu-tools-for-stm32.10.3-2021.10.win32_1.0.100.202210260954/tools/bin/../lib/gcc/arm-none-eabi/10.3.1/../../../../arm-none-eabi/lib/thumb/v7e-m+fp/hard\libc_nano.a(lib_a-nano-vfprintf_float.o)
                0x000000000800fcb0                _printf_float
 .text._printf_common
                0x000000000801011c       0xda c:/st/stm32cubeide_1.11.0/stm32cubeide/plugins/com.st.stm32cube.ide.mcu.externaltools.gnu-tools-for-stm32.10.3-2021.10.win32_1.0.100.202210260954/tools/bin/../lib/gcc/arm-none-eabi/10.3.1/../../../../arm-none-eabi/lib/thumb/v7e-m+fp/hard\libc_nano.a(lib_a-nano-vfprintf_i.o)
                0x000000000801011c                _printf_common
 *fill*         0x00000000080101f6        0x2 
 .text._printf_i
                0x00000000080101f8      0x24c c:/st/stm32cubeide_1.11.0/stm32cubeide/plugins/com.st.stm32cube.ide.mcu.externaltools.gnu-tools-for-stm32.10.3-2021.10.win32_1.0.100.202210260954/tools/bin/../lib/gcc/arm-none-eabi/10.3.1/../../../../arm-none-eabi/lib/thumb/v7e-m+fp/hard\libc_nano.a(lib_a-nano-vfprintf_i.o)
                0x00000000080101f8                _printf_i
 .text.printf   0x0000000008010444       0x30 c:/st/stm32cubeide_1.11.0/stm32cubeide/plugins/com.st.stm32cube.ide.mcu.externaltools.gnu-tools-for-stm32.10.3-2021.10.win32_1.0.100.202210260954/tools/bin/../lib/gcc/arm-none-eabi/10.3.1/../../../../arm-none-eabi/lib/thumb/v7e-m+fp/hard\libc_nano.a(lib_a-printf.o)
                0x0000000008010444                iprintf
                0x0000000008010444                printf
 .text.putchar  0x0000000008010474       0x2c c:/st/stm32cubeide_1.11.0/stm32cubeide/plugins/com.st.stm32cube.ide.mcu.externaltools.gnu-tools-for-stm32.10.3-2021.10.win32_1.0.100.202210260954/tools/bin/../lib/gcc/arm-none-eabi/10.3.1/../../../../arm-none-eabi/lib/thumb/v7e-m+fp/hard\libc_nano.a(lib_a-putchar.o)
                0x0000000008010474                putchar
 .text._puts_r  0x00000000080104a0       0xdc c:/st/stm32cubeide_1.11.0/stm32cubeide/plugins/com.st.stm32cube.ide.mcu.externaltools.gnu-tools-for-stm32.10.3-2021.10.win32_1.0.100.202210260954/tools/bin/../lib/gcc/arm-none-eabi/10.3.1/../../../../arm-none-eabi/lib/thumb/v7e-m+fp/hard\libc_nano.a(lib_a-puts.o)
                0x00000000080104a0                _puts_r
 .text.puts     0x000000000801057c       0x10 c:/st/stm32cubeide_1.11.0/stm32cubeide/plugins/com.st.stm32cube.ide.mcu.externaltools.gnu-tools-for-stm32.10.3-2021.10.win32_1.0.100.202210260954/tools/bin/../lib/gcc/arm-none-eabi/10.3.1/../../../../arm-none-eabi/lib/thumb/v7e-m+fp/hard\libc_nano.a(lib_a-puts.o)
                0x000000000801057c                puts
 .text.cleanup_glue
                0x000000000801058c       0x1a c:/st/stm32cubeide_1.11.0/stm32cubeide/plugins/com.st.stm32cube.ide.mcu.externaltools.gnu-tools-for-stm32.10.3-2021.10.win32_1.0.100.202210260954/tools/bin/../lib/gcc/arm-none-eabi/10.3.1/../../../../arm-none-eabi/lib/thumb/v7e-m+fp/hard\libc_nano.a(lib_a-reent.o)
                0x000000000801058c                cleanup_glue
 *fill*         0x00000000080105a6        0x2 
 .text._reclaim_reent
                0x00000000080105a8       0xb8 c:/st/stm32cubeide_1.11.0/stm32cubeide/plugins/com.st.stm32cube.ide.mcu.externaltools.gnu-tools-for-stm32.10.3-2021.10.win32_1.0.100.202210260954/tools/bin/../lib/gcc/arm-none-eabi/10.3.1/../../../../arm-none-eabi/lib/thumb/v7e-m+fp/hard\libc_nano.a(lib_a-reent.o)
                0x00000000080105a8                _reclaim_reent
 .text._sbrk_r  0x0000000008010660       0x20 c:/st/stm32cubeide_1.11.0/stm32cubeide/plugins/com.st.stm32cube.ide.mcu.externaltools.gnu-tools-for-stm32.10.3-2021.10.win32_1.0.100.202210260954/tools/bin/../lib/gcc/arm-none-eabi/10.3.1/../../../../arm-none-eabi/lib/thumb/v7e-m+fp/hard\libc_nano.a(lib_a-sbrkr.o)
                0x0000000008010660                _sbrk_r
 .text._raise_r
                0x0000000008010680       0x50 c:/st/stm32cubeide_1.11.0/stm32cubeide/plugins/com.st.stm32cube.ide.mcu.externaltools.gnu-tools-for-stm32.10.3-2021.10.win32_1.0.100.202210260954/tools/bin/../lib/gcc/arm-none-eabi/10.3.1/../../../../arm-none-eabi/lib/thumb/v7e-m+fp/hard\libc_nano.a(lib_a-signal.o)
                0x0000000008010680                _raise_r
 .text.raise    0x00000000080106d0       0x10 c:/st/stm32cubeide_1.11.0/stm32cubeide/plugins/com.st.stm32cube.ide.mcu.externaltools.gnu-tools-for-stm32.10.3-2021.10.win32_1.0.100.202210260954/tools/bin/../lib/gcc/arm-none-eabi/10.3.1/../../../../arm-none-eabi/lib/thumb/v7e-m+fp/hard\libc_nano.a(lib_a-signal.o)
                0x00000000080106d0                raise