../Core/Inc/app_parser.h:94:14:static void AppParser::Processor::signalObstruction()	4	static
../Core/Inc/app_parser.h:95:14:static void AppParser::Processor::signalNoObstruction()	4	static
../Core/Inc/app_motion.h:105:2:AppMotion::MotionController::~MotionController()	16	static
../Core/Src/app_main.cpp:18:6:void HAL_GPIO_EXTI_Callback(uint16_t)	16	static
../Core/Src/app_main.cpp:49:6:void HAL_UART_RxCpltCallback(UART_HandleTypeDef*)	16	static
../Core/Src/app_main.cpp:59:6:void initializeCPPconstructs()	8	static
../Core/Src/app_main.cpp:76:6:void sensorTask(void*)	176	static
../Core/Src/app_main.cpp:178:6:void quaternionUpdate(float, float, float, float, float, float, float)	152	static
../Core/Src/app_main.cpp:245:1:void __static_initialization_and_destruction_0(int, int)	16	static
../Core/Src/app_main.cpp:245:1:cpp)	8	static
../Core/Src/app_main.cpp:245:1:cpp)	8	static
