../Core/Inc/app_motion.h:111:15:static float AppMotion::MotionController::map(float, float, float, float, float)	32	static
../Core/Src/app_motion.cpp:29:1:AppMotion::MotionController::MotionController(u_ctx*)	16	static
../Core/Src/app_motion.cpp:35:6:void AppMotion::MotionController::start()	72	static
../Core/Src/app_motion.cpp:62:6:static void AppMotion::MotionController::motionTask(void*)	72	static
../Core/Src/app_motion.cpp:120:6:void AppMotion::MotionController::move(bool, uint32_t, uint32_t)	128	static
../Core/Src/app_motion.cpp:184:6:void AppMotion::MotionController::turn(bool, bool, uint32_t)	104	static
../Core/Src/app_motion.cpp:259:6:void AppMotion::MotionController::emergencyStop()	16	static
../Core/Src/app_motion.cpp:263:1:AppMotion::Servo::Servo(TIM_HandleTypeDef*, uint32_t, uint32_t, uint32_t, uint32_t)	24	static
../Core/Src/app_motion.cpp:273:6:void AppMotion::Servo::turnLeft()	16	static
../Core/Src/app_motion.cpp:278:6:void AppMotion::Servo::turnRight()	16	static
../Core/Src/app_motion.cpp:283:6:void AppMotion::Servo::turnFront()	16	static
../Core/Src/app_motion.cpp:288:1:AppMotion::Motor::Motor(TIM_HandleTypeDef*, uint32_t, GPIO_TypeDef*, GPIO_TypeDef*, uint16_t, uint16_t, uint32_t)	24	static
../Core/Src/app_motion.cpp:303:6:bool AppMotion::Motor::setSpeed(uint32_t)	24	static
../Core/Src/app_motion.cpp:311:6:bool AppMotion::Motor::_setDutyCycleVal(uint32_t)	16	static
../Core/Src/app_motion.cpp:318:6:void AppMotion::Motor::halt()	16	static
../Core/Src/app_motion.cpp:322:6:void AppMotion::Motor::setForward()	16	static
../Core/Src/app_motion.cpp:327:6:void AppMotion::Motor::setBackward()	16	static
../Core/Src/app_motion.cpp:332:1:AppMotion::Encoder::Encoder(TIM_HandleTypeDef*, uint32_t)	24	static
../Core/Src/app_motion.cpp:340:10:uint32_t AppMotion::Encoder::getCount()	16	static
../Core/Src/app_motion.cpp:344:10:uint32_t AppMotion::Encoder::getDelta(uint32_t, uint32_t)	24	static
../Core/Inc/app_motion.h:114:35:static int AppMotion::MotionController::sgn(T) [with T = float]	16	static
