../Core/Src/main.c:85:1:__io_putchar	16	static
../Core/Src/main.c:122:5:main	8	static
../Core/Src/main.c:212:6:SystemClock_Config	88	static
../Core/Src/main.c:254:13:MX_I2C1_Init	8	static
../Core/Src/main.c:288:13:MX_TIM1_Init	96	static
../Core/Src/main.c:363:13:MX_TIM2_Init	56	static
../Core/Src/main.c:412:13:MX_TIM3_Init	56	static
../Core/Src/main.c:461:13:MX_TIM8_Init	96	static
../Core/Src/main.c:539:13:MX_USART3_UART_Init	8	static
../Core/Src/main.c:570:13:MX_DMA_Init	16	static
../Core/Src/main.c:591:13:MX_GPIO_Init	48	static
../Core/Src/main.c:642:6:StartDefaultTask	16	static
../Core/Src/main.c:664:6:HAL_TIM_PeriodElapsedCallback	16	static
../Core/Src/main.c:681:6:Error_Handler	4	static,ignoring_inline_asm
