../Core/Src/main.c:81:1:__io_putchar	16	static
../Core/Src/main.c:116:5:main	8	static
../Core/Src/main.c:208:6:SystemClock_Config	88	static
../Core/Src/main.c:250:13:MX_I2C1_Init	8	static
../Core/Src/main.c:284:13:MX_TIM1_Init	96	static
../Core/Src/main.c:359:13:MX_TIM2_Init	56	static
../Core/Src/main.c:408:13:MX_TIM3_Init	56	static
../Core/Src/main.c:457:13:MX_TIM8_Init	96	static
../Core/Src/main.c:535:13:MX_USART3_UART_Init	8	static
../Core/Src/main.c:566:13:MX_DMA_Init	16	static
../Core/Src/main.c:587:13:MX_GPIO_Init	48	static
../Core/Src/main.c:649:6:StartDefaultTask	16	static
../Core/Src/main.c:670:6:HAL_TIM_PeriodElapsedCallback	16	static
../Core/Src/main.c:687:6:Error_Handler	4	static,ignoring_inline_asm
